W/PackageManager(   60): Unknown permission com.google.android.googleapps.permission.ACCESS_GOOGLE_PASSWORD in package com.android.development
W/PackageManager(   60): Unknown permission com.google.android.googleapps.permission.GOOGLE_AUTH in package com.android.development
W/PackageManager(   60): Unknown permission com.google.android.googleapps.permission.GOOGLE_AUTH.ALL_SERVICES in package com.android.development
W/PackageManager(   60): Unknown permission com.google.android.googleapps.permission.GOOGLE_AUTH.YouTubeUser in package com.android.development
D/dalvikvm(  119): GC_EXTERNAL_ALLOC freed 3989 objects / 218376 bytes in 161ms
D/PackageParser(   60): Scanning package: /data/app/vmdl47782.tmp
I/Launcher.Model(  119): not binding apps: no Launcher activity
D/dalvikvm(  119): GC_EXPLICIT freed 1659 objects / 83272 bytes in 155ms
D/dalvikvm(   60): GC_FOR_MALLOC freed 9987 objects / 660920 bytes in 354ms
D/dalvikvm(  119): GC_FOR_MALLOC freed 9272 objects / 459856 bytes in 107ms
D/dalvikvm(  119): GC_EXPLICIT freed 1167 objects / 54864 bytes in 169ms
I/PackageManager(   60): Removing non-system package:com.rhomobile.newgithubclient
I/ActivityManager(   60): Force stopping package com.rhomobile.newgithubclient uid=10039
D/PackageManager(   60): Scanning package com.rhomobile.newgithubclient
I/PackageManager(   60): Package com.rhomobile.newgithubclient codePath changed from /data/app/com.rhomobile.newgithubclient-1.apk to /data/app/com.rhomobile.newgithubclient-2.apk; Retaining data and using new
I/PackageManager(   60): /data/app/com.rhomobile.newgithubclient-2.apk changed; unpacking
D/PackageManager(   60): Caching shared lib lib/armeabi/librhodes.so
D/installd(   35): DexInv: --- BEGIN '/data/app/com.rhomobile.newgithubclient-2.apk' ---
D/dalvikvm(  263): DexOpt: load 321ms, verify 833ms, opt 37ms
D/installd(   35): DexInv: --- END '/data/app/com.rhomobile.newgithubclient-2.apk' (success) ---
W/PackageManager(   60): Code path for pkg : com.rhomobile.newgithubclient changing from /data/app/com.rhomobile.newgithubclient-1.apk to /data/app/com.rhomobile.newgithubclient-2.apk
W/PackageManager(   60): Resource path for pkg : com.rhomobile.newgithubclient changing from /data/app/com.rhomobile.newgithubclient-1.apk to /data/app/com.rhomobile.newgithubclient-2.apk
I/ActivityManager(   60): Force stopping package com.rhomobile.newgithubclient uid=10039
D/PackageManager(   60): Registered content provider: com.rhomobile.newgithubclient, className = com.rhomobile.rhodes.LocalFileProvider, isSyncable = false
D/PackageManager(   60):   Providers: com.rhomobile.rhodes.LocalFileProvider
D/PackageManager(   60):   Services: com.rhomobile.rhodes.RhodesService
D/PackageManager(   60):   Activities: com.rhomobile.rhodes.RhodesActivity com.rhomobile.rhodes.alert.PopupActivity com.rhomobile.rhodes.camera.FileList com.rhomobile.rhodes.camera.ImageCapture com.rhomobile.rhodes.signature.ImageCapture com.rhomobile.rhodes.datetime.DateTimePickerScreen com.rhomobile.rhodes.mapview.MapView com.rhomobile.rhodes.mapview.GoogleMapView com.rhomobile.rhodes.bluetooth.RhoBluetoothDeviceListActivity
D/dalvikvm(   60): GC_FOR_MALLOC freed 15796 objects / 787776 bytes in 155ms
I/installd(   35): move /data/dalvik-cache/data@app@com.rhomobile.newgithubclient-2.apk@classes.dex -> /data/dalvik-cache/data@app@com.rhomobile.newgithubclient-2.apk@classes.dex
D/PackageManager(   60): New package installed in /data/app/com.rhomobile.newgithubclient-2.apk
I/ActivityManager(   60): Force stopping package com.rhomobile.newgithubclient uid=10039
D/dalvikvm(  119): GC_EXPLICIT freed 44 objects / 1896 bytes in 103ms
I/ActivityManager(   60): Start proc com.svox.pico for broadcast com.svox.pico/.VoiceDataInstallerReceiver: pid=265 uid=10028 gids={}
W/RecognitionManagerService(   60): no available voice recognition services found
D/dalvikvm(  158): GC_EXPLICIT freed 4281 objects / 259448 bytes in 963ms
D/dalvikvm(   60): GC_EXPLICIT freed 12481 objects / 706184 bytes in 344ms
I/ActivityThread(  265): Publishing provider com.svox.pico.providers.SettingsProvider: com.svox.pico.providers.SettingsProvider
I/installd(   35): unlink /data/dalvik-cache/data@app@com.rhomobile.newgithubclient-1.apk@classes.dex
D/AndroidRuntime(  189): Shutting down VM
D/jdwp    (  189): adbd disconnected
I/AndroidRuntime(  189): NOTE: attach of thread 'Binder Thread #3' failed
D/AndroidRuntime(  275): 
D/AndroidRuntime(  275): >>>>>>>>>>>>>> AndroidRuntime START <<<<<<<<<<<<<<
D/AndroidRuntime(  275): CheckJNI is ON
D/AndroidRuntime(  275): --- registering native functions ---
I/ActivityManager(   60): Starting activity: Intent { act=android.intent.action.MAIN flg=0x10000000 cmp=com.rhomobile.newgithubclient/com.rhomobile.rhodes.RhodesActivity }
D/AndroidRuntime(  275): Shutting down VM
D/jdwp    (  275): adbd disconnected
I/AndroidRuntime(  275): NOTE: attach of thread 'Binder Thread #3' failed
I/ActivityManager(   60): Start proc com.rhomobile.newgithubclient for activity com.rhomobile.newgithubclient/com.rhomobile.rhodes.RhodesActivity: pid=282 uid=10039 gids={3003}
D/dalvikvm(  282): Trying to load lib /data/data/com.rhomobile.newgithubclient/lib/librhodes.so 0x44edee20
D/dalvikvm(  282): Added shared lib /data/data/com.rhomobile.newgithubclient/lib/librhodes.so 0x44edee20
I/ActivityThread(  282): Publishing provider com.rhomobile.newgithubclient: com.rhomobile.rhodes.LocalFileProvider
I/RhodesActivity(  282): >>>>>>>>>>>>>>> onCreate()
D/RhodesActivity(  282): RhodesActivity.onStart()
D/RhodesActivity(  282): RhodesActivity.onResume()
D/RhodesService(  282): Root path: /data/data/com.rhomobile.newgithubclient/rhodata/
D/RhodesService(  282): Sqlite journals path: /data/data/com.rhomobile.newgithubclient/sqlite_stmt_journals/
I/global  (  282): Default buffer size used in BufferedReader constructor. It would be better to be explicit if an 8k-char buffer is required.
I/RhodesService(  282): Application hash was changed
W/ActivityManager(   60): No content provider found for: 
D/RhodesService(  282): Root path: /data/data/com.rhomobile.newgithubclient/rhodata/
D/RhodesService(  282): Sqlite journals path: /data/data/com.rhomobile.newgithubclient/sqlite_stmt_journals/
I/global  (  282): Default buffer size used in BufferedReader constructor. It would be better to be explicit if an 8k-char buffer is required.
I/APP     (  282): I 06/16/2011 12:15:21:042 afd48828            RhodesApp| Trying to get free listening port.
I/APP     (  282): I 06/16/2011 12:15:21:049 afd48828            RhodesApp| Trying to bind of 0 port...
I/APP     (  282): I 06/16/2011 12:15:21:053 0024efa8         AppCallbacks| Starting main routine...
I/APP     (  282): I 06/16/2011 12:15:21:059 0024efa8         AppCallbacks| ThreadQueue blocked for 300 seconds...
I/APP     (  282): I 06/16/2011 12:15:21:063 afd48828            RhodesApp| Got port to bind on: 49415
I/APP     (  282): I 06/16/2011 12:15:21:069 afd48828            RhodesApp| Free listening port: 49415
D/dalvikvm(  282): GC_FOR_MALLOC freed 5424 objects / 347080 bytes in 94ms
I/APP     (  282): I 06/16/2011 12:15:21:252 afd48828               Rhodes| Loading...
I/APP     (  282): I 06/16/2011 12:15:21:933 afd48828            RhodesApp| callAppActiveCallback
I/APP     (  282): I 06/16/2011 12:15:21:935 afd48828         AppCallbacks| addCommand: APP-ACTIVATED
I/APP     (  282): I 06/16/2011 12:15:21:940 0024efa8         AppCallbacks| Received command APP-ACTIVATED which is greater than expected (LOCAL-SERVER-STARTED) - postpone it
I/APP     (  282): I 06/16/2011 12:15:21:941 0024efa8         AppCallbacks| ThreadQueue blocked for 300 seconds...
I/APP     (  282): I 06/16/2011 12:15:21:947 afd48828         AppActivated| Cannot commit now, application will be activated when started.
I/APP     (  282): I 06/16/2011 12:15:21:952 00271a48            RhodesApp| Starting RhodesApp main routine...
I/APP     (  282): I 06/16/2011 12:15:21:956 afd48828            Undefined| Handlers have completed.
I/APP     (  282): I 06/16/2011 12:15:21:964 afd48828    RhodesApplication| New AppState: Undefined
I/APP     (  282): I 06/16/2011 12:15:22:100 afd48828        RhodesService| handleCommand: startId=1, source=com.rhomobile.rhodes.BaseActivity
I/APP     (  282): I 06/16/2011 12:15:22:101 afd48828        RhodesService| New activity was created
I/APP     (  282): I 06/16/2011 12:15:22:275 afd48828         AppCallbacks| addCommand: UI-CREATED
I/APP     (  282): I 06/16/2011 12:15:22:276 0024efa8         AppCallbacks| Received command UI-CREATED which is greater than expected (LOCAL-SERVER-STARTED) - postpone it
I/APP     (  282): I 06/16/2011 12:15:22:278 0024efa8         AppCallbacks| ThreadQueue blocked for 300 seconds...
I/APP     (  282): I 06/16/2011 12:15:22:669 afd48828       RhodesActivity| onServiceConnected: {com.rhomobile.newgithubclient/com.rhomobile.rhodes.RhodesService}
I/APP     (  282): I 06/16/2011 12:15:23:687 00271a48              RhoRuby| Init_RhoBlobs: /data/data/com.rhomobile.newgithubclient/rhodata/db/db-files
I/APP     (  282): I 06/16/2011 12:15:23:773 00271a48              RhoRuby| require_compiled: rhoframework
I/APP     (  282): I 06/16/2011 12:15:23:867 00271a48              RhoRuby| require_compiled: rational
I/APP     (  282): I 06/16/2011 12:15:23:900 00271a48              RhoRuby| require_compiled: rhom/rhom_db_adapter
I/APP     (  282): I 06/16/2011 12:15:24:049 00271a48              RhoRuby| require_compiled: rhodes
I/APP     (  282): I 06/16/2011 12:15:24:075 00271a48              RhoRuby| require_compiled: rhom/rhom_object
I/APP     (  282): I 06/16/2011 12:15:24:140 00271a48              RhoRuby| require_compiled: rhofsconnector
I/APP     (  282): I 06/16/2011 12:15:24:153 00271a48              RhoRuby| require_compiled: rho/rhofsconnector
I/APP     (  282): I 06/16/2011 12:15:24:215 00271a48              RhoRuby| require_compiled: rhom/rhom_object_factory
I/ActivityManager(   60): Displayed activity com.rhomobile.newgithubclient/com.rhomobile.rhodes.RhodesActivity: 5446 ms (total 5446 ms)
I/APP     (  282): I 06/16/2011 12:15:25:275 00271a48              RhoRuby| require_compiled: rhom/rhom
I/APP     (  282): I 06/16/2011 12:15:25:324 00271a48              RhoRuby| require_compiled: rhom/rhom_model
I/APP     (  282): I 06/16/2011 12:15:25:378 00271a48              RhoRuby| require_compiled: rhom
I/APP     (  282): I 06/16/2011 12:15:25:392 00271a48              RhoRuby| require_compiled: rho/rhoapplication
I/APP     (  282): I 06/16/2011 12:15:25:449 00271a48              RhoRuby| require_compiled: rholang/localization_simplified
I/APP     (  282): I 06/16/2011 12:15:25:513 00271a48                  APP| Current locale: en; Country code: us
I/APP     (  282): I 06/16/2011 12:15:25:515 00271a48                  APP| file: /data/data/com.rhomobile.newgithubclient/rhodata/lib/rholang/lang_
I/APP     (  282): I 06/16/2011 12:15:25:530 00271a48              RhoRuby| require_compiled: /data/data/com.rhomobile.newgithubclient/rhodata/lib/rholang/lang_en
I/APP     (  282): I 06/16/2011 12:15:25:557 00271a48              RhoRuby| require_compiled: rho/rhomsg
I/APP     (  282): I 06/16/2011 12:15:25:572 00271a48                  APP| Current locale: en; Country code: us
I/APP     (  282): I 06/16/2011 12:15:25:573 00271a48                  APP| file: /data/data/com.rhomobile.newgithubclient/rhodata/lib/rholang/rhomsg_
I/APP     (  282): I 06/16/2011 12:15:25:584 00271a48              RhoRuby| require_compiled: /data/data/com.rhomobile.newgithubclient/rhodata/lib/rholang/rhomsg_en
I/APP     (  282): I 06/16/2011 12:15:25:604 00271a48              RhoRuby| require_compiled: rho/rhotabbar
I/APP     (  282): I 06/16/2011 12:15:25:626 00271a48              RhoRuby| require_compiled: rho/rhotoolbar
I/APP     (  282): I 06/16/2011 12:15:25:642 00271a48              RhoRuby| require_compiled: indifferent_access
I/APP     (  282): I 06/16/2011 12:15:25:682 00271a48              RhoRuby| require_compiled: rho/rhosupport
I/APP     (  282): I 06/16/2011 12:15:25:746 00271a48              RhoRuby| require_compiled: rho/rhocontroller
I/APP     (  282): I 06/16/2011 12:15:25:788 00271a48              RhoRuby| require_compiled: rho/render
I/APP     (  282): I 06/16/2011 12:15:25:876 00271a48              RhoRuby| require_compiled: rho/rho
I/ActivityManager(   60): Process android.process.acore (pid 158) has died.
I/APP     (  282): I 06/16/2011 12:15:26:344 00271a48              RhoRuby| require_compiled: rho/rhoerror
I/APP     (  282): I 06/16/2011 12:15:26:364 00271a48                  APP| Current locale: en; Country code: us
I/APP     (  282): I 06/16/2011 12:15:26:366 00271a48                  APP| file: /data/data/com.rhomobile.newgithubclient/rhodata/lib/rholang/rhoerror_
I/APP     (  282): I 06/16/2011 12:15:26:376 00271a48              RhoRuby| require_compiled: /data/data/com.rhomobile.newgithubclient/rhodata/lib/rholang/rhoerror_en
I/APP     (  282): I 06/16/2011 12:15:26:399 00271a48              RhoRuby| require_compiled: rhom/rhom_source
I/APP     (  282): I 06/16/2011 12:15:26:447 00271a48              RhoRuby| require_compiled: rho/rhoviewhelpers
I/APP     (  282): I 06/16/2011 12:15:26:486 00271a48              RhoRuby| require_compiled: rho
I/APP     (  282): I 06/16/2011 12:15:26:496 00271a48                  APP| RHO loaded
I/APP     (  282): I 06/16/2011 12:15:26:499 00271a48                  APP| Calling RHO.initialize
I/APP     (  282): I 06/16/2011 12:15:26:513 00271a48                  APP| model file: User/user
I/APP     (  282): I 06/16/2011 12:15:26:522 00271a48                   DB| Open DB: /data/data/com.rhomobile.newgithubclient/rhodata/db/syncdbuser.sqlite
I/APP     (  282): I 06/16/2011 12:15:26:616 00271a48            RhodesApp| Starting sync engine...
I/APP     (  282): I 06/16/2011 12:15:26:619 00271a48                 Sync| sync_poll_interval: 0
I/APP     (  282): I 06/16/2011 12:15:26:624 00271a48                 Sync| syncserver: 
I/APP     (  282): I 06/16/2011 12:15:26:634 00271a48                 Sync| bulksync_state: 0
I/APP     (  282): I 06/16/2011 12:15:26:639 00271a48            RhodesApp| RhoRubyInitApp...
I/APP     (  282): I 06/16/2011 12:15:26:645 00271a48                  APP| init_app
I/APP     (  282): I 06/16/2011 12:15:26:656 00271a48              RhoRuby| require_compiled: application
I/APP     (  282): I 06/16/2011 12:15:26:679 00271a48                  APP| Current locale: en; Country code: us
I/APP     (  282): I 06/16/2011 12:15:26:690 00271a48                  APP| on_reinstall_config_update: {"LogToOutput"=>["0", "1"]}
I/APP     (  282): I 06/16/2011 12:15:26:706 00271a48           HttpServer| Start HTTP server
I/APP     (  282): I 06/16/2011 12:15:26:709 00271a48         AppCallbacks| addCommand: LOCAL-SERVER-STARTED
I/APP     (  282): I 06/16/2011 12:15:26:720 0024efa8         AppCallbacks| process command: LOCAL-SERVER-STARTED
I/APP     (  282): I 06/16/2011 12:15:26:723 0024efa8           AppStarted| Handlers have completed.
I/APP     (  282): I 06/16/2011 12:15:26:724 0024efa8         AppActivated| Handlers have completed.
I/APP     (  282): I 06/16/2011 12:15:26:725 0024efa8    RhodesApplication| New AppState: AppActivated
I/APP     (  282): I 06/16/2011 12:15:26:726 0024efa8         AppCallbacks| process command: UI-CREATED
I/APP     (  282): I 06/16/2011 12:15:26:771 00271a48           HttpServer| Process URI: '/system/uicreated'
I/APP     (  282): I 06/16/2011 12:15:26:774 00271a48                  APP| on_ui_created.navigate to start url: '/app/User'
I/APP     (  282): I 06/16/2011 12:15:26:826 0024efa8         AppCallbacks| process command: APP-ACTIVATED
V/SimpleMainView(  282): ms[1308206726954] processForNativeView : [http://127.0.0.1:49415/app/User]
I/APP     (  282): I 06/16/2011 12:15:27:016 00271a48           HttpServer| Process URI: '/system/activateapp'
I/APP     (  282): I 06/16/2011 12:15:27:039 0024efa8         AppCallbacks| ThreadQueue blocked for 300 seconds...
V/SimpleMainView.View(  282): ms[1308206727129]  Main Window :: onSizeChanged() old [ 480 x 762 ]  new [ 0 x 0 ]
I/APP     (  282): I 06/16/2011 12:15:27:897 00271a48           HttpServer| Process URI: '/app/User'
I/APP     (  282): I 06/16/2011 12:15:27:912 00271a48                  APP| RHO serve: /app/User
I/APP     (  282): I 06/16/2011 12:15:27:930 00271a48              RhoRuby| require_compiled: User/user_controller
I/APP     (  282): I 06/16/2011 12:15:27:962 00271a48              RhoRuby| require_compiled: helpers/browser_helper
I/APP     (  282): I 06/16/2011 12:15:27:981 00271a48                  APP| const_missing: User
I/APP     (  282): I 06/16/2011 12:15:27:982 00271a48                  APP| load_model: User
I/APP     (  282): I 06/16/2011 12:15:27:999 00271a48              RhoRuby| require_compiled: User/user
I/APP     (  282): I 06/16/2011 12:15:28:004 00271a48                  APP| model name: User
I/APP     (  282): I 06/16/2011 12:15:28:007 00271a48                  APP| model class found
I/APP     (  282): I 06/16/2011 12:15:28:025 00271a48                  APP| User : {"property"=>{}}
I/APP     (  282): I 06/16/2011 12:15:28:029 00271a48                   DB| Open DB: /data/data/com.rhomobile.newgithubclient/rhodata/db/syncdblocal.sqlite
I/APP     (  282): I 06/16/2011 12:15:28:447 00271a48                  APP| init_db_sources
I/APP     (  282): I 06/16/2011 12:15:28:465 00271a48                  APP| start_id: 40003
I/APP     (  282): I 06/16/2011 12:15:28:515 00271a48                  APP| Migrate schema sources: {}
I/APP     (  282): I 06/16/2011 12:15:28:624 00271a48   RHO UserController| Layout file: /data/data/com.rhomobile.newgithubclient/rhodata/apps/app/layout_erb.iseq. Content size: 885
D/webviewglue(  282): nativeDestroy view: 0x327618
D/dalvikvm(  282): GC_FOR_MALLOC freed 3082 objects / 527096 bytes in 132ms
D/dalvikvm(  282): GC_EXTERNAL_ALLOC freed 271 objects / 15296 bytes in 114ms
I/APP     (  282): I 06/16/2011 12:15:29:302 00271a48           HttpServer| Process URI: '/public/jqtouch/jquery.1.3.2.min.js'
I/APP     (  282): I 06/16/2011 12:15:29:510 00271a48           HttpServer| Process URI: '/public/jqtouch/jqtouch.js'
I/APP     (  282): I 06/16/2011 12:15:29:647 00271a48           HttpServer| Process URI: '/public/jqtouch/jqtouch.css'
I/APP     (  282): I 06/16/2011 12:15:29:816 00271a48           HttpServer| Process URI: '/public/css/android.css'
I/DEBUG   (   31): debuggerd: Jun 30 2010 13:59:20
D/qemud   (   38): entering main loop
D/qemud   (   38): multiplexer_handle_control: unknown control message (18 bytes): 'ko:unknown command'
I/Netd    (   30): Netd 1.0 starting
I/Vold    (   29): Vold 2.1 (the revenge) firing up
D/Vold    (   29): Volume sdcard state changing -1 (Initializing) -> 0 (No-Media)
D/Vold    (   29): Volume sdcard state changing 0 (No-Media) -> 1 (Idle-Unmounted)
W/Vold    (   29): No UMS switch available
D/qemud   (   38): fdhandler_accept_event: accepting on fd 10
D/qemud   (   38): created client 0xe078 listening on fd 8
D/qemud   (   38): client_fd_receive: attempting registration for service 'boot-properties'
D/qemud   (   38): client_fd_receive:    -> received channel id 1
D/AndroidRuntime(   33): 
D/AndroidRuntime(   33): >>>>>>>>>>>>>> AndroidRuntime START <<<<<<<<<<<<<<
D/AndroidRuntime(   33): CheckJNI is ON
D/qemud   (   38): fdhandler_accept_event: accepting on fd 10
D/qemud   (   38): created client 0x10028 listening on fd 11
D/qemud   (   38): fdhandler_event: disconnect on fd 11
D/qemud   (   38): fdhandler_accept_event: accepting on fd 10
D/qemud   (   38): created client 0x10028 listening on fd 11
D/qemud   (   38): client_fd_receive: attempting registration for service 'gsm'
D/qemud   (   38): client_fd_receive:    -> received channel id 2
D/AndroidRuntime(   33): --- registering native functions ---
I/        (   34): ServiceManager: 0xacd0
D/AudioHardwareInterface(   34): setMode(NORMAL)
I/CameraService(   34): CameraService started: pid=34
I/AudioFlinger(   34): AudioFlinger's thread 0xb3f0 ready to run
I/SamplingProfilerIntegration(   33): Profiler is disabled.
I/Zygote  (   33): Preloading classes...
E/Zygote  (   33): setreuid() failed. errno: 2
D/dalvikvm(   33): GC_EXPLICIT freed 821 objects / 47496 bytes in 12ms
D/dalvikvm(   33): GC_EXPLICIT freed 219 objects / 13600 bytes in 5ms
D/dalvikvm(   33): GC_EXPLICIT freed 253 objects / 14360 bytes in 7ms
D/dalvikvm(   33): GC_EXPLICIT freed 468 objects / 28984 bytes in 8ms
D/dalvikvm(   33): GC_EXPLICIT freed 2088 objects / 108280 bytes in 11ms
W/MediaProfiles(   33): could not find media config xml file
D/dalvikvm(   33): GC_EXPLICIT freed 279 objects / 15984 bytes in 10ms
D/dalvikvm(   33): GC_FOR_MALLOC freed 5052 objects / 223992 bytes in 21ms
D/dalvikvm(   33): GC_FOR_MALLOC freed 11253 objects / 381344 bytes in 26ms
D/dalvikvm(   33): GC_FOR_MALLOC freed 9798 objects / 461152 bytes in 30ms
D/dalvikvm(   33): GC_FOR_MALLOC freed 8690 objects / 422872 bytes in 31ms
D/dalvikvm(   33): GC_FOR_MALLOC freed 7835 objects / 458864 bytes in 32ms
D/dalvikvm(   33): GC_FOR_MALLOC freed 7626 objects / 457776 bytes in 32ms
D/dalvikvm(   33): GC_FOR_MALLOC freed 8231 objects / 513296 bytes in 34ms
D/dalvikvm(   33): GC_FOR_MALLOC freed 7558 objects / 487104 bytes in 35ms
D/dalvikvm(   33): GC_EXPLICIT freed 175 objects / 9248 bytes in 33ms
D/dalvikvm(   33): GC_EXPLICIT freed 594 objects / 29024 bytes in 29ms
D/dalvikvm(   33): GC_EXPLICIT freed 449 objects / 25280 bytes in 28ms
D/dalvikvm(   33): GC_EXPLICIT freed 308 objects / 35136 bytes in 38ms
D/dalvikvm(   33): GC_EXPLICIT freed 279 objects / 18896 bytes in 39ms
D/dalvikvm(   33): GC_EXPLICIT freed 341 objects / 18472 bytes in 39ms
D/dalvikvm(   33): GC_EXPLICIT freed 449 objects / 28352 bytes in 40ms
D/dalvikvm(   33): GC_EXPLICIT freed 529 objects / 53248 bytes in 44ms
D/dalvikvm(   33): GC_EXPLICIT freed 623 objects / 34016 bytes in 44ms
D/dalvikvm(   33): GC_EXPLICIT freed 861 objects / 46872 bytes in 50ms
D/dalvikvm(   33): GC_EXPLICIT freed 1747 objects / 85512 bytes in 46ms
D/dalvikvm(   33): GC_EXPLICIT freed 447 objects / 29416 bytes in 45ms
D/dalvikvm(   33): GC_EXPLICIT freed 315 objects / 20184 bytes in 46ms
I/Zygote  (   33): ...preloaded 1265 classes in 8039ms.
E/Zygote  (   33): setreuid() failed. errno: 17
D/dalvikvm(   33): GC_EXPLICIT freed 104 objects / 14200 bytes in 46ms
I/Zygote  (   33): Preloading resources...
W/Zygote  (   33): Preloaded drawable resource #0x1080093 (res/drawable-mdpi/sym_def_app_icon.png) that varies with configuration!!
W/Zygote  (   33): Preloaded drawable resource #0x1080002 (res/drawable-mdpi/arrow_down_float.png) that varies with configuration!!
W/Zygote  (   33): Preloaded drawable resource #0x10800b3 (res/drawable/btn_check.xml) that varies with configuration!!
W/Zygote  (   33): Preloaded drawable resource #0x10800b6 (res/drawable-mdpi/btn_check_label_background.9.png) that varies with configuration!!
W/Zygote  (   33): Preloaded drawable resource #0x10800b7 (res/drawable-mdpi/btn_check_off.png) that varies with configuration!!
W/Zygote  (   33): Preloaded drawable resource #0x10800bc (res/drawable-mdpi/btn_check_on.png) that varies with configuration!!
W/Zygote  (   33): Preloaded drawable resource #0x1080004 (res/drawable/btn_default.xml) that varies with configuration!!
W/Zygote  (   33): Preloaded drawable resource #0x1080005 (res/drawable/btn_default_small.xml) that varies with configuration!!
W/Zygote  (   33): Preloaded drawable resource #0x1080006 (res/drawable/btn_dropdown.xml) that varies with configuration!!
W/Zygote  (   33): Preloaded drawable resource #0x1080008 (res/drawable/btn_plus.xml) that varies with configuration!!
W/Zygote  (   33): Preloaded drawable resource #0x1080007 (res/drawable/btn_minus.xml) that varies with configuration!!
W/Zygote  (   33): Preloaded drawable resource #0x1080009 (res/drawable/btn_radio.xml) that varies with configuration!!
W/Zygote  (   33): Preloaded drawable resource #0x108000a (res/drawable/btn_star.xml) that varies with configuration!!
D/dalvikvm(   33): GC_EXPLICIT freed 421 objects / 25848 bytes in 53ms
W/Zygote  (   33): Preloaded drawable resource #0x1080131 (res/drawable/btn_toggle.xml) that varies with configuration!!
W/Zygote  (   33): Preloaded drawable resource #0x1080194 (res/drawable-mdpi/ic_emergency.png) that varies with configuration!!
W/Zygote  (   33): Preloaded drawable resource #0x1080012 (res/drawable-mdpi/divider_horizontal_bright.9.png) that varies with configuration!!
W/Zygote  (   33): Preloaded drawable resource #0x1080014 (res/drawable-mdpi/divider_horizontal_dark.9.png) that varies with configuration!!
W/Zygote  (   33): Preloaded drawable resource #0x1080016 (res/drawable/edit_text.xml) that varies with configuration!!
W/Zygote  (   33): Preloaded drawable resource #0x108016d (res/drawable/expander_group.xml) that varies with configuration!!
W/Zygote  (   33): Preloaded drawable resource #0x1080062 (res/drawable/list_selector_background.xml) that varies with configuration!!
W/Zygote  (   33): Preloaded drawable resource #0x1080227 (res/drawable-mdpi/menu_background.9.png) that varies with configuration!!
W/Zygote  (   33): Preloaded drawable resource #0x1080228 (res/drawable-mdpi/menu_background_fill_parent_width.9.png) that varies with configuration!!
W/Zygote  (   33): Preloaded drawable resource #0x1080229 (res/drawable/menu_selector.xml) that varies with configuration!!
W/Zygote  (   33): Preloaded drawable resource #0x1080234 (res/drawable-mdpi/panel_background.9.png) that varies with configuration!!
W/Zygote  (   33): Preloaded drawable resource #0x108023b (res/drawable-mdpi/popup_bottom_bright.9.png) that varies with configuration!!
W/Zygote  (   33): Preloaded drawable resource #0x108023c (res/drawable-mdpi/popup_bottom_dark.9.png) that varies with configuration!!
W/Zygote  (   33): Preloaded drawable resource #0x108023d (res/drawable-mdpi/popup_bottom_medium.9.png) that varies with configuration!!
W/Zygote  (   33): Preloaded drawable resource #0x108023e (res/drawable-mdpi/popup_center_bright.9.png) that varies with configuration!!
W/Zygote  (   33): Preloaded drawable resource #0x108023f (res/drawable-mdpi/popup_center_dark.9.png) that varies with configuration!!
W/Zygote  (   33): Preloaded drawable resource #0x1080242 (res/drawable-mdpi/popup_full_dark.9.png) that varies with configuration!!
W/Zygote  (   33): Preloaded drawable resource #0x1080245 (res/drawable-mdpi/popup_top_bright.9.png) that varies with configuration!!
W/Zygote  (   33): Preloaded drawable resource #0x1080246 (res/drawable-mdpi/popup_top_dark.9.png) that varies with configuration!!
W/Zygote  (   33): Preloaded drawable resource #0x108006d (res/drawable/progress_indeterminate_horizontal.xml) that varies with configuration!!
W/Zygote  (   33): Preloaded drawable resource #0x108024c (res/drawable/progress_small.xml) that varies with configuration!!
W/Zygote  (   33): Preloaded drawable resource #0x108024d (res/drawable/progress_small_titlebar.xml) that varies with configuration!!
W/Zygote  (   33): Preloaded drawable resource #0x1080270 (res/drawable-mdpi/scrollbar_handle_horizontal.9.png) that varies with configuration!!
W/Zygote  (   33): Preloaded drawable resource #0x1080271 (res/drawable-mdpi/scrollbar_handle_vertical.9.png) that varies with configuration!!
D/dalvikvm(   33): GC_EXPLICIT freed 477 objects / 32608 bytes in 61ms
W/Zygote  (   33): Preloaded drawable resource #0x1080071 (res/drawable/spinner_dropdown_background.xml) that varies with configuration!!
W/Zygote  (   33): Preloaded drawable resource #0x1080354 (res/drawable-mdpi/title_bar_shadow.9.png) that varies with configuration!!
W/Zygote  (   33): Preloaded drawable resource #0x10801d6 (res/drawable-mdpi/indicator_code_lock_drag_direction_green_up.png) that varies with configuration!!
W/Zygote  (   33): Preloaded drawable resource #0x10801d7 (res/drawable-mdpi/indicator_code_lock_drag_direction_red_up.png) that varies with configuration!!
W/Zygote  (   33): Preloaded drawable resource #0x10801d8 (res/drawable-mdpi/indicator_code_lock_point_area_default.png) that varies with configuration!!
W/Zygote  (   33): Preloaded drawable resource #0x10801d9 (res/drawable-mdpi/indicator_code_lock_point_area_green.png) that varies with configuration!!
W/Zygote  (   33): Preloaded drawable resource #0x10801da (res/drawable-mdpi/indicator_code_lock_point_area_red.png) that varies with configuration!!
W/Zygote  (   33): Preloaded drawable resource #0x10801e8 (res/drawable-mdpi/jog_tab_bar_left_end_confirm_gray.9.png) that varies with configuration!!
W/Zygote  (   33): Preloaded drawable resource #0x10801ec (res/drawable-mdpi/jog_tab_bar_left_end_normal.9.png) that varies with configuration!!
W/Zygote  (   33): Preloaded drawable resource #0x10801ed (res/drawable-mdpi/jog_tab_bar_left_end_pressed.9.png) that varies with configuration!!
W/Zygote  (   33): Preloaded drawable resource #0x10801f1 (res/drawable-mdpi/jog_tab_bar_right_end_confirm_gray.9.png) that varies with configuration!!
W/Zygote  (   33): Preloaded drawable resource #0x10801f5 (res/drawable-mdpi/jog_tab_bar_right_end_normal.9.png) that varies with configuration!!
W/Zygote  (   33): Preloaded drawable resource #0x10801f6 (res/drawable-mdpi/jog_tab_bar_right_end_pressed.9.png) that varies with configuration!!
W/Zygote  (   33): Preloaded drawable resource #0x10801fb (res/drawable-mdpi/jog_tab_left_confirm_gray.png) that varies with configuration!!
W/Zygote  (   33): Preloaded drawable resource #0x1080200 (res/drawable-mdpi/jog_tab_left_normal.png) that varies with configuration!!
W/Zygote  (   33): Preloaded drawable resource #0x1080201 (res/drawable-mdpi/jog_tab_left_pressed.png) that varies with configuration!!
W/Zygote  (   33): Preloaded drawable resource #0x1080203 (res/drawable-mdpi/jog_tab_right_confirm_gray.png) that varies with configuration!!
W/Zygote  (   33): Preloaded drawable resource #0x1080209 (res/drawable-mdpi/jog_tab_right_normal.png) that varies with configuration!!
W/Zygote  (   33): Preloaded drawable resource #0x108020a (res/drawable-mdpi/jog_tab_right_pressed.png) that varies with configuration!!
W/Zygote  (   33): Preloaded drawable resource #0x108020d (res/drawable-mdpi/jog_tab_target_gray.png) that varies with configuration!!
I/Zygote  (   33): ...preloaded 61 resources in 646ms.
I/Zygote  (   33): ...preloaded 15 resources in 27ms.
D/dalvikvm(   33): GC_EXPLICIT freed 503 objects / 37880 bytes in 53ms
D/dalvikvm(   33): GC_EXPLICIT freed 150 objects / 5808 bytes in 59ms
D/dalvikvm(   33): GC_EXPLICIT freed 2 objects / 48 bytes in 49ms
I/dalvikvm(   33): System server process 59 has been created
I/Zygote  (   33): Accepting command socket connections
E/BatteryService(   59): usbOnlinePath not found
E/BatteryService(   59): batteryVoltagePath not found
E/BatteryService(   59): batteryTemperaturePath not found
I/sysproc (   59): Entered system_init()
I/sysproc (   59): ServiceManager: 0x11d680
I/SurfaceFlinger(   59): SurfaceFlinger is starting
I/SurfaceFlinger(   59): SurfaceFlinger's main thread ready to run. Initializing graphics H/W...
E/SurfaceFlinger(   59): Couldn't open /sys/power/wait_for_fb_sleep or /sys/power/wait_for_fb_wake
I/gralloc (   59): using (fd=24)
I/gralloc (   59): id           = 
I/gralloc (   59): xres         = 480 px
I/gralloc (   59): yres         = 800 px
I/gralloc (   59): xres_virtual = 480 px
I/gralloc (   59): yres_virtual = 1600 px
I/gralloc (   59): bpp          = 16
I/gralloc (   59): r            = 11:5
I/gralloc (   59): g            =  5:6
I/gralloc (   59): b            =  0:5
I/gralloc (   59): width        = 74 mm (164.756760 dpi)
I/gralloc (   59): height       = 123 mm (165.203247 dpi)
I/gralloc (   59): refresh rate = 60.00 Hz
D/libEGL  (   59): egl.cfg not found, using default config
D/libEGL  (   59): loaded /system/lib/egl/libGLES_android.so
I/SurfaceFlinger(   59): EGL informations:
I/SurfaceFlinger(   59): # of configs : 8
I/SurfaceFlinger(   59): vendor    : Android
I/SurfaceFlinger(   59): version   : 1.4 Android META-EGL
I/SurfaceFlinger(   59): extensions: EGL_KHR_image EGL_KHR_image_base EGL_KHR_image_pixmap EGL_ANDROID_image_native_buffer EGL_ANDROID_swap_rectangle EGL_ANDROID_get_render_buffer 
I/SurfaceFlinger(   59): Client API: OpenGL ES
I/SurfaceFlinger(   59): EGLSurface: 5-6-5-0, config=0x1000000
I/SurfaceFlinger(   59): flags     : 001c0000
W/SurfaceFlinger(   59): ro.sf.lcd_density not defined, using 160 dpi by default.
I/SurfaceFlinger(   59): OpenGL informations:
I/SurfaceFlinger(   59): vendor    : Android
I/SurfaceFlinger(   59): renderer  : Android PixelFlinger 1.3
I/SurfaceFlinger(   59): version   : OpenGL ES-CM 1.0
I/SurfaceFlinger(   59): extensions: GL_OES_byte_coordinates GL_OES_fixed_point GL_OES_single_precision GL_OES_read_format GL_OES_compressed_paletted_texture GL_OES_draw_texture GL_OES_matrix_get GL_OES_query_matrix GL_OES_EGL_image GL_OES_compressed_ETC1_RGB8_texture GL_ARB_texture_compression GL_ARB_texture_non_power_of_two GL_ANDROID_user_clip_plane GL_ANDROID_vertex_buffer_object GL_ANDROID_generate_mipmap 
I/SurfaceFlinger(   59): GL_MAX_TEXTURE_SIZE = 4096
I/SurfaceFlinger(   59): GL_MAX_VIEWPORT_DIMS = 4096
I/sysproc (   59): System server: starting Android runtime.
I/sysproc (   59): System server: starting Android services.
I/SystemServer(   59): Entered the Android system server!
I/sysproc (   59): System server: entering thread pool.
I/SystemServer(   59): Entropy Service
I/BootAnimation(   69): boot animation disabled
I/SystemServer(   59): Power Manager
I/SystemServer(   59): Activity Manager
I/ActivityManager(   59): Memory class: 16
W/UsageStats(   59): Usage stats version changed; dropping
I/SystemServer(   59): Telephony Registry
I/SystemServer(   59): Package Manager
I/Installer(   59): connecting...
I/installd(   35): new connection
I/PackageManager(   59): Libs: android.test.runner:/system/framework/android.test.runner.jar javax.obex:/system/framework/javax.obex.jar
I/PackageManager(   59): Features: android.hardware.camera android.hardware.camera.autofocus
D/dalvikvm(   59): GC_FOR_MALLOC freed 5050 objects / 223776 bytes in 103ms
W/PackageManager(   59): Running ENG build: no pre-dexopt!
D/PackageManager(   59): Scanning app dir /system/framework
D/PackageManager(   59): Scanning app dir /system/app
D/dalvikvm(   59): GC_FOR_MALLOC freed 7399 objects / 364896 bytes in 92ms
D/dalvikvm(   59): GC_FOR_MALLOC freed 5306 objects / 291928 bytes in 96ms
D/PackageManager(   59): Scanning app dir /data/app
D/dalvikvm(   59): GC_FOR_MALLOC freed 7007 objects / 368552 bytes in 97ms
W/PackageParser(   59): No actions in intent filter at /data/app/ApiDemos.apk Binary XML file line #1841
W/PackageParser(   59): No actions in intent filter at /data/app/ApiDemos.apk Binary XML file line #1847
W/PackageManager(   59): Package com.example.android.apis desires unavailable shared library com.example.will.never.exist; ignoring!
D/PackageManager(   59): Scanning app dir /data/app-private
I/PackageManager(   59): Time to scan packages: 3.603 seconds
W/PackageManager(   59): Unknown permission com.google.android.googleapps.permission.GOOGLE_AUTH.mail in package com.android.contacts
W/PackageManager(   59): Unknown permission android.permission.ADD_SYSTEM_SERVICE in package com.android.phone
W/PackageManager(   59): Not granting permission android.permission.SEND_DOWNLOAD_COMPLETED_INTENTS to package com.android.browser (protectionLevel=2 flags=0x1be45)
W/PackageManager(   59): Unknown permission com.google.android.gm.permission.WRITE_GMAIL in package com.android.settings
W/PackageManager(   59): Unknown permission com.google.android.gm.permission.READ_GMAIL in package com.android.settings
W/PackageManager(   59): Unknown permission com.google.android.googleapps.permission.GOOGLE_AUTH in package com.android.settings
W/PackageManager(   59): Unknown permission com.google.android.googleapps.permission.GOOGLE_AUTH in package com.android.providers.contacts
W/PackageManager(   59): Unknown permission com.google.android.googleapps.permission.GOOGLE_AUTH.cp in package com.android.providers.contacts
W/PackageManager(   59): Unknown permission com.google.android.googleapps.permission.ACCESS_GOOGLE_PASSWORD in package com.android.development
W/PackageManager(   59): Unknown permission com.google.android.googleapps.permission.GOOGLE_AUTH in package com.android.development
W/PackageManager(   59): Unknown permission com.google.android.googleapps.permission.GOOGLE_AUTH.ALL_SERVICES in package com.android.development
W/PackageManager(   59): Unknown permission com.google.android.googleapps.permission.GOOGLE_AUTH.YouTubeUser in package com.android.development
D/dalvikvm(   59): GC_EXPLICIT freed 5348 objects / 328960 bytes in 102ms
I/SystemServer(   59): Account Manager
I/SystemServer(   59): Content Manager
I/SystemServer(   59): System Content Providers
I/ActivityThread(   59): Publishing provider settings: com.android.providers.settings.SettingsProvider
I/SystemServer(   59): Battery Service
I/SystemServer(   59): Lights Service
I/SystemServer(   59): Vibrator Service
D/qemud   (   38): fdhandler_accept_event: accepting on fd 10
D/qemud   (   38): created client 0x11028 listening on fd 12
D/qemud   (   38): client_fd_receive: attempting registration for service 'hw-control'
D/qemud   (   38): client_fd_receive:    -> received channel id 3
D/qemud   (   38): client_registration: registration succeeded for client 3
I/SystemServer(   59): Alarm Manager
I/SystemServer(   59): Init Watchdog
I/SystemServer(   59): Sensor Service
D/qemud   (   38): fdhandler_accept_event: accepting on fd 10
D/qemud   (   38): created client 0xc038 listening on fd 13
D/qemud   (   38): client_fd_receive: attempting registration for service 'sensors'
D/qemud   (   38): client_fd_receive:    -> received channel id 4
D/qemud   (   38): client_registration: registration succeeded for client 4
D/qemud   (   38): fdhandler_event: disconnect on fd 13
I/SystemServer(   59): Window Manager
I/EventHub(   59): New keyboard: device->id=0x10000 devname='qwerty2' propName='hw.keyboards.65536.devname' keylayout='/system/usr/keylayout/qwerty.kl'
I/EventHub(   59): New device: path=/dev/input/event0 name=qwerty2 id=0x10000 (of 0x1) index=1 fd=47 classes=0x2f
E/EventHub(   59): could not get driver version for /dev/input/mouse0, Not a typewriter
E/EventHub(   59): could not get driver version for /dev/input/mice, Not a typewriter
I/KeyInputQueue(   59): Device added: id=0x0, name=qwerty2, classes=2f
I/KeyInputQueue(   59):   X: min=0 max=479 flat=0 fuzz=0
I/KeyInputQueue(   59):   Y: min=0 max=799 flat=0 fuzz=0
I/KeyInputQueue(   59):   Pressure: unknown values
I/KeyInputQueue(   59):   Size: unknown values
I/KeyInputQueue(   59): No virtual keys found
D/qemud   (   38): fdhandler_accept_event: accepting on fd 10
D/qemud   (   38): created client 0xc038 listening on fd 13
D/qemud   (   38): client_fd_receive: attempting registration for service 'sensors'
D/qemud   (   38): client_fd_receive:    -> received channel id 5
D/qemud   (   38): client_registration: registration succeeded for client 5
D/qemud   (   38): fdhandler_event: disconnect on fd 13
I/SystemServer(   59): Registering null Bluetooth Service (emulator)
E/System  (   59): Failure starting core service
E/System  (   59): java.lang.SecurityException
E/System  (   59): 	at android.os.BinderProxy.transact(Native Method)
E/System  (   59): 	at android.os.ServiceManagerProxy.addService(ServiceManagerNative.java:146)
E/System  (   59): 	at android.os.ServiceManager.addService(ServiceManager.java:72)
E/System  (   59): 	at com.android.server.ServerThread.run(SystemServer.java:184)
I/SystemServer(   59): Device Policy
I/SystemServer(   59): Status Bar
I/SystemServer(   59): Clipboard Service
I/SystemServer(   59): Input Method Service
I/InputManagerService(   59): Enabled input methods: com.android.inputmethod.latin/.LatinIME:com.android.inputmethod.pinyin/.PinyinIME:jp.co.omronsoft.openwnn/.OpenWnnJAJP
I/SystemServer(   59): NetStat Service
I/SystemServer(   59): NetworkManagement Service
I/SystemServer(   59): Connectivity Service
V/ConnectivityService(   59): ConnectivityService starting up
D/ConnectivityService(   59): getMobileDataEnabled returning true
V/ConnectivityService(   59): Starting Wifi Service.
I/WifiService(   59): WifiService starting up with Wi-Fi disabled
D/Tethering(   59): Tethering starting
D/NetworkManagmentService(   59): Registering observer
I/SystemServer(   59): Throttle Service
I/SystemServer(   59): Accessibility Manager
I/SystemServer(   59): Mount Service
I/SystemServer(   59): Notification Manager
D/VoldCmdListener(   29): volume list
I/PackageManager(   59): Updating external media status from unmounted to unmounted
I/SystemServer(   59): Device Storage Monitor
D/VoldCmdListener(   29): share status ums
I/SystemServer(   59): Location Manager
I/SystemServer(   59): Search Service
I/SystemServer(   59): DropBox Service
I/SystemServer(   59): Wallpaper Service
I/SystemServer(   59): Audio Service
D/dalvikvm(   59): GC_FOR_MALLOC freed 4142 objects / 246624 bytes in 112ms
D/AudioHardwareInterface(   34): setMode(NORMAL)
W/AudioPolicyManagerBase(   34): setPhoneState() setting same state 0
E/SoundPool(   59): error loading /system/media/audio/ui/Effect_Tick.ogg
W/AudioService(   59): Soundpool could not load file: /system/media/audio/ui/Effect_Tick.ogg
E/SoundPool(   59): error loading /system/media/audio/ui/KeypressStandard.ogg
W/AudioService(   59): Soundpool could not load file: /system/media/audio/ui/KeypressStandard.ogg
E/SoundPool(   59): error loading /system/media/audio/ui/KeypressSpacebar.ogg
W/AudioService(   59): Soundpool could not load file: /system/media/audio/ui/KeypressSpacebar.ogg
E/SoundPool(   59): error loading /system/media/audio/ui/KeypressDelete.ogg
W/AudioService(   59): Soundpool could not load file: /system/media/audio/ui/KeypressDelete.ogg
E/SoundPool(   59): error loading /system/media/audio/ui/KeypressReturn.ogg
W/AudioService(   59): Soundpool could not load file: /system/media/audio/ui/KeypressReturn.ogg
I/SystemServer(   59): Headset Observer
W/HeadsetObserver(   59): This kernel does not have wired headset support
I/SystemServer(   59): Dock Observer
W/DockObserver(   59): This kernel does not have dock station support
I/SystemServer(   59): UI Mode Manager Service
I/SystemServer(   59): Backup Service
V/BackupManagerService(   59): No ancestral data
I/BackupManagerService(   59): Found stale backup journal, scheduling:
I/BackupManagerService(   59):     + com.android.inputmethod.latin
I/BackupManagerService(   59):     + com.android.browser
I/BackupManagerService(   59):     + com.android.providers.userdictionary
I/BackupManagerService(   59):     + android
I/BackupManagerService(   59):     + com.android.providers.settings
I/BackupManagerService(   59): Backup enabled => false
I/SystemServer(   59): AppWidget Service
I/SystemServer(   59): Recognition Service
D/VoldCmdListener(   29): share status ums
D/StorageNotification(   59): Startup with UMS connection false (media state unmounted)
I/SystemServer(   59): DiskStats Service
I/WindowManager(   59): SAFE MODE not enabled
W/DevicePolicyManagerService(   59): failed parsing /data/system/device_policies.xml java.io.FileNotFoundException: /data/system/device_policies.xml (No such file or directory)
I/ActivityManager(   59): Config changed: { scale=1.0 imsi=0/0 loc=en_US touch=3 keys=2/1/2 nav=3/1 orien=1 layout=35 uiMode=0 seq=1}
D/PowerManagerService(   59): system ready!
I/ActivityManager(   59): Sending system update to: ComponentInfo{com.android.providers.contacts/com.android.providers.contacts.ContactsUpgradeReceiver}
I/Zygote  (   59): Process: zygote socket opened
I/ActivityManager(   59): Start proc android.process.acore for broadcast com.android.providers.contacts/.ContactsUpgradeReceiver: pid=103 uid=10000 gids={3003, 1015}
W/StatusBar(   59): No icon ID for slot ime
I/ActivityManager(   59): Launching preboot mode app: ProcessRecord{43f75980 103:android.process.acore/10000}
D/qemud   (   38): fdhandler_accept_event: accepting on fd 10
D/qemud   (   38): created client 0xc038 listening on fd 13
D/qemud   (   38): client_fd_receive: attempting registration for service 'sensors'
D/qemud   (   38): client_fd_receive:    -> received channel id 6
D/qemud   (   38): client_registration: registration succeeded for client 6
I/ActivityManager(   59): Starting activity: Intent { act=android.intent.action.MAIN cat=[android.intent.category.HOME] flg=0x10000000 cmp=com.android.launcher/com.android.launcher2.Launcher }
I/ActivityManager(   59): Removing system update proc: ProcessRecord{43f75980 103:android.process.acore/10000}
I/Process (   59): Sending signal. PID: 103 SIG: 9
I/ActivityManager(   59): System now ready
D/StatusBar(   59): DISABLE_EXPAND: yes
I/SystemServer(   59): Making services ready
I/ActivityManager(   59): Config changed: { scale=1.0 imsi=0/0 loc=en_US touch=3 keys=2/1/2 nav=3/1 orien=1 layout=35 uiMode=17 seq=2}
W/RecognitionManagerService(   59): no available voice recognition services found
I/ARMAssembler(   59): generated scanline__00000177:03515104_00001001_00000000 [ 91 ipp] (114 ins) at [0x2b6d10:0x2b6ed8] in 6517451 ns
I/ARMAssembler(   59): generated scanline__00000177:03515104_00000001_00000000 [ 73 ipp] (95 ins) at [0x2d0650:0x2d07cc] in 596935 ns
I/ActivityManager(   59): Start proc jp.co.omronsoft.openwnn for service jp.co.omronsoft.openwnn/.OpenWnnJAJP: pid=112 uid=10023 gids={}
D/dalvikvm(   59): GC_FOR_MALLOC freed 5410 objects / 310520 bytes in 319ms
D/libhardware_legacy(   59): using QEMU GPS Hardware emulation
D/NetworkManagmentService(   59): Registering observer
E/ThrottleService(   59): Could not open GPS configuration file /etc/gps.conf
I/ActivityManager(   59): Start proc com.android.phone for added application com.android.phone: pid=122 uid=1001 gids={3002, 3001, 3003, 1015}
I/ActivityManager(   59): Start proc com.android.launcher for activity com.android.launcher/com.android.launcher2.Launcher: pid=124 uid=10025 gids={}
I/ActivityManager(   59): Start proc com.android.settings for broadcast com.android.settings/.widget.SettingsAppWidgetProvider: pid=128 uid=1000 gids={3002, 3001, 3003}
W/GpsLocationProvider(   59): Could not open GPS configuration file /etc/gps.conf
W/ActivityManager(   59): Unable to start service Intent { act=@0 }: not found
E/logwrapper(  140): executing /system/bin/tc failed: No such file or directory
I/logwrapper(   30): /system/bin/tc terminated by exit(255)
E/logwrapper(  142): executing /system/bin/tc failed: No such file or directory
I/logwrapper(   30): /system/bin/tc terminated by exit(255)
E/logwrapper(  143): executing /system/bin/tc failed: No such file or directory
I/logwrapper(   30): /system/bin/tc terminated by exit(255)
W/ActivityManager(   59): Unable to start service Intent { act=@0 }: not found
D/dalvikvm(  112): No JNI_OnLoad found in /system/lib/libwnndict.so 0x43e37588, skipping init
I/ActivityThread(  124): Publishing provider com.android.launcher2.settings: com.android.launcher2.LauncherProvider
I/ActivityThread(  122): Publishing provider mms: com.android.providers.telephony.MmsProvider
D/qemud   (   38): fdhandler_accept_event: accepting on fd 10
D/qemud   (   38): created client 0xc088 listening on fd 14
D/qemud   (   38): client_fd_receive: attempting registration for service 'gps'
D/qemud   (   38): client_fd_receive:    -> received channel id 7
D/qemud   (   38): client_registration: registration succeeded for client 7
D/dalvikvm(   59): GC_EXTERNAL_ALLOC freed 3639 objects / 229656 bytes in 613ms
D/dalvikvm(  112): GC_FOR_MALLOC freed 1373 objects / 241160 bytes in 516ms
I/ActivityThread(  122): Publishing provider sms: com.android.providers.telephony.SmsProvider
I/ActivityThread(  122): Publishing provider telephony: com.android.providers.telephony.TelephonyProvider
I/ActivityThread(  122): Publishing provider icc: com.android.phone.IccProvider
I/ActivityThread(  122): Publishing provider mms-sms: com.android.providers.telephony.MmsSmsProvider
D/dalvikvm(  124): GC_EXTERNAL_ALLOC freed 968 objects / 72584 bytes in 556ms
D/dalvikvm(  112): GC_FOR_MALLOC freed 387 objects / 385304 bytes in 480ms
I/ARMAssembler(   59): generated scanline__00000077:03545404_00000004_00000000 [ 47 ipp] (67 ins) at [0x2b8478:0x2b8584] in 2044324 ns
I/ARMAssembler(   59): generated scanline__00000077:03010104_00000004_00000000 [ 22 ipp] (41 ins) at [0x24d228:0x24d2cc] in 819310 ns
D/ConnectivityService(   59): getMobileDataEnabled returning true
I/ActivityManager(   59): Start proc android.process.acore for content provider com.android.providers.contacts/.CallLogProvider: pid=157 uid=10000 gids={3003, 1015}
D/PhoneApp(  122): onCreate: mProximityWakeLock: null
W/ActivityManager(   59): Unable to start service Intent { act=com.android.ussd.IExtendedNetworkService }: not found
D/PhoneApp(  122): Resetting audio state/mode: IDLE
D/MobileDataStateTracker(   59): default Received state= DISCONNECTED, old= DISCONNECTED, reason= gprsDetached, apnTypeList= default
I/ActivityThread(  157): Publishing provider com.android.social: com.android.providers.contacts.SocialProvider
I/WindowManager(   59): Timeout waiting for wallpaper to offset: Window{43f44b80 com.android.internal.service.wallpaper.ImageWallpaper paused=false}
I/ActivityThread(  157): Publishing provider applications: com.android.providers.applications.ApplicationsProvider
D/dalvikvm(   59): GREF has increased to 201
I/ActivityThread(  157): Publishing provider contacts;com.android.contacts: com.android.providers.contacts.ContactsProvider2
W/WindowManager(   59): Key dispatching timed out sending to Keyguard
W/WindowManager(   59): Previous dispatch state: null
