I/SystemServer(   59): Entropy Service
I/SystemServer(   59): Power Manager
I/SystemServer(   59): Activity Manager
I/ActivityManager(   59): Memory class: 16
I/BootAnimation(   69): boot animation disabled
W/UsageStats(   59): Usage stats version changed; dropping
I/SystemServer(   59): Telephony Registry
I/SystemServer(   59): Package Manager
I/Installer(   59): connecting...
I/installd(   35): new connection
I/PackageManager(   59): Libs: android.test.runner:/system/framework/android.test.runner.jar javax.obex:/system/framework/javax.obex.jar
I/PackageManager(   59): Features: android.hardware.camera android.hardware.camera.autofocus
D/dalvikvm(   59): GC_FOR_MALLOC freed 5050 objects / 223776 bytes in 104ms
W/PackageManager(   59): Running ENG build: no pre-dexopt!
D/PackageManager(   59): Scanning app dir /system/framework
D/PackageManager(   59): Scanning app dir /system/app
D/dalvikvm(   59): GC_FOR_MALLOC freed 7400 objects / 364904 bytes in 91ms
D/dalvikvm(   59): GC_FOR_MALLOC freed 5305 objects / 291808 bytes in 105ms
D/PackageManager(   59): Scanning app dir /data/app
D/dalvikvm(   59): GC_FOR_MALLOC freed 7007 objects / 368360 bytes in 109ms
W/PackageParser(   59): No actions in intent filter at /data/app/ApiDemos.apk Binary XML file line #1841
W/PackageParser(   59): No actions in intent filter at /data/app/ApiDemos.apk Binary XML file line #1847
W/PackageManager(   59): Package com.example.android.apis desires unavailable shared library com.example.will.never.exist; ignoring!
D/PackageManager(   59): Scanning app dir /data/app-private
I/PackageManager(   59): Time to scan packages: 3.483 seconds
W/PackageManager(   59): Unknown permission com.google.android.googleapps.permission.GOOGLE_AUTH.mail in package com.android.contacts
W/PackageManager(   59): Unknown permission android.permission.ADD_SYSTEM_SERVICE in package com.android.phone
W/PackageManager(   59): Not granting permission android.permission.SEND_DOWNLOAD_COMPLETED_INTENTS to package com.android.browser (protectionLevel=2 flags=0x1be45)
W/PackageManager(   59): Unknown permission com.google.android.gm.permission.WRITE_GMAIL in package com.android.settings
W/PackageManager(   59): Unknown permission com.google.android.gm.permission.READ_GMAIL in package com.android.settings
W/PackageManager(   59): Unknown permission com.google.android.googleapps.permission.GOOGLE_AUTH in package com.android.settings
W/PackageManager(   59): Unknown permission com.google.android.googleapps.permission.GOOGLE_AUTH in package com.android.providers.contacts
W/PackageManager(   59): Unknown permission com.google.android.googleapps.permission.GOOGLE_AUTH.cp in package com.android.providers.contacts
W/PackageManager(   59): Unknown permission com.google.android.googleapps.permission.ACCESS_GOOGLE_PASSWORD in package com.android.development
W/PackageManager(   59): Unknown permission com.google.android.googleapps.permission.GOOGLE_AUTH in package com.android.development
W/PackageManager(   59): Unknown permission com.google.android.googleapps.permission.GOOGLE_AUTH.ALL_SERVICES in package com.android.development
W/PackageManager(   59): Unknown permission com.google.android.googleapps.permission.GOOGLE_AUTH.YouTubeUser in package com.android.development
D/dalvikvm(   59): GC_EXPLICIT freed 5348 objects / 328888 bytes in 102ms
I/SystemServer(   59): Account Manager
I/SystemServer(   59): Content Manager
I/SystemServer(   59): System Content Providers
I/ActivityThread(   59): Publishing provider settings: com.android.providers.settings.SettingsProvider
I/SystemServer(   59): Battery Service
I/SystemServer(   59): Lights Service
I/SystemServer(   59): Vibrator Service
D/qemud   (   38): fdhandler_accept_event: accepting on fd 10
D/qemud   (   38): created client 0x11028 listening on fd 12
D/qemud   (   38): client_fd_receive: attempting registration for service 'hw-control'
D/qemud   (   38): client_fd_receive:    -> received channel id 3
D/qemud   (   38): client_registration: registration succeeded for client 3
I/SystemServer(   59): Alarm Manager
I/SystemServer(   59): Init Watchdog
I/SystemServer(   59): Sensor Service
D/qemud   (   38): fdhandler_accept_event: accepting on fd 10
D/qemud   (   38): created client 0xc038 listening on fd 13
D/qemud   (   38): client_fd_receive: attempting registration for service 'sensors'
D/qemud   (   38): client_fd_receive:    -> received channel id 4
D/qemud   (   38): client_registration: registration succeeded for client 4
D/qemud   (   38): fdhandler_event: disconnect on fd 13
I/SystemServer(   59): Window Manager
I/EventHub(   59): New keyboard: device->id=0x10000 devname='qwerty2' propName='hw.keyboards.65536.devname' keylayout='/system/usr/keylayout/qwerty.kl'
I/EventHub(   59): New device: path=/dev/input/event0 name=qwerty2 id=0x10000 (of 0x1) index=1 fd=47 classes=0x2f
E/EventHub(   59): could not get driver version for /dev/input/mouse0, Not a typewriter
E/EventHub(   59): could not get driver version for /dev/input/mice, Not a typewriter
I/KeyInputQueue(   59): Device added: id=0x0, name=qwerty2, classes=2f
I/KeyInputQueue(   59):   X: min=0 max=479 flat=0 fuzz=0
I/KeyInputQueue(   59):   Y: min=0 max=799 flat=0 fuzz=0
I/KeyInputQueue(   59):   Pressure: unknown values
I/KeyInputQueue(   59):   Size: unknown values
I/KeyInputQueue(   59): No virtual keys found
D/qemud   (   38): fdhandler_accept_event: accepting on fd 10
D/qemud   (   38): created client 0xc038 listening on fd 13
D/qemud   (   38): client_fd_receive: attempting registration for service 'sensors'
D/qemud   (   38): client_fd_receive:    -> received channel id 5
D/qemud   (   38): client_registration: registration succeeded for client 5
D/qemud   (   38): fdhandler_event: disconnect on fd 13
I/SystemServer(   59): Registering null Bluetooth Service (emulator)
E/System  (   59): Failure starting core service
E/System  (   59): java.lang.SecurityException
E/System  (   59): 	at android.os.BinderProxy.transact(Native Method)
E/System  (   59): 	at android.os.ServiceManagerProxy.addService(ServiceManagerNative.java:146)
E/System  (   59): 	at android.os.ServiceManager.addService(ServiceManager.java:72)
E/System  (   59): 	at com.android.server.ServerThread.run(SystemServer.java:184)
I/SystemServer(   59): Device Policy
I/SystemServer(   59): Status Bar
I/SystemServer(   59): Clipboard Service
I/SystemServer(   59): Input Method Service
I/InputManagerService(   59): Enabled input methods: com.android.inputmethod.latin/.LatinIME:com.android.inputmethod.pinyin/.PinyinIME:jp.co.omronsoft.openwnn/.OpenWnnJAJP
I/SystemServer(   59): NetStat Service
I/SystemServer(   59): NetworkManagement Service
I/SystemServer(   59): Connectivity Service
V/ConnectivityService(   59): ConnectivityService starting up
D/ConnectivityService(   59): getMobileDataEnabled returning true
V/ConnectivityService(   59): Starting Wifi Service.
I/WifiService(   59): WifiService starting up with Wi-Fi disabled
D/Tethering(   59): Tethering starting
D/NetworkManagmentService(   59): Registering observer
I/SystemServer(   59): Throttle Service
I/SystemServer(   59): Accessibility Manager
I/SystemServer(   59): Mount Service
I/SystemServer(   59): Notification Manager
D/VoldCmdListener(   29): volume list
I/PackageManager(   59): Updating external media status from unmounted to unmounted
I/SystemServer(   59): Device Storage Monitor
D/VoldCmdListener(   29): share status ums
I/SystemServer(   59): Location Manager
I/SystemServer(   59): Search Service
I/SystemServer(   59): DropBox Service
I/SystemServer(   59): Wallpaper Service
I/SystemServer(   59): Audio Service
D/dalvikvm(   59): GC_FOR_MALLOC freed 4142 objects / 246488 bytes in 118ms
D/AudioHardwareInterface(   34): setMode(NORMAL)
W/AudioPolicyManagerBase(   34): setPhoneState() setting same state 0
E/SoundPool(   59): error loading /system/media/audio/ui/Effect_Tick.ogg
W/AudioService(   59): Soundpool could not load file: /system/media/audio/ui/Effect_Tick.ogg
E/SoundPool(   59): error loading /system/media/audio/ui/KeypressStandard.ogg
W/AudioService(   59): Soundpool could not load file: /system/media/audio/ui/KeypressStandard.ogg
E/SoundPool(   59): error loading /system/media/audio/ui/KeypressSpacebar.ogg
W/AudioService(   59): Soundpool could not load file: /system/media/audio/ui/KeypressSpacebar.ogg
E/SoundPool(   59): error loading /system/media/audio/ui/KeypressDelete.ogg
W/AudioService(   59): Soundpool could not load file: /system/media/audio/ui/KeypressDelete.ogg
E/SoundPool(   59): error loading /system/media/audio/ui/KeypressReturn.ogg
W/AudioService(   59): Soundpool could not load file: /system/media/audio/ui/KeypressReturn.ogg
I/SystemServer(   59): Headset Observer
W/HeadsetObserver(   59): This kernel does not have wired headset support
I/SystemServer(   59): Dock Observer
W/DockObserver(   59): This kernel does not have dock station support
I/SystemServer(   59): UI Mode Manager Service
I/SystemServer(   59): Backup Service
V/BackupManagerService(   59): No ancestral data
I/BackupManagerService(   59): Found stale backup journal, scheduling:
I/BackupManagerService(   59):     + com.android.inputmethod.latin
I/BackupManagerService(   59):     + com.android.browser
I/BackupManagerService(   59):     + com.android.providers.userdictionary
I/BackupManagerService(   59):     + android
I/BackupManagerService(   59):     + com.android.providers.settings
I/BackupManagerService(   59): Backup enabled => false
I/SystemServer(   59): AppWidget Service
I/SystemServer(   59): Recognition Service
D/VoldCmdListener(   29): share status ums
D/StorageNotification(   59): Startup with UMS connection false (media state unmounted)
I/SystemServer(   59): DiskStats Service
I/WindowManager(   59): SAFE MODE not enabled
W/DevicePolicyManagerService(   59): failed parsing /data/system/device_policies.xml java.io.FileNotFoundException: /data/system/device_policies.xml (No such file or directory)
I/ActivityManager(   59): Config changed: { scale=1.0 imsi=0/0 loc=en_US touch=3 keys=2/1/2 nav=3/1 orien=1 layout=35 uiMode=0 seq=1}
D/PowerManagerService(   59): system ready!
I/ActivityManager(   59): Sending system update to: ComponentInfo{com.android.providers.contacts/com.android.providers.contacts.ContactsUpgradeReceiver}
I/Zygote  (   59): Process: zygote socket opened
I/ActivityManager(   59): Start proc android.process.acore for broadcast com.android.providers.contacts/.ContactsUpgradeReceiver: pid=102 uid=10000 gids={3003, 1015}
W/StatusBar(   59): No icon ID for slot ime
I/ActivityManager(   59): Launching preboot mode app: ProcessRecord{43f814b8 102:android.process.acore/10000}
D/qemud   (   38): fdhandler_accept_event: accepting on fd 10
D/qemud   (   38): created client 0xc038 listening on fd 13
D/qemud   (   38): client_fd_receive: attempting registration for service 'sensors'
D/qemud   (   38): client_fd_receive:    -> received channel id 6
D/qemud   (   38): client_registration: registration succeeded for client 6
I/ActivityManager(   59): Starting activity: Intent { act=android.intent.action.MAIN cat=[android.intent.category.HOME] flg=0x10000000 cmp=com.android.launcher/com.android.launcher2.Launcher }
I/ActivityManager(   59): Removing system update proc: ProcessRecord{43f814b8 102:android.process.acore/10000}
I/Process (   59): Sending signal. PID: 102 SIG: 9
I/ActivityManager(   59): System now ready
I/SystemServer(   59): Making services ready
D/StatusBar(   59): DISABLE_EXPAND: yes
I/ActivityManager(   59): Config changed: { scale=1.0 imsi=0/0 loc=en_US touch=3 keys=2/1/2 nav=3/1 orien=1 layout=35 uiMode=17 seq=2}
W/RecognitionManagerService(   59): no available voice recognition services found
I/ARMAssembler(   59): generated scanline__00000177:03515104_00001001_00000000 [ 91 ipp] (114 ins) at [0x2cb508:0x2cb6d0] in 6497405 ns
I/ARMAssembler(   59): generated scanline__00000177:03515104_00000001_00000000 [ 73 ipp] (95 ins) at [0x2d1760:0x2d18dc] in 896971 ns
I/ActivityManager(   59): Start proc jp.co.omronsoft.openwnn for service jp.co.omronsoft.openwnn/.OpenWnnJAJP: pid=114 uid=10023 gids={}
D/dalvikvm(   59): GC_FOR_MALLOC freed 5409 objects / 310864 bytes in 262ms
D/libhardware_legacy(   59): using QEMU GPS Hardware emulation
D/NetworkManagmentService(   59): Registering observer
E/ThrottleService(   59): Could not open GPS configuration file /etc/gps.conf
I/ActivityManager(   59): Start proc com.android.phone for added application com.android.phone: pid=122 uid=1001 gids={3002, 3001, 3003, 1015}
I/ActivityManager(   59): Start proc com.android.launcher for activity com.android.launcher/com.android.launcher2.Launcher: pid=126 uid=10025 gids={}
I/ActivityManager(   59): Start proc com.android.settings for broadcast com.android.settings/.widget.SettingsAppWidgetProvider: pid=128 uid=1000 gids={3002, 3001, 3003}
W/GpsLocationProvider(   59): Could not open GPS configuration file /etc/gps.conf
W/ActivityManager(   59): Unable to start service Intent { act=@0 }: not found
E/logwrapper(  139): executing /system/bin/tc failed: No such file or directory
I/logwrapper(   30): /system/bin/tc terminated by exit(255)
E/logwrapper(  141): executing /system/bin/tc failed: No such file or directory
I/logwrapper(   30): /system/bin/tc terminated by exit(255)
E/logwrapper(  142): executing /system/bin/tc failed: No such file or directory
I/logwrapper(   30): /system/bin/tc terminated by exit(255)
W/ActivityManager(   59): Unable to start service Intent { act=@0 }: not found
D/dalvikvm(  114): No JNI_OnLoad found in /system/lib/libwnndict.so 0x43e37588, skipping init
I/ActivityThread(  122): Publishing provider mms: com.android.providers.telephony.MmsProvider
I/ActivityThread(  126): Publishing provider com.android.launcher2.settings: com.android.launcher2.LauncherProvider
D/qemud   (   38): fdhandler_accept_event: accepting on fd 10
D/qemud   (   38): created client 0xc088 listening on fd 14
D/qemud   (   38): client_fd_receive: attempting registration for service 'gps'
D/qemud   (   38): client_fd_receive:    -> received channel id 7
D/qemud   (   38): client_registration: registration succeeded for client 7
D/dalvikvm(   59): GC_EXTERNAL_ALLOC freed 3604 objects / 228616 bytes in 635ms
D/dalvikvm(  114): GC_FOR_MALLOC freed 1373 objects / 241160 bytes in 590ms
I/ActivityThread(  122): Publishing provider sms: com.android.providers.telephony.SmsProvider
I/ActivityThread(  122): Publishing provider telephony: com.android.providers.telephony.TelephonyProvider
I/ActivityThread(  122): Publishing provider icc: com.android.phone.IccProvider
I/ActivityThread(  122): Publishing provider mms-sms: com.android.providers.telephony.MmsSmsProvider
D/dalvikvm(  126): GC_EXTERNAL_ALLOC freed 968 objects / 72584 bytes in 710ms
D/dalvikvm(  114): GC_FOR_MALLOC freed 390 objects / 393656 bytes in 439ms
D/ConnectivityService(   59): getMobileDataEnabled returning true
I/ARMAssembler(   59): generated scanline__00000077:03545404_00000004_00000000 [ 47 ipp] (67 ins) at [0x20f260:0x20f36c] in 1162368 ns
I/ActivityManager(   59): Start proc android.process.acore for content provider com.android.providers.contacts/.CallLogProvider: pid=157 uid=10000 gids={3003, 1015}
D/PhoneApp(  122): onCreate: mProximityWakeLock: null
I/ARMAssembler(   59): generated scanline__00000077:03010104_00000004_00000000 [ 22 ipp] (41 ins) at [0x21ccb8:0x21cd5c] in 3413703 ns
W/ActivityManager(   59): Unable to start service Intent { act=com.android.ussd.IExtendedNetworkService }: not found
D/PhoneApp(  122): Resetting audio state/mode: IDLE
D/MobileDataStateTracker(   59): default Received state= DISCONNECTED, old= DISCONNECTED, reason= gprsDetached, apnTypeList= default
I/ActivityThread(  157): Publishing provider com.android.social: com.android.providers.contacts.SocialProvider
I/ActivityThread(  157): Publishing provider applications: com.android.providers.applications.ApplicationsProvider
I/WindowManager(   59): Timeout waiting for wallpaper to offset: Window{43f93070 com.android.internal.service.wallpaper.ImageWallpaper paused=false}
D/dalvikvm(   59): GREF has increased to 201
I/ActivityThread(  157): Publishing provider contacts;com.android.contacts: com.android.providers.contacts.ContactsProvider2
W/ActivityManager(   59): Activity idle timeout for HistoryRecord{43fd63a8 com.android.launcher/com.android.launcher2.Launcher}
D/PowerManagerService(   59): bootCompleted
D/OtaStartupReceiver(  122): Not a CDMA phone, no need to process OTA
D/VoldCmdListener(   29): volume mount /mnt/sdcard
I/Vold    (   29): /dev/block/vold/179:0 being considered for volume sdcard
D/Vold    (   29): Volume sdcard state changing 1 (Idle-Unmounted) -> 3 (Checking)
I/ActivityManager(   59): Start proc android.process.media for broadcast com.android.providers.downloads/.DownloadReceiver: pid=174 uid=10002 gids={1015, 1006, 2001, 3003}
I/StorageNotification(   59): Media {/mnt/sdcard} state changed from {unmounted} -> {checking}
I/RecoverySystem(   59): No recovery log file
I/ActivityThread(  157): Publishing provider call_log: com.android.providers.contacts.CallLogProvider
I/ActivityThread(  157): Publishing provider user_dictionary: com.android.providers.userdictionary.UserDictionaryProvider
I//system/bin/fsck_msdos(   29): ** /dev/block/vold/179:0
I//system/bin/fsck_msdos(   29): ** Phase 1 - Read and Compare FATs
I//system/bin/fsck_msdos(   29): Attempting to allocate 254 KB for FAT
D/dalvikvm(   59): GC_FOR_MALLOC freed 7327 objects / 343344 bytes in 975ms
I/SurfaceFlinger(   59): Boot is finished (25105 ms)
I/SearchManagerService(   59): Building list of searchable activities
I/ActivityThread(  174): Publishing provider media: com.android.providers.media.MediaProvider
V/MediaProvider(  174): Attached volume: internal
I/ActivityThread(  174): Publishing provider downloads: com.android.providers.downloads.DownloadProvider
I/ActivityThread(  174): Publishing provider drm: com.android.providers.drm.DrmProvider
I/ActivityManager(   59): Start proc com.android.alarmclock for broadcast com.android.alarmclock/.AlarmInitReceiver: pid=185 uid=10009 gids={}
I/ActivityThread(  185): Publishing provider com.android.alarmclock: com.android.alarmclock.AlarmProvider
D/AndroidRuntime(  181): 
D/AndroidRuntime(  181): >>>>>>>>>>>>>> AndroidRuntime START <<<<<<<<<<<<<<
D/AndroidRuntime(  181): CheckJNI is ON
I/ActivityManager(   59): Start proc com.android.mms for broadcast com.android.mms/.transaction.MmsSystemEventReceiver: pid=193 uid=10015 gids={3003, 1015}
D/dalvikvm(   33): GC_EXPLICIT freed 268 objects / 10144 bytes in 419ms
D/AndroidRuntime(  181): --- registering native functions ---
D/dalvikvm(   33): GC_EXPLICIT freed 40 objects / 1768 bytes in 177ms
D/dalvikvm(   33): GC_EXPLICIT freed 2 objects / 48 bytes in 220ms
I/ActivityThread(  193): Publishing provider com.android.mms.SuggestionsProvider: com.android.mms.SuggestionsProvider
I/ActivityManager(   59): Start proc com.android.email for broadcast com.android.email/com.android.exchange.BootReceiver: pid=214 uid=10030 gids={3003, 1015}
D/MediaScannerService(  174): start scanning volume internal
I//system/bin/fsck_msdos(   29): Attempting to allocate 254 KB for FAT
I/ActivityThread(  214): Publishing provider com.android.email.provider: com.android.email.provider.EmailProvider
I/ActivityThread(  214): Publishing provider com.android.email.attachmentprovider: com.android.email.provider.AttachmentProvider
I/ActivityThread(  214): Publishing provider com.android.exchange.provider: com.android.exchange.provider.ExchangeProvider
I/ActivityManager(   59): Start proc com.android.defcontainer for service com.android.defcontainer/.DefaultContainerService: pid=222 uid=10010 gids={1015, 2001}
D/Exchange(  214): BootReceiver onReceive
I/ActivityManager(   59): Start proc com.android.protips for broadcast com.android.protips/.ProtipWidget: pid=229 uid=10007 gids={}
D/EAS SyncManager(  214): !!! EAS SyncManager, onCreate
D/dalvikvm(  122): GC_FOR_MALLOC freed 3359 objects / 209576 bytes in 585ms
D/EAS SyncManager(  214): !!! EAS SyncManager, onStartCommand
D/EAS SyncManager(  214): !!! EAS SyncManager, stopping self
D/Eas Debug(  214): Logging: 
D/EAS SyncManager(  214): !!! EAS SyncManager, onDestroy
I//system/bin/fsck_msdos(   29): ** Phase 2 - Check Cluster Chains
I//system/bin/fsck_msdos(   29): ** Phase 3 - Checking Directories
I//system/bin/fsck_msdos(   29): ** Phase 4 - Checking for Lost Files
I//system/bin/fsck_msdos(   29): 3 files, 32242 free (64485 clusters)
I/logwrapper(   29): /system/bin/fsck_msdos terminated by exit(0)
I/Vold    (   29): Filesystem check completed OK
I/Vold    (   29): Device /dev/block/vold/179:0, target /mnt/sdcard mounted @ /mnt/secure/staging
D/Vold    (   29): Volume sdcard state changing 3 (Checking) -> 4 (Mounted)
I/PackageManager(   59): Updating external media status from unmounted to mounted
I/StorageNotification(   59): Media {/mnt/sdcard} state changed from {checking} -> {mounted}
D/dalvikvm(  222): GC_EXPLICIT freed 602 objects / 49192 bytes in 115ms
I/ActivityManager(   59): Start proc com.android.quicksearchbox for broadcast com.android.quicksearchbox/.SearchWidgetProvider: pid=241 uid=10012 gids={3003}
I/ActivityThread(  241): Publishing provider com.android.quicksearchbox.google: com.android.quicksearchbox.google.GoogleSuggestionProvider
I/ActivityManager(   59): Start proc com.android.music for broadcast com.android.music/.MediaAppWidgetProvider: pid=250 uid=10022 gids={3003, 1015}
D/MediaScanner(  174):  prescan time: 2634ms
D/MediaScanner(  174):     scan time: 50ms
D/MediaScanner(  174): postscan time: 2ms
D/MediaScanner(  174):    total time: 2686ms
D/MediaScannerService(  174): done scanning volume internal
D/MediaScannerService(  174): start scanning volume external
V/MediaProvider(  174): /mnt/sdcard volume ID: 383532294
V/MediaProvider(  174): Attached volume: external
V/MediaScanner(  174): pruneDeadThumbnailFiles... android.database.sqlite.SQLiteCursor@43e74bf8
V/MediaScanner(  174): /pruneDeadThumbnailFiles... android.database.sqlite.SQLiteCursor@43e74bf8
D/MediaScanner(  174):  prescan time: 229ms
D/MediaScanner(  174):     scan time: 4ms
D/MediaScanner(  174): postscan time: 54ms
D/MediaScanner(  174):    total time: 287ms
D/MediaScannerService(  174): done scanning volume external
D/VoldCmdListener(   29): asec list
I/PackageManager(   59): No secure containers on sdcard
W/PackageManager(   59): Unknown permission com.google.android.googleapps.permission.GOOGLE_AUTH.mail in package com.android.contacts
W/PackageManager(   59): Unknown permission android.permission.ADD_SYSTEM_SERVICE in package com.android.phone
W/PackageManager(   59): Not granting permission android.permission.SEND_DOWNLOAD_COMPLETED_INTENTS to package com.android.browser (protectionLevel=2 flags=0x1be45)
W/PackageManager(   59): Unknown permission com.google.android.gm.permission.WRITE_GMAIL in package com.android.settings
W/PackageManager(   59): Unknown permission com.google.android.gm.permission.READ_GMAIL in package com.android.settings
W/PackageManager(   59): Unknown permission com.google.android.googleapps.permission.GOOGLE_AUTH in package com.android.settings
W/PackageManager(   59): Unknown permission com.google.android.googleapps.permission.GOOGLE_AUTH in package com.android.providers.contacts
W/PackageManager(   59): Unknown permission com.google.android.googleapps.permission.GOOGLE_AUTH.cp in package com.android.providers.contacts
W/PackageManager(   59): Unknown permission com.google.android.googleapps.permission.ACCESS_GOOGLE_PASSWORD in package com.android.development
W/PackageManager(   59): Unknown permission com.google.android.googleapps.permission.GOOGLE_AUTH in package com.android.development
W/PackageManager(   59): Unknown permission com.google.android.googleapps.permission.GOOGLE_AUTH.ALL_SERVICES in package com.android.development
W/PackageManager(   59): Unknown permission com.google.android.googleapps.permission.GOOGLE_AUTH.YouTubeUser in package com.android.development
D/dalvikvm(  126): GC_EXPLICIT freed 12860 objects / 647808 bytes in 122ms
D/PackageParser(   59): Scanning package: /data/app/vmdl41325.tmp
D/dalvikvm(   59): GC_FOR_MALLOC freed 10211 objects / 661400 bytes in 161ms
I/PackageManager(   59): Removing non-system package:com.rhomobile.newgithubclient
I/ActivityManager(   59): Force stopping package com.rhomobile.newgithubclient uid=10039
D/PackageManager(   59): Scanning package com.rhomobile.newgithubclient
I/PackageManager(   59): Package com.rhomobile.newgithubclient codePath changed from /data/app/com.rhomobile.newgithubclient-2.apk to /data/app/com.rhomobile.newgithubclient-1.apk; Retaining data and using new
I/PackageManager(   59): /data/app/com.rhomobile.newgithubclient-1.apk changed; unpacking
D/dalvikvm(   59): GC_FOR_MALLOC freed 14540 objects / 739448 bytes in 163ms
D/PackageManager(   59): Caching shared lib lib/armeabi/librhodes.so
D/installd(   35): DexInv: --- BEGIN '/data/app/com.rhomobile.newgithubclient-1.apk' ---
D/dalvikvm(  256): DexOpt: load 634ms, verify 1055ms, opt 34ms
D/installd(   35): DexInv: --- END '/data/app/com.rhomobile.newgithubclient-1.apk' (success) ---
W/PackageManager(   59): Code path for pkg : com.rhomobile.newgithubclient changing from /data/app/com.rhomobile.newgithubclient-2.apk to /data/app/com.rhomobile.newgithubclient-1.apk
W/PackageManager(   59): Resource path for pkg : com.rhomobile.newgithubclient changing from /data/app/com.rhomobile.newgithubclient-2.apk to /data/app/com.rhomobile.newgithubclient-1.apk
I/ActivityManager(   59): Force stopping package com.rhomobile.newgithubclient uid=10039
D/PackageManager(   59): Registered content provider: com.rhomobile.newgithubclient, className = com.rhomobile.rhodes.LocalFileProvider, isSyncable = false
D/PackageManager(   59):   Providers: com.rhomobile.rhodes.LocalFileProvider
D/PackageManager(   59):   Services: com.rhomobile.rhodes.RhodesService
D/PackageManager(   59):   Activities: com.rhomobile.rhodes.RhodesActivity com.rhomobile.rhodes.alert.PopupActivity com.rhomobile.rhodes.camera.FileList com.rhomobile.rhodes.camera.ImageCapture com.rhomobile.rhodes.signature.ImageCapture com.rhomobile.rhodes.datetime.DateTimePickerScreen com.rhomobile.rhodes.mapview.MapView com.rhomobile.rhodes.mapview.GoogleMapView com.rhomobile.rhodes.bluetooth.RhoBluetoothDeviceListActivity
I/installd(   35): move /data/dalvik-cache/data@app@com.rhomobile.newgithubclient-1.apk@classes.dex -> /data/dalvik-cache/data@app@com.rhomobile.newgithubclient-1.apk@classes.dex
D/PackageManager(   59): New package installed in /data/app/com.rhomobile.newgithubclient-1.apk
I/ActivityManager(   59): Force stopping package com.rhomobile.newgithubclient uid=10039
D/dalvikvm(  126): GC_EXPLICIT freed 774 objects / 37480 bytes in 126ms
I/ActivityManager(   59): Start proc com.svox.pico for broadcast com.svox.pico/.VoiceDataInstallerReceiver: pid=258 uid=10028 gids={}
D/dalvikvm(  157): GC_EXPLICIT freed 3946 objects / 245312 bytes in 634ms
D/dalvikvm(   59): GC_EXPLICIT freed 12537 objects / 674144 bytes in 339ms
W/RecognitionManagerService(   59): no available voice recognition services found
I/installd(   35): unlink /data/dalvik-cache/data@app@com.rhomobile.newgithubclient-2.apk@classes.dex
D/AndroidRuntime(  181): Shutting down VM
D/jdwp    (  181): adbd disconnected
I/AndroidRuntime(  181): NOTE: attach of thread 'Binder Thread #3' failed
I/ActivityThread(  258): Publishing provider com.svox.pico.providers.SettingsProvider: com.svox.pico.providers.SettingsProvider
D/AndroidRuntime(  268): 
D/AndroidRuntime(  268): >>>>>>>>>>>>>> AndroidRuntime START <<<<<<<<<<<<<<
D/AndroidRuntime(  268): CheckJNI is ON
D/KeyguardViewMediator(   59): pokeWakelock(5000)
D/AndroidRuntime(  268): --- registering native functions ---
D/KeyguardViewMediator(   59): pokeWakelock(5000)
I/ActivityManager(   59): Displayed activity com.android.launcher/com.android.launcher2.Launcher: 42842 ms (total 42842 ms)
I/ActivityManager(   59): Starting activity: Intent { act=android.intent.action.MAIN flg=0x10000000 cmp=com.rhomobile.newgithubclient/com.rhomobile.rhodes.RhodesActivity }
D/AndroidRuntime(  268): Shutting down VM
D/jdwp    (  268): adbd disconnected
I/AndroidRuntime(  268): NOTE: attach of thread 'Binder Thread #3' failed
I/ActivityManager(   59): Start proc com.rhomobile.newgithubclient for activity com.rhomobile.newgithubclient/com.rhomobile.rhodes.RhodesActivity: pid=276 uid=10039 gids={3003}
D/dalvikvm(  276): Trying to load lib /data/data/com.rhomobile.newgithubclient/lib/librhodes.so 0x43e37e20
D/dalvikvm(  276): Added shared lib /data/data/com.rhomobile.newgithubclient/lib/librhodes.so 0x43e37e20
I/ActivityThread(  276): Publishing provider com.rhomobile.newgithubclient: com.rhomobile.rhodes.LocalFileProvider
I/RhodesActivity(  276): >>>>>>>>>>>>>>> onCreate()
D/RhodesActivity(  276): RhodesActivity.onStart()
D/RhodesActivity(  276): RhodesActivity.onResume()
D/RhodesService(  276): Root path: /data/data/com.rhomobile.newgithubclient/rhodata/
D/RhodesService(  276): Sqlite journals path: /data/data/com.rhomobile.newgithubclient/sqlite_stmt_journals/
I/global  (  276): Default buffer size used in BufferedReader constructor. It would be better to be explicit if an 8k-char buffer is required.
I/RhodesService(  276): Application hash was changed
W/ActivityManager(   59): No content provider found for: 
D/RhodesService(  276): Root path: /data/data/com.rhomobile.newgithubclient/rhodata/
D/RhodesService(  276): Sqlite journals path: /data/data/com.rhomobile.newgithubclient/sqlite_stmt_journals/
I/global  (  276): Default buffer size used in BufferedReader constructor. It would be better to be explicit if an 8k-char buffer is required.
I/APP     (  276): I 06/16/2011 12:28:11:206 afd48828            RhodesApp| Trying to get free listening port.
I/APP     (  276): I 06/16/2011 12:28:11:215 afd48828            RhodesApp| Trying to bind of 0 port...
I/APP     (  276): I 06/16/2011 12:28:11:220 00238a48         AppCallbacks| Starting main routine...
I/APP     (  276): I 06/16/2011 12:28:11:225 00238a48         AppCallbacks| ThreadQueue blocked for 300 seconds...
I/APP     (  276): I 06/16/2011 12:28:11:227 afd48828            RhodesApp| Got port to bind on: 33779
I/APP     (  276): I 06/16/2011 12:28:11:233 afd48828            RhodesApp| Free listening port: 33779
D/dalvikvm(  276): GC_FOR_MALLOC freed 5424 objects / 347080 bytes in 94ms
I/APP     (  276): I 06/16/2011 12:28:11:414 afd48828               Rhodes| Loading...
I/APP     (  276): I 06/16/2011 12:28:12:143 afd48828            RhodesApp| callAppActiveCallback
I/APP     (  276): I 06/16/2011 12:28:12:144 afd48828         AppCallbacks| addCommand: APP-ACTIVATED
I/APP     (  276): I 06/16/2011 12:28:12:148 00238a48         AppCallbacks| Received command APP-ACTIVATED which is greater than expected (LOCAL-SERVER-STARTED) - postpone it
I/APP     (  276): I 06/16/2011 12:28:12:149 00238a48         AppCallbacks| ThreadQueue blocked for 300 seconds...
I/APP     (  276): I 06/16/2011 12:28:12:154 afd48828         AppActivated| Cannot commit now, application will be activated when started.
I/APP     (  276): I 06/16/2011 12:28:12:158 afd48828            Undefined| Handlers have completed.
I/APP     (  276): I 06/16/2011 12:28:12:160 afd48828    RhodesApplication| New AppState: Undefined
I/APP     (  276): I 06/16/2011 12:28:12:170 0025b430            RhodesApp| Starting RhodesApp main routine...
I/APP     (  276): I 06/16/2011 12:28:12:179 afd48828        RhodesService| handleCommand: startId=1, source=com.rhomobile.rhodes.BaseActivity
I/APP     (  276): I 06/16/2011 12:28:12:181 afd48828        RhodesService| New activity was created
I/APP     (  276): I 06/16/2011 12:28:12:206 afd48828         AppCallbacks| addCommand: UI-CREATED
I/APP     (  276): I 06/16/2011 12:28:12:210 00238a48         AppCallbacks| Received command UI-CREATED which is greater than expected (LOCAL-SERVER-STARTED) - postpone it
I/APP     (  276): I 06/16/2011 12:28:12:211 00238a48         AppCallbacks| ThreadQueue blocked for 300 seconds...
I/APP     (  276): I 06/16/2011 12:28:12:929 afd48828       RhodesActivity| onServiceConnected: {com.rhomobile.newgithubclient/com.rhomobile.rhodes.RhodesService}
I/APP     (  276): I 06/16/2011 12:28:13:935 0025b430              RhoRuby| Init_RhoBlobs: /data/data/com.rhomobile.newgithubclient/rhodata/db/db-files
I/APP     (  276): I 06/16/2011 12:28:14:021 0025b430              RhoRuby| require_compiled: rhoframework
I/APP     (  276): I 06/16/2011 12:28:14:103 0025b430              RhoRuby| require_compiled: rational
I/APP     (  276): I 06/16/2011 12:28:14:149 0025b430              RhoRuby| require_compiled: rhom/rhom_db_adapter
I/APP     (  276): I 06/16/2011 12:28:14:386 0025b430              RhoRuby| require_compiled: rhodes
I/APP     (  276): I 06/16/2011 12:28:14:425 0025b430              RhoRuby| require_compiled: rhom/rhom_object
I/APP     (  276): I 06/16/2011 12:28:14:493 0025b430              RhoRuby| require_compiled: rhofsconnector
I/APP     (  276): I 06/16/2011 12:28:14:499 0025b430              RhoRuby| require_compiled: rho/rhofsconnector
I/APP     (  276): I 06/16/2011 12:28:14:559 0025b430              RhoRuby| require_compiled: rhom/rhom_object_factory
I/ActivityManager(   59): Displayed activity com.rhomobile.newgithubclient/com.rhomobile.rhodes.RhodesActivity: 5557 ms (total 5557 ms)
I/APP     (  276): I 06/16/2011 12:28:15:566 0025b430              RhoRuby| require_compiled: rhom/rhom
I/APP     (  276): I 06/16/2011 12:28:15:613 0025b430              RhoRuby| require_compiled: rhom/rhom_model
I/APP     (  276): I 06/16/2011 12:28:15:659 0025b430              RhoRuby| require_compiled: rhom
I/APP     (  276): I 06/16/2011 12:28:15:676 0025b430              RhoRuby| require_compiled: rho/rhoapplication
I/APP     (  276): I 06/16/2011 12:28:15:728 0025b430              RhoRuby| require_compiled: rholang/localization_simplified
I/APP     (  276): I 06/16/2011 12:28:15:785 0025b430                  APP| Current locale: en; Country code: us
I/APP     (  276): I 06/16/2011 12:28:15:787 0025b430                  APP| file: /data/data/com.rhomobile.newgithubclient/rhodata/lib/rholang/lang_
I/APP     (  276): I 06/16/2011 12:28:15:793 0025b430              RhoRuby| require_compiled: /data/data/com.rhomobile.newgithubclient/rhodata/lib/rholang/lang_en
I/APP     (  276): I 06/16/2011 12:28:15:821 0025b430              RhoRuby| require_compiled: rho/rhomsg
I/APP     (  276): I 06/16/2011 12:28:15:835 0025b430                  APP| Current locale: en; Country code: us
I/APP     (  276): I 06/16/2011 12:28:15:836 0025b430                  APP| file: /data/data/com.rhomobile.newgithubclient/rhodata/lib/rholang/rhomsg_
I/APP     (  276): I 06/16/2011 12:28:15:844 0025b430              RhoRuby| require_compiled: /data/data/com.rhomobile.newgithubclient/rhodata/lib/rholang/rhomsg_en
I/APP     (  276): I 06/16/2011 12:28:15:863 0025b430              RhoRuby| require_compiled: rho/rhotabbar
I/APP     (  276): I 06/16/2011 12:28:15:884 0025b430              RhoRuby| require_compiled: rho/rhotoolbar
I/APP     (  276): I 06/16/2011 12:28:15:903 0025b430              RhoRuby| require_compiled: indifferent_access
I/APP     (  276): I 06/16/2011 12:28:15:943 0025b430              RhoRuby| require_compiled: rho/rhosupport
I/APP     (  276): I 06/16/2011 12:28:16:000 0025b430              RhoRuby| require_compiled: rho/rhocontroller
I/APP     (  276): I 06/16/2011 12:28:16:044 0025b430              RhoRuby| require_compiled: rho/render
I/APP     (  276): I 06/16/2011 12:28:16:126 0025b430              RhoRuby| require_compiled: rho/rho
I/APP     (  276): I 06/16/2011 12:28:16:433 0025b430              RhoRuby| require_compiled: rho/rhoerror
I/APP     (  276): I 06/16/2011 12:28:16:456 0025b430                  APP| Current locale: en; Country code: us
I/APP     (  276): I 06/16/2011 12:28:16:457 0025b430                  APP| file: /data/data/com.rhomobile.newgithubclient/rhodata/lib/rholang/rhoerror_
I/APP     (  276): I 06/16/2011 12:28:16:466 0025b430              RhoRuby| require_compiled: /data/data/com.rhomobile.newgithubclient/rhodata/lib/rholang/rhoerror_en
I/APP     (  276): I 06/16/2011 12:28:16:486 0025b430              RhoRuby| require_compiled: rhom/rhom_source
I/APP     (  276): I 06/16/2011 12:28:16:535 0025b430              RhoRuby| require_compiled: rho/rhoviewhelpers
I/APP     (  276): I 06/16/2011 12:28:16:571 0025b430              RhoRuby| require_compiled: rho
I/APP     (  276): I 06/16/2011 12:28:16:583 0025b430                  APP| RHO loaded
I/APP     (  276): I 06/16/2011 12:28:16:586 0025b430                  APP| Calling RHO.initialize
I/APP     (  276): I 06/16/2011 12:28:16:601 0025b430                  APP| model file: User/user
I/APP     (  276): I 06/16/2011 12:28:16:608 0025b430                   DB| Open DB: /data/data/com.rhomobile.newgithubclient/rhodata/db/syncdbuser.sqlite
I/APP     (  276): I 06/16/2011 12:28:16:802 0025b430            RhodesApp| Starting sync engine...
I/APP     (  276): I 06/16/2011 12:28:16:806 0025b430                 Sync| sync_poll_interval: 0
I/APP     (  276): I 06/16/2011 12:28:16:809 0025b430                 Sync| syncserver: 
I/APP     (  276): I 06/16/2011 12:28:16:811 0025b430                 Sync| bulksync_state: 0
I/APP     (  276): I 06/16/2011 12:28:16:819 0025b430            RhodesApp| RhoRubyInitApp...
I/APP     (  276): I 06/16/2011 12:28:16:825 0025b430                  APP| init_app
I/APP     (  276): I 06/16/2011 12:28:16:833 0025b430              RhoRuby| require_compiled: application
I/APP     (  276): I 06/16/2011 12:28:16:862 0025b430                  APP| Current locale: en; Country code: us
I/APP     (  276): I 06/16/2011 12:28:16:875 0025b430                  APP| on_reinstall_config_update: {"LogToOutput"=>["0", "1"]}
I/APP     (  276): I 06/16/2011 12:28:16:887 0025b430           HttpServer| Start HTTP server
I/APP     (  276): I 06/16/2011 12:28:16:893 0025b430         AppCallbacks| addCommand: LOCAL-SERVER-STARTED
I/APP     (  276): I 06/16/2011 12:28:16:899 00238a48         AppCallbacks| process command: LOCAL-SERVER-STARTED
I/APP     (  276): I 06/16/2011 12:28:16:902 00238a48           AppStarted| Handlers have completed.
I/APP     (  276): I 06/16/2011 12:28:16:903 00238a48         AppActivated| Handlers have completed.
I/APP     (  276): I 06/16/2011 12:28:16:904 00238a48    RhodesApplication| New AppState: AppActivated
I/APP     (  276): I 06/16/2011 12:28:16:905 00238a48         AppCallbacks| process command: UI-CREATED
I/APP     (  276): I 06/16/2011 12:28:16:950 0025b430           HttpServer| Process URI: '/system/uicreated'
I/APP     (  276): I 06/16/2011 12:28:16:953 0025b430                  APP| on_ui_created.navigate to start url: '/app/User/login'
I/APP     (  276): I 06/16/2011 12:28:17:028 00238a48         AppCallbacks| process command: APP-ACTIVATED
V/SimpleMainView(  276): ms[1308207497141] processForNativeView : [http://127.0.0.1:33779/app/User/login]
I/APP     (  276): I 06/16/2011 12:28:17:174 0025b430           HttpServer| Process URI: '/system/activateapp'
I/APP     (  276): I 06/16/2011 12:28:17:195 00238a48         AppCallbacks| ThreadQueue blocked for 300 seconds...
V/SimpleMainView.View(  276): ms[1308207497350]  Main Window :: onSizeChanged() old [ 480 x 775 ]  new [ 0 x 0 ]
I/ActivityManager(   59): Process android.process.acore (pid 157) has died.
I/APP     (  276): I 06/16/2011 12:28:17:926 0025b430           HttpServer| Process URI: '/app/User/login'
I/APP     (  276): I 06/16/2011 12:28:17:932 0025b430                  APP| RHO serve: /app/User/login
I/APP     (  276): I 06/16/2011 12:28:17:995 0025b430              RhoRuby| require_compiled: User/user_controller
I/APP     (  276): I 06/16/2011 12:28:18:022 0025b430              RhoRuby| require_compiled: helpers/browser_helper
I/APP     (  276): I 06/16/2011 12:28:18:110 0025b430   RHO UserController| Layout file: /data/data/com.rhomobile.newgithubclient/rhodata/apps/app/layout_erb.iseq. Content size: 1192
D/webviewglue(  276): nativeDestroy view: 0x30d760
D/dalvikvm(  276): GC_FOR_MALLOC freed 3047 objects / 522424 bytes in 142ms
I/APP     (  276): I 06/16/2011 12:28:18:936 0025b430           HttpServer| Process URI: '/public/jqtouch/jquery.1.3.2.min.js'
I/APP     (  276): I 06/16/2011 12:28:19:160 0025b430           HttpServer| Process URI: '/public/jqtouch/jqtouch.js'
I/APP     (  276): I 06/16/2011 12:28:19:299 0025b430           HttpServer| Process URI: '/public/jqtouch/jqtouch.css'
I/APP     (  276): I 06/16/2011 12:28:19:364 0025b430           HttpServer| Process URI: '/public/css/android.css'
D/dalvikvm(  114): GC_FOR_MALLOC freed 1478 objects / 212240 bytes in 110ms
I/DEBUG   (   31): debuggerd: Jun 30 2010 13:59:20
I/Netd    (   30): Netd 1.0 starting
D/qemud   (   38): entering main loop
I/Vold    (   29): Vold 2.1 (the revenge) firing up
D/Vold    (   29): Volume sdcard state changing -1 (Initializing) -> 0 (No-Media)
D/Vold    (   29): Volume sdcard state changing 0 (No-Media) -> 1 (Idle-Unmounted)
W/Vold    (   29): No UMS switch available
D/qemud   (   38): fdhandler_accept_event: accepting on fd 10
D/qemud   (   38): created client 0xe078 listening on fd 8
D/qemud   (   38): client_fd_receive: attempting registration for service 'boot-properties'
D/qemud   (   38): client_fd_receive:    -> received channel id 1
D/qemud   (   38): client_registration: registration succeeded for client 1
I/qemu-props(   52): connected to 'boot-properties' qemud service.
I/qemu-props(   52): received: dalvik.vm.heapsize=24m
I/qemu-props(   52): received: qemu.sf.lcd_density=240
I/qemu-props(   52): received: 
I/qemu-props(   52): invalid format, ignored.
D/qemud   (   38): fdhandler_accept_event: accepting on fd 10
D/qemud   (   38): created client 0xe078 listening on fd 11
D/qemud   (   38): fdhandler_event: disconnect on fd 11
D/qemud   (   38): fdhandler_accept_event: accepting on fd 10
D/qemud   (   38): created client 0xe078 listening on fd 11
D/qemud   (   38): client_fd_receive: attempting registration for service 'gsm'
D/qemud   (   38): client_fd_receive:    -> received channel id 2
D/AndroidRuntime(   33): 
D/AndroidRuntime(   33): >>>>>>>>>>>>>> AndroidRuntime START <<<<<<<<<<<<<<
D/AndroidRuntime(   33): CheckJNI is ON
D/qemud   (   38): client_registration: registration succeeded for client 2
I/        (   34): ServiceManager: 0xacd0
D/AudioHardwareInterface(   34): setMode(NORMAL)
I/CameraService(   34): CameraService started: pid=34
D/AndroidRuntime(   33): --- registering native functions ---
I/AudioFlinger(   34): AudioFlinger's thread 0xb3f0 ready to run
I/SamplingProfilerIntegration(   33): Profiler is disabled.
I/Zygote  (   33): Preloading classes...
E/Zygote  (   33): setreuid() failed. errno: 2
D/dalvikvm(   33): GC_EXPLICIT freed 821 objects / 47496 bytes in 11ms
D/dalvikvm(   33): GC_EXPLICIT freed 219 objects / 13600 bytes in 6ms
D/dalvikvm(   33): GC_EXPLICIT freed 253 objects / 14360 bytes in 9ms
D/dalvikvm(   33): GC_EXPLICIT freed 468 objects / 28984 bytes in 8ms
D/dalvikvm(   33): GC_EXPLICIT freed 2088 objects / 108280 bytes in 12ms
W/MediaProfiles(   33): could not find media config xml file
D/dalvikvm(   33): GC_EXPLICIT freed 279 objects / 15984 bytes in 14ms
D/dalvikvm(   33): GC_FOR_MALLOC freed 5052 objects / 223992 bytes in 24ms
D/dalvikvm(   33): GC_FOR_MALLOC freed 11253 objects / 381344 bytes in 29ms
D/dalvikvm(   33): GC_FOR_MALLOC freed 9798 objects / 461152 bytes in 39ms
D/dalvikvm(   33): GC_FOR_MALLOC freed 8690 objects / 422872 bytes in 36ms
D/dalvikvm(   33): GC_FOR_MALLOC freed 7835 objects / 458864 bytes in 35ms
D/dalvikvm(   33): GC_FOR_MALLOC freed 7626 objects / 457776 bytes in 35ms
D/dalvikvm(   33): GC_FOR_MALLOC freed 8231 objects / 513296 bytes in 36ms
D/dalvikvm(   33): GC_FOR_MALLOC freed 7558 objects / 487104 bytes in 50ms
D/dalvikvm(   33): GC_EXPLICIT freed 175 objects / 9248 bytes in 29ms
D/dalvikvm(   33): GC_EXPLICIT freed 594 objects / 29024 bytes in 29ms
D/dalvikvm(   33): GC_EXPLICIT freed 449 objects / 25280 bytes in 33ms
D/dalvikvm(   33): GC_EXPLICIT freed 308 objects / 35136 bytes in 43ms
D/dalvikvm(   33): GC_EXPLICIT freed 279 objects / 18896 bytes in 44ms
D/dalvikvm(   33): GC_EXPLICIT freed 341 objects / 18472 bytes in 43ms
D/dalvikvm(   33): GC_EXPLICIT freed 449 objects / 28352 bytes in 42ms
D/dalvikvm(   33): GC_EXPLICIT freed 529 objects / 53248 bytes in 46ms
D/dalvikvm(   33): GC_EXPLICIT freed 623 objects / 34016 bytes in 51ms
D/dalvikvm(   33): GC_EXPLICIT freed 861 objects / 46872 bytes in 50ms
D/dalvikvm(   33): GC_EXPLICIT freed 1747 objects / 85512 bytes in 56ms
D/dalvikvm(   33): GC_EXPLICIT freed 447 objects / 29416 bytes in 56ms
D/dalvikvm(   33): GC_EXPLICIT freed 315 objects / 20184 bytes in 58ms
I/Zygote  (   33): ...preloaded 1265 classes in 8968ms.
E/Zygote  (   33): setreuid() failed. errno: 17
D/dalvikvm(   33): GC_EXPLICIT freed 104 objects / 14200 bytes in 54ms
I/Zygote  (   33): Preloading resources...
W/Zygote  (   33): Preloaded drawable resource #0x1080093 (res/drawable-hdpi/sym_def_app_icon.png) that varies with configuration!!
W/Zygote  (   33): Preloaded drawable resource #0x1080002 (res/drawable-hdpi/arrow_down_float.png) that varies with configuration!!
W/Zygote  (   33): Preloaded drawable resource #0x10800b3 (res/drawable/btn_check.xml) that varies with configuration!!
W/Zygote  (   33): Preloaded drawable resource #0x10800b6 (res/drawable-hdpi/btn_check_label_background.9.png) that varies with configuration!!
W/Zygote  (   33): Preloaded drawable resource #0x10800b7 (res/drawable-hdpi/btn_check_off.png) that varies with configuration!!
W/Zygote  (   33): Preloaded drawable resource #0x10800bc (res/drawable-hdpi/btn_check_on.png) that varies with configuration!!
W/Zygote  (   33): Preloaded drawable resource #0x1080004 (res/drawable/btn_default.xml) that varies with configuration!!
W/Zygote  (   33): Preloaded drawable resource #0x1080005 (res/drawable/btn_default_small.xml) that varies with configuration!!
W/Zygote  (   33): Preloaded drawable resource #0x1080006 (res/drawable/btn_dropdown.xml) that varies with configuration!!
W/Zygote  (   33): Preloaded drawable resource #0x1080008 (res/drawable/btn_plus.xml) that varies with configuration!!
W/Zygote  (   33): Preloaded drawable resource #0x1080007 (res/drawable/btn_minus.xml) that varies with configuration!!
W/Zygote  (   33): Preloaded drawable resource #0x1080009 (res/drawable/btn_radio.xml) that varies with configuration!!
W/Zygote  (   33): Preloaded drawable resource #0x108000a (res/drawable/btn_star.xml) that varies with configuration!!
D/dalvikvm(   33): GC_EXPLICIT freed 421 objects / 25848 bytes in 49ms
W/Zygote  (   33): Preloaded drawable resource #0x1080131 (res/drawable/btn_toggle.xml) that varies with configuration!!
W/Zygote  (   33): Preloaded drawable resource #0x1080194 (res/drawable-hdpi/ic_emergency.png) that varies with configuration!!
W/Zygote  (   33): Preloaded drawable resource #0x1080012 (res/drawable-hdpi/divider_horizontal_bright.9.png) that varies with configuration!!
W/Zygote  (   33): Preloaded drawable resource #0x1080014 (res/drawable-hdpi/divider_horizontal_dark.9.png) that varies with configuration!!
W/Zygote  (   33): Preloaded drawable resource #0x1080016 (res/drawable/edit_text.xml) that varies with configuration!!
W/Zygote  (   33): Preloaded drawable resource #0x108016d (res/drawable/expander_group.xml) that varies with configuration!!
W/Zygote  (   33): Preloaded drawable resource #0x1080062 (res/drawable/list_selector_background.xml) that varies with configuration!!
W/Zygote  (   33): Preloaded drawable resource #0x1080227 (res/drawable-hdpi/menu_background.9.png) that varies with configuration!!
W/Zygote  (   33): Preloaded drawable resource #0x1080228 (res/drawable-hdpi/menu_background_fill_parent_width.9.png) that varies with configuration!!
W/Zygote  (   33): Preloaded drawable resource #0x1080229 (res/drawable/menu_selector.xml) that varies with configuration!!
W/Zygote  (   33): Preloaded drawable resource #0x1080234 (res/drawable-hdpi/panel_background.9.png) that varies with configuration!!
W/Zygote  (   33): Preloaded drawable resource #0x108023b (res/drawable-hdpi/popup_bottom_bright.9.png) that varies with configuration!!
W/Zygote  (   33): Preloaded drawable resource #0x108023c (res/drawable-hdpi/popup_bottom_dark.9.png) that varies with configuration!!
W/Zygote  (   33): Preloaded drawable resource #0x108023d (res/drawable-hdpi/popup_bottom_medium.9.png) that varies with configuration!!
W/Zygote  (   33): Preloaded drawable resource #0x108023e (res/drawable-hdpi/popup_center_bright.9.png) that varies with configuration!!
W/Zygote  (   33): Preloaded drawable resource #0x108023f (res/drawable-hdpi/popup_center_dark.9.png) that varies with configuration!!
W/Zygote  (   33): Preloaded drawable resource #0x1080242 (res/drawable-hdpi/popup_full_dark.9.png) that varies with configuration!!
W/Zygote  (   33): Preloaded drawable resource #0x1080245 (res/drawable-hdpi/popup_top_bright.9.png) that varies with configuration!!
W/Zygote  (   33): Preloaded drawable resource #0x1080246 (res/drawable-hdpi/popup_top_dark.9.png) that varies with configuration!!
W/Zygote  (   33): Preloaded drawable resource #0x108006d (res/drawable/progress_indeterminate_horizontal.xml) that varies with configuration!!
W/Zygote  (   33): Preloaded drawable resource #0x108024c (res/drawable/progress_small.xml) that varies with configuration!!
W/Zygote  (   33): Preloaded drawable resource #0x108024d (res/drawable/progress_small_titlebar.xml) that varies with configuration!!
W/Zygote  (   33): Preloaded drawable resource #0x1080270 (res/drawable-hdpi/scrollbar_handle_horizontal.9.png) that varies with configuration!!
