W/Zygote  (   33): Preloaded drawable resource #0x1080271 (res/drawable-hdpi/scrollbar_handle_vertical.9.png) that varies with configuration!!
D/dalvikvm(   33): GC_EXPLICIT freed 477 objects / 32608 bytes in 53ms
W/Zygote  (   33): Preloaded drawable resource #0x1080071 (res/drawable/spinner_dropdown_background.xml) that varies with configuration!!
W/Zygote  (   33): Preloaded drawable resource #0x1080354 (res/drawable-hdpi/title_bar_shadow.9.png) that varies with configuration!!
W/Zygote  (   33): Preloaded drawable resource #0x10801d6 (res/drawable-hdpi/indicator_code_lock_drag_direction_green_up.png) that varies with configuration!!
W/Zygote  (   33): Preloaded drawable resource #0x10801d7 (res/drawable-hdpi/indicator_code_lock_drag_direction_red_up.png) that varies with configuration!!
W/Zygote  (   33): Preloaded drawable resource #0x10801d8 (res/drawable-hdpi/indicator_code_lock_point_area_default.png) that varies with configuration!!
W/Zygote  (   33): Preloaded drawable resource #0x10801d9 (res/drawable-hdpi/indicator_code_lock_point_area_green.png) that varies with configuration!!
W/Zygote  (   33): Preloaded drawable resource #0x10801da (res/drawable-hdpi/indicator_code_lock_point_area_red.png) that varies with configuration!!
W/Zygote  (   33): Preloaded drawable resource #0x10801e8 (res/drawable-hdpi/jog_tab_bar_left_end_confirm_gray.9.png) that varies with configuration!!
W/Zygote  (   33): Preloaded drawable resource #0x10801ec (res/drawable-hdpi/jog_tab_bar_left_end_normal.9.png) that varies with configuration!!
W/Zygote  (   33): Preloaded drawable resource #0x10801ed (res/drawable-hdpi/jog_tab_bar_left_end_pressed.9.png) that varies with configuration!!
W/Zygote  (   33): Preloaded drawable resource #0x10801f1 (res/drawable-hdpi/jog_tab_bar_right_end_confirm_gray.9.png) that varies with configuration!!
W/Zygote  (   33): Preloaded drawable resource #0x10801f5 (res/drawable-hdpi/jog_tab_bar_right_end_normal.9.png) that varies with configuration!!
W/Zygote  (   33): Preloaded drawable resource #0x10801f6 (res/drawable-hdpi/jog_tab_bar_right_end_pressed.9.png) that varies with configuration!!
W/Zygote  (   33): Preloaded drawable resource #0x10801fb (res/drawable-hdpi/jog_tab_left_confirm_gray.png) that varies with configuration!!
W/Zygote  (   33): Preloaded drawable resource #0x1080200 (res/drawable-hdpi/jog_tab_left_normal.png) that varies with configuration!!
W/Zygote  (   33): Preloaded drawable resource #0x1080201 (res/drawable-hdpi/jog_tab_left_pressed.png) that varies with configuration!!
W/Zygote  (   33): Preloaded drawable resource #0x1080203 (res/drawable-hdpi/jog_tab_right_confirm_gray.png) that varies with configuration!!
W/Zygote  (   33): Preloaded drawable resource #0x1080209 (res/drawable-hdpi/jog_tab_right_normal.png) that varies with configuration!!
W/Zygote  (   33): Preloaded drawable resource #0x108020a (res/drawable-hdpi/jog_tab_right_pressed.png) that varies with configuration!!
W/Zygote  (   33): Preloaded drawable resource #0x108020d (res/drawable-hdpi/jog_tab_target_gray.png) that varies with configuration!!
I/Zygote  (   33): ...preloaded 61 resources in 714ms.
I/Zygote  (   33): ...preloaded 15 resources in 27ms.
D/dalvikvm(   33): GC_EXPLICIT freed 503 objects / 37880 bytes in 51ms
D/dalvikvm(   33): GC_EXPLICIT freed 150 objects / 5808 bytes in 52ms
D/dalvikvm(   33): GC_EXPLICIT freed 2 objects / 48 bytes in 51ms
I/dalvikvm(   33): System server process 60 has been created
I/Zygote  (   33): Accepting command socket connections
E/BatteryService(   60): usbOnlinePath not found
E/BatteryService(   60): batteryVoltagePath not found
E/BatteryService(   60): batteryTemperaturePath not found
I/sysproc (   60): Entered system_init()
I/sysproc (   60): ServiceManager: 0x11ff90
I/SurfaceFlinger(   60): SurfaceFlinger is starting
I/SurfaceFlinger(   60): SurfaceFlinger's main thread ready to run. Initializing graphics H/W...
E/SurfaceFlinger(   60): Couldn't open /sys/power/wait_for_fb_sleep or /sys/power/wait_for_fb_wake
I/gralloc (   60): using (fd=24)
I/gralloc (   60): id           = 
I/gralloc (   60): xres         = 480 px
I/gralloc (   60): yres         = 800 px
I/gralloc (   60): xres_virtual = 480 px
I/gralloc (   60): yres_virtual = 1600 px
I/gralloc (   60): bpp          = 16
I/gralloc (   60): r            = 11:5
I/gralloc (   60): g            =  5:6
I/gralloc (   60): b            =  0:5
I/gralloc (   60): width        = 74 mm (164.756760 dpi)
I/gralloc (   60): height       = 123 mm (165.203247 dpi)
I/gralloc (   60): refresh rate = 60.00 Hz
D/libEGL  (   60): egl.cfg not found, using default config
D/libEGL  (   60): loaded /system/lib/egl/libGLES_android.so
I/SurfaceFlinger(   60): EGL informations:
I/SurfaceFlinger(   60): # of configs : 8
I/SurfaceFlinger(   60): vendor    : Android
I/SurfaceFlinger(   60): version   : 1.4 Android META-EGL
I/SurfaceFlinger(   60): extensions: EGL_KHR_image EGL_KHR_image_base EGL_KHR_image_pixmap EGL_ANDROID_image_native_buffer EGL_ANDROID_swap_rectangle EGL_ANDROID_get_render_buffer 
I/SurfaceFlinger(   60): Client API: OpenGL ES
I/SurfaceFlinger(   60): EGLSurface: 5-6-5-0, config=0x1000000
I/SurfaceFlinger(   60): flags     : 001c0000
I/SurfaceFlinger(   60): OpenGL informations:
I/SurfaceFlinger(   60): vendor    : Android
I/SurfaceFlinger(   60): renderer  : Android PixelFlinger 1.3
I/SurfaceFlinger(   60): version   : OpenGL ES-CM 1.0
I/SurfaceFlinger(   60): extensions: GL_OES_byte_coordinates GL_OES_fixed_point GL_OES_single_precision GL_OES_read_format GL_OES_compressed_paletted_texture GL_OES_draw_texture GL_OES_matrix_get GL_OES_query_matrix GL_OES_EGL_image GL_OES_compressed_ETC1_RGB8_texture GL_ARB_texture_compression GL_ARB_texture_non_power_of_two GL_ANDROID_user_clip_plane GL_ANDROID_vertex_buffer_object GL_ANDROID_generate_mipmap 
I/SurfaceFlinger(   60): GL_MAX_TEXTURE_SIZE = 4096
I/SurfaceFlinger(   60): GL_MAX_VIEWPORT_DIMS = 4096
I/sysproc (   60): System server: starting Android runtime.
I/sysproc (   60): System server: starting Android services.
I/SystemServer(   60): Entered the Android system server!
I/sysproc (   60): System server: entering thread pool.
I/SystemServer(   60): Entropy Service
I/SystemServer(   60): Power Manager
I/SystemServer(   60): Activity Manager
I/ActivityManager(   60): Memory class: 24
I/BootAnimation(   70): boot animation disabled
W/UsageStats(   60): Usage stats version changed; dropping
I/SystemServer(   60): Telephony Registry
I/SystemServer(   60): Package Manager
I/Installer(   60): connecting...
I/installd(   35): new connection
I/PackageManager(   60): Libs: android.test.runner:/system/framework/android.test.runner.jar javax.obex:/system/framework/javax.obex.jar
I/PackageManager(   60): Features: android.hardware.camera android.hardware.camera.autofocus
D/dalvikvm(   60): GC_FOR_MALLOC freed 5052 objects / 223840 bytes in 112ms
W/PackageManager(   60): Running ENG build: no pre-dexopt!
D/PackageManager(   60): Scanning app dir /system/framework
D/PackageManager(   60): Scanning app dir /system/app
D/dalvikvm(   60): GC_FOR_MALLOC freed 7399 objects / 364848 bytes in 90ms
D/dalvikvm(   60): GC_FOR_MALLOC freed 5306 objects / 291824 bytes in 176ms
D/PackageManager(   60): Scanning app dir /data/app
D/dalvikvm(   60): GC_FOR_MALLOC freed 7007 objects / 368584 bytes in 102ms
W/PackageParser(   60): No actions in intent filter at /data/app/ApiDemos.apk Binary XML file line #1841
W/PackageParser(   60): No actions in intent filter at /data/app/ApiDemos.apk Binary XML file line #1847
W/PackageManager(   60): Package com.example.android.apis desires unavailable shared library com.example.will.never.exist; ignoring!
D/PackageManager(   60): Scanning app dir /data/app-private
I/PackageManager(   60): Time to scan packages: 3.797 seconds
W/PackageManager(   60): Unknown permission com.google.android.googleapps.permission.GOOGLE_AUTH.mail in package com.android.contacts
W/PackageManager(   60): Unknown permission android.permission.ADD_SYSTEM_SERVICE in package com.android.phone
W/PackageManager(   60): Not granting permission android.permission.SEND_DOWNLOAD_COMPLETED_INTENTS to package com.android.browser (protectionLevel=2 flags=0x1be45)
W/PackageManager(   60): Unknown permission com.google.android.gm.permission.WRITE_GMAIL in package com.android.settings
W/PackageManager(   60): Unknown permission com.google.android.gm.permission.READ_GMAIL in package com.android.settings
W/PackageManager(   60): Unknown permission com.google.android.googleapps.permission.GOOGLE_AUTH in package com.android.settings
W/PackageManager(   60): Unknown permission com.google.android.googleapps.permission.GOOGLE_AUTH in package com.android.providers.contacts
W/PackageManager(   60): Unknown permission com.google.android.googleapps.permission.GOOGLE_AUTH.cp in package com.android.providers.contacts
W/PackageManager(   60): Unknown permission com.google.android.googleapps.permission.ACCESS_GOOGLE_PASSWORD in package com.android.development
W/PackageManager(   60): Unknown permission com.google.android.googleapps.permission.GOOGLE_AUTH in package com.android.development
W/PackageManager(   60): Unknown permission com.google.android.googleapps.permission.GOOGLE_AUTH.ALL_SERVICES in package com.android.development
W/PackageManager(   60): Unknown permission com.google.android.googleapps.permission.GOOGLE_AUTH.YouTubeUser in package com.android.development
D/dalvikvm(   60): GC_EXPLICIT freed 5348 objects / 328800 bytes in 101ms
I/SystemServer(   60): Account Manager
I/SystemServer(   60): Content Manager
I/SystemServer(   60): System Content Providers
I/ActivityThread(   60): Publishing provider settings: com.android.providers.settings.SettingsProvider
I/SystemServer(   60): Battery Service
I/SystemServer(   60): Lights Service
I/SystemServer(   60): Vibrator Service
D/qemud   (   38): fdhandler_accept_event: accepting on fd 10
D/qemud   (   38): created client 0x11008 listening on fd 12
D/qemud   (   38): client_fd_receive: attempting registration for service 'hw-control'
D/qemud   (   38): client_fd_receive:    -> received channel id 3
D/qemud   (   38): client_registration: registration succeeded for client 3
I/SystemServer(   60): Alarm Manager
I/SystemServer(   60): Init Watchdog
I/SystemServer(   60): Sensor Service
D/qemud   (   38): fdhandler_accept_event: accepting on fd 10
D/qemud   (   38): created client 0xc038 listening on fd 13
D/qemud   (   38): client_fd_receive: attempting registration for service 'sensors'
D/qemud   (   38): client_fd_receive:    -> received channel id 4
D/qemud   (   38): client_registration: registration succeeded for client 4
D/qemud   (   38): fdhandler_event: disconnect on fd 13
I/SystemServer(   60): Window Manager
I/EventHub(   60): New keyboard: device->id=0x10000 devname='qwerty2' propName='hw.keyboards.65536.devname' keylayout='/system/usr/keylayout/qwerty.kl'
I/EventHub(   60): New device: path=/dev/input/event0 name=qwerty2 id=0x10000 (of 0x1) index=1 fd=47 classes=0x2f
E/EventHub(   60): could not get driver version for /dev/input/mouse0, Not a typewriter
E/EventHub(   60): could not get driver version for /dev/input/mice, Not a typewriter
I/KeyInputQueue(   60): Device added: id=0x0, name=qwerty2, classes=2f
I/KeyInputQueue(   60):   X: min=0 max=479 flat=0 fuzz=0
I/KeyInputQueue(   60):   Y: min=0 max=799 flat=0 fuzz=0
I/KeyInputQueue(   60):   Pressure: unknown values
I/KeyInputQueue(   60):   Size: unknown values
I/KeyInputQueue(   60): No virtual keys found
D/qemud   (   38): fdhandler_accept_event: accepting on fd 10
D/qemud   (   38): created client 0xc038 listening on fd 13
D/qemud   (   38): client_fd_receive: attempting registration for service 'sensors'
D/qemud   (   38): client_fd_receive:    -> received channel id 5
D/qemud   (   38): client_registration: registration succeeded for client 5
D/qemud   (   38): fdhandler_event: disconnect on fd 13
I/SystemServer(   60): Registering null Bluetooth Service (emulator)
E/System  (   60): Failure starting core service
E/System  (   60): java.lang.SecurityException
E/System  (   60): 	at android.os.BinderProxy.transact(Native Method)
E/System  (   60): 	at android.os.ServiceManagerProxy.addService(ServiceManagerNative.java:146)
E/System  (   60): 	at android.os.ServiceManager.addService(ServiceManager.java:72)
E/System  (   60): 	at com.android.server.ServerThread.run(SystemServer.java:184)
I/SystemServer(   60): Device Policy
I/SystemServer(   60): Status Bar
I/SystemServer(   60): Clipboard Service
I/SystemServer(   60): Input Method Service
I/InputManagerService(   60): Enabled input methods: com.android.inputmethod.latin/.LatinIME:com.android.inputmethod.pinyin/.PinyinIME:jp.co.omronsoft.openwnn/.OpenWnnJAJP
I/SystemServer(   60): NetStat Service
I/SystemServer(   60): NetworkManagement Service
I/SystemServer(   60): Connectivity Service
V/ConnectivityService(   60): ConnectivityService starting up
D/ConnectivityService(   60): getMobileDataEnabled returning true
V/ConnectivityService(   60): Starting Wifi Service.
I/WifiService(   60): WifiService starting up with Wi-Fi disabled
D/Tethering(   60): Tethering starting
D/NetworkManagmentService(   60): Registering observer
I/SystemServer(   60): Throttle Service
I/SystemServer(   60): Accessibility Manager
I/SystemServer(   60): Mount Service
I/SystemServer(   60): Notification Manager
D/VoldCmdListener(   29): volume list
I/PackageManager(   60): Updating external media status from unmounted to unmounted
I/SystemServer(   60): Device Storage Monitor
D/VoldCmdListener(   29): share status ums
I/SystemServer(   60): Location Manager
I/SystemServer(   60): Search Service
I/SystemServer(   60): DropBox Service
I/SystemServer(   60): Wallpaper Service
I/SystemServer(   60): Audio Service
D/dalvikvm(   60): GC_FOR_MALLOC freed 4142 objects / 246600 bytes in 115ms
D/AudioHardwareInterface(   34): setMode(NORMAL)
W/AudioPolicyManagerBase(   34): setPhoneState() setting same state 0
E/SoundPool(   60): error loading /system/media/audio/ui/Effect_Tick.ogg
W/AudioService(   60): Soundpool could not load file: /system/media/audio/ui/Effect_Tick.ogg
E/SoundPool(   60): error loading /system/media/audio/ui/KeypressStandard.ogg
W/AudioService(   60): Soundpool could not load file: /system/media/audio/ui/KeypressStandard.ogg
E/SoundPool(   60): error loading /system/media/audio/ui/KeypressSpacebar.ogg
W/AudioService(   60): Soundpool could not load file: /system/media/audio/ui/KeypressSpacebar.ogg
E/SoundPool(   60): error loading /system/media/audio/ui/KeypressDelete.ogg
W/AudioService(   60): Soundpool could not load file: /system/media/audio/ui/KeypressDelete.ogg
E/SoundPool(   60): error loading /system/media/audio/ui/KeypressReturn.ogg
W/AudioService(   60): Soundpool could not load file: /system/media/audio/ui/KeypressReturn.ogg
I/SystemServer(   60): Headset Observer
W/HeadsetObserver(   60): This kernel does not have wired headset support
I/SystemServer(   60): Dock Observer
W/DockObserver(   60): This kernel does not have dock station support
I/SystemServer(   60): UI Mode Manager Service
I/SystemServer(   60): Backup Service
V/BackupManagerService(   60): No ancestral data
I/BackupManagerService(   60): Found stale backup journal, scheduling:
I/BackupManagerService(   60):     + com.android.inputmethod.latin
I/BackupManagerService(   60):     + com.android.browser
I/BackupManagerService(   60):     + com.android.providers.userdictionary
I/BackupManagerService(   60):     + android
I/BackupManagerService(   60):     + com.android.providers.settings
I/BackupManagerService(   60): Backup enabled => false
I/SystemServer(   60): AppWidget Service
I/SystemServer(   60): Recognition Service
D/VoldCmdListener(   29): share status ums
D/StorageNotification(   60): Startup with UMS connection false (media state unmounted)
I/SystemServer(   60): DiskStats Service
I/WindowManager(   60): SAFE MODE not enabled
W/DevicePolicyManagerService(   60): failed parsing /data/system/device_policies.xml java.io.FileNotFoundException: /data/system/device_policies.xml (No such file or directory)
I/ActivityManager(   60): Config changed: { scale=1.0 imsi=0/0 loc=en_US touch=3 keys=2/1/2 nav=3/1 orien=1 layout=34 uiMode=0 seq=1}
D/PowerManagerService(   60): system ready!
I/ActivityManager(   60): Sending system update to: ComponentInfo{com.android.providers.contacts/com.android.providers.contacts.ContactsUpgradeReceiver}
I/Zygote  (   60): Process: zygote socket opened
I/ActivityManager(   60): Start proc android.process.acore for broadcast com.android.providers.contacts/.ContactsUpgradeReceiver: pid=104 uid=10000 gids={3003, 1015}
W/StatusBar(   60): No icon ID for slot ime
I/ActivityManager(   60): Launching preboot mode app: ProcessRecord{44fc8af0 104:android.process.acore/10000}
D/qemud   (   38): fdhandler_accept_event: accepting on fd 10
D/qemud   (   38): created client 0xc038 listening on fd 13
D/qemud   (   38): client_fd_receive: attempting registration for service 'sensors'
D/qemud   (   38): client_fd_receive:    -> received channel id 6
D/qemud   (   38): client_registration: registration succeeded for client 6
I/ActivityManager(   60): Starting activity: Intent { act=android.intent.action.MAIN cat=[android.intent.category.HOME] flg=0x10000000 cmp=com.android.launcher/com.android.launcher2.Launcher }
I/ActivityManager(   60): Removing system update proc: ProcessRecord{44fc8af0 104:android.process.acore/10000}
I/Process (   60): Sending signal. PID: 104 SIG: 9
I/ActivityManager(   60): System now ready
I/SystemServer(   60): Making services ready
I/ActivityManager(   60): Config changed: { scale=1.0 imsi=0/0 loc=en_US touch=3 keys=2/1/2 nav=3/1 orien=1 layout=34 uiMode=17 seq=2}
W/RecognitionManagerService(   60): no available voice recognition services found
D/StatusBar(   60): DISABLE_EXPAND: yes
I/ARMAssembler(   60): generated scanline__00000177:03515104_00001001_00000000 [ 91 ipp] (114 ins) at [0x2e43d0:0x2e4598] in 7955833 ns
I/ARMAssembler(   60): generated scanline__00000177:03515104_00000001_00000000 [ 73 ipp] (95 ins) at [0x2e6060:0x2e61dc] in 550210 ns
I/ActivityManager(   60): Start proc jp.co.omronsoft.openwnn for service jp.co.omronsoft.openwnn/.OpenWnnJAJP: pid=115 uid=10023 gids={}
D/libhardware_legacy(   60): using QEMU GPS Hardware emulation
D/NetworkManagmentService(   60): Registering observer
E/ThrottleService(   60): Could not open GPS configuration file /etc/gps.conf
I/ActivityManager(   60): Start proc com.android.phone for added application com.android.phone: pid=119 uid=1001 gids={3002, 3001, 3003, 1015}
I/ActivityManager(   60): Start proc com.android.launcher for activity com.android.launcher/com.android.launcher2.Launcher: pid=121 uid=10025 gids={}
I/ActivityManager(   60): Start proc com.android.settings for broadcast com.android.settings/.widget.SettingsAppWidgetProvider: pid=124 uid=1000 gids={3002, 3001, 3003}
D/dalvikvm(   60): GC_FOR_MALLOC freed 5613 objects / 318288 bytes in 662ms
W/GpsLocationProvider(   60): Could not open GPS configuration file /etc/gps.conf
E/logwrapper(  144): executing /system/bin/tc failed: No such file or directory
I/logwrapper(   30): /system/bin/tc terminated by exit(255)
E/logwrapper(  145): executing /system/bin/tc failed: No such file or directory
I/logwrapper(   30): /system/bin/tc terminated by exit(255)
E/logwrapper(  146): executing /system/bin/tc failed: No such file or directory
I/logwrapper(   30): /system/bin/tc terminated by exit(255)
W/ActivityManager(   60): Unable to start service Intent { act=@0 }: not found
W/ActivityManager(   60): Unable to start service Intent { act=@0 }: not found
D/qemud   (   38): fdhandler_accept_event: accepting on fd 10
D/qemud   (   38): created client 0xc088 listening on fd 14
I/ActivityThread(  121): Publishing provider com.android.launcher2.settings: com.android.launcher2.LauncherProvider
I/ActivityThread(  119): Publishing provider mms: com.android.providers.telephony.MmsProvider
D/dalvikvm(  115): No JNI_OnLoad found in /system/lib/libwnndict.so 0x44e7e588, skipping init
D/qemud   (   38): client_fd_receive: attempting registration for service 'gps'
D/qemud   (   38): client_fd_receive:    -> received channel id 7
D/qemud   (   38): client_registration: registration succeeded for client 7
I/ActivityThread(  119): Publishing provider sms: com.android.providers.telephony.SmsProvider
I/ActivityThread(  119): Publishing provider telephony: com.android.providers.telephony.TelephonyProvider
I/ActivityThread(  119): Publishing provider icc: com.android.phone.IccProvider
D/dalvikvm(  121): GC_EXTERNAL_ALLOC freed 968 objects / 72584 bytes in 465ms
D/dalvikvm(  115): GC_FOR_MALLOC freed 1373 objects / 241160 bytes in 466ms
I/ActivityThread(  119): Publishing provider mms-sms: com.android.providers.telephony.MmsSmsProvider
D/dalvikvm(  115): GC_FOR_MALLOC freed 390 objects / 393656 bytes in 307ms
D/dalvikvm(   60): GC_EXTERNAL_ALLOC freed 4023 objects / 249400 bytes in 387ms
D/ConnectivityService(   60): getMobileDataEnabled returning true
I/ARMAssembler(   60): generated scanline__00000077:03545404_00000004_00000000 [ 47 ipp] (67 ins) at [0x29ed18:0x29ee24] in 1207206 ns
D/KeyguardViewMediator(   60): pokeWakelock(5000)
D/KeyguardViewMediator(   60): pokeWakelock(5000)
I/ActivityManager(   60): Start proc android.process.acore for content provider com.android.providers.contacts/.CallLogProvider: pid=161 uid=10000 gids={3003, 1015}
D/PhoneApp(  119): onCreate: mProximityWakeLock: null
I/ARMAssembler(   60): generated scanline__00000077:03010104_00000004_00000000 [ 22 ipp] (41 ins) at [0x29ee28:0x29eecc] in 656997 ns
W/ActivityManager(   60): Unable to start service Intent { act=com.android.ussd.IExtendedNetworkService }: not found
D/PhoneApp(  119): Resetting audio state/mode: IDLE
D/AlarmManagerService(   60): Kernel timezone updated to -330 minutes west of GMT
D/SystemClock(  119): Setting time of day to sec=1308207656
W/SystemClock(  119): Unable to set rtc to 1308207656: Invalid argument
I/ActivityManager(   60): Start proc com.android.alarmclock for broadcast com.android.alarmclock/.AlarmInitReceiver: pid=167 uid=10009 gids={}
I/ActivityThread(  161): Publishing provider com.android.social: com.android.providers.contacts.SocialProvider
I/ActivityThread(  161): Publishing provider applications: com.android.providers.applications.ApplicationsProvider
D/dalvikvm(   60): GREF has increased to 201
D/MobileDataStateTracker(   60): default Received state= DISCONNECTED, old= DISCONNECTED, reason= radioTurnedOff, apnTypeList= default
D/MobileDataStateTracker(   60): default Received state= DISCONNECTED, old= DISCONNECTED, reason= gprsDetached, apnTypeList= default
I/ActivityThread(  167): Publishing provider com.android.alarmclock: com.android.alarmclock.AlarmProvider
I/ActivityThread(  161): Publishing provider contacts;com.android.contacts: com.android.providers.contacts.ContactsProvider2
W/ActivityManager(   60): Activity idle timeout for HistoryRecord{4501cd28 com.android.launcher/com.android.launcher2.Launcher}
D/dalvikvm(  119): GC_FOR_MALLOC freed 3596 objects / 219592 bytes in 1541ms
D/PowerManagerService(   60): bootCompleted
D/VoldCmdListener(   29): volume mount /mnt/sdcard
I/Vold    (   29): /dev/block/vold/179:0 being considered for volume sdcard
D/Vold    (   29): Volume sdcard state changing 1 (Idle-Unmounted) -> 3 (Checking)
D/OtaStartupReceiver(  119): Not a CDMA phone, no need to process OTA
I/StorageNotification(   60): Media {/mnt/sdcard} state changed from {unmounted} -> {checking}
I/ActivityManager(   60): Displayed activity com.android.launcher/com.android.launcher2.Launcher: 15407 ms (total 15407 ms)
I/ActivityManager(   60): Start proc android.process.media for broadcast com.android.providers.downloads/.DownloadReceiver: pid=185 uid=10002 gids={1015, 1006, 2001, 3003}
I/RecoverySystem(   60): No recovery log file
D/MccTable(  119): updateMccMncConfiguration: mcc=310, mnc=260
D/MccTable(  119): locale set to en_us
D/MccTable(  119): WIFI_NUM_ALLOWED_CHANNELS set to 11
I/WifiService(   60): WifiService trying to setNumAllowed to 11 with persist set to true
I/ActivityManager(   60): Config changed: { scale=1.0 imsi=310/260 loc=en_US touch=3 keys=2/1/2 nav=3/1 orien=1 layout=34 uiMode=17 seq=3}
I/UsageStats(   60): Unexpected resume of com.android.launcher while already resumed in com.android.launcher
D/dalvikvm(   60): GC_FOR_MALLOC freed 8129 objects / 398800 bytes in 554ms
D/MobileDataStateTracker(   60): default Received state= DISCONNECTED, old= DISCONNECTED, reason= (unspecified), apnTypeList= default
D/TelephonyProvider(  119): Setting numeric '310260' to be the current operator
I/ActivityThread(  185): Publishing provider media: com.android.providers.media.MediaProvider
V/MediaProvider(  185): Attached volume: internal
I/ActivityThread(  161): Publishing provider call_log: com.android.providers.contacts.CallLogProvider
I/ActivityThread(  185): Publishing provider downloads: com.android.providers.downloads.DownloadProvider
I/ActivityThread(  161): Publishing provider user_dictionary: com.android.providers.userdictionary.UserDictionaryProvider
I/ActivityThread(  185): Publishing provider drm: com.android.providers.drm.DrmProvider
D/MobileDataStateTracker(   60): default Received state= CONNECTING, old= DISCONNECTED, reason= simLoaded, apnTypeList= *
D/NetworkStateTracker(   60): setDetailed state, old =IDLE and new state=CONNECTING
D/ConnectivityService(   60): ConnectivityChange for mobile: CONNECTING/CONNECTING
D/MobileDataStateTracker(   60): replacing old mInterfaceName (null) with /dev/omap_csmi_tty1 for hipri
D/MobileDataStateTracker(   60): replacing old mInterfaceName (null) with /dev/omap_csmi_tty1 for supl
D/MobileDataStateTracker(   60): replacing old mInterfaceName (null) with /dev/omap_csmi_tty1 for mms
D/MobileDataStateTracker(   60): default Received state= CONNECTED, old= CONNECTING, reason= simLoaded, apnTypeList= *
D/NetworkStateTracker(   60): setDetailed state, old =CONNECTING and new state=CONNECTED
D/ConnectivityService(   60): ConnectivityChange for mobile: CONNECTED/CONNECTED
V/NetworkStateTracker(   60): Setting TCP values: [4094,87380,110208,4096,16384,110208] which comes from [net.tcp.buffersize.umts]
D/ConnectivityService(   60): adding dns 10.0.2.3 for mobile
D/Tethering(   60): Tethering got CONNECTIVITY_ACTION
D/Tethering(   60): MasterInitialState.processMessage what=3
E/HierarchicalStateMachine(   60): TetherMaster - unhandledMessage: msg.what=3
D/AndroidRuntime(  193): 
D/AndroidRuntime(  193): >>>>>>>>>>>>>> AndroidRuntime START <<<<<<<<<<<<<<
D/AndroidRuntime(  193): CheckJNI is ON
D/AndroidRuntime(  193): --- registering native functions ---
W/WindowManager(   60): App freeze timeout expired.
W/WindowManager(   60): Force clearing freeze: AppWindowToken{45021c30 token=HistoryRecord{4501cd28 com.android.launcher/com.android.launcher2.Launcher}}
I/ActivityManager(   60): Start proc com.android.mms for broadcast com.android.mms/.transaction.MmsSystemEventReceiver: pid=205 uid=10015 gids={3003, 1015}
D/dalvikvm(   33): GC_EXPLICIT freed 268 objects / 10144 bytes in 510ms
I/SurfaceFlinger(   60): Boot is finished (31933 ms)
D/dalvikvm(   33): GC_EXPLICIT freed 40 objects / 1768 bytes in 390ms
I//system/bin/fsck_msdos(   29): ** /dev/block/vold/179:0
D/dalvikvm(   33): GC_EXPLICIT freed 2 objects / 48 bytes in 229ms
I/ActivityThread(  205): Publishing provider com.android.mms.SuggestionsProvider: com.android.mms.SuggestionsProvider
D/SntpClient(   60): request time failed: java.net.SocketException: Address family not supported by protocol
I//system/bin/fsck_msdos(   29): ** Phase 1 - Read and Compare FATs
I//system/bin/fsck_msdos(   29): Attempting to allocate 254 KB for FAT
D/dalvikvm(   60): GC_EXPLICIT freed 8111 objects / 461888 bytes in 559ms
I/ActivityManager(   60): Start proc com.android.defcontainer for service com.android.defcontainer/.DefaultContainerService: pid=221 uid=10010 gids={1015, 2001}
D/MediaScannerService(  185): start scanning volume internal
I/SearchManagerService(   60): Building list of searchable activities
I/ActivityManager(   60): Start proc com.android.email for broadcast com.android.email/com.android.exchange.BootReceiver: pid=227 uid=10030 gids={3003, 1015}
I/ActivityThread(  227): Publishing provider com.android.email.provider: com.android.email.provider.EmailProvider
I//system/bin/fsck_msdos(   29): Attempting to allocate 254 KB for FAT
I/ActivityThread(  227): Publishing provider com.android.email.attachmentprovider: com.android.email.provider.AttachmentProvider
I/ActivityThread(  227): Publishing provider com.android.exchange.provider: com.android.exchange.provider.ExchangeProvider
D/Exchange(  227): BootReceiver onReceive
D/EAS SyncManager(  227): !!! EAS SyncManager, onCreate
I/ActivityManager(   60): Start proc com.android.protips for broadcast com.android.protips/.ProtipWidget: pid=239 uid=10007 gids={}
D/EAS SyncManager(  227): !!! EAS SyncManager, onStartCommand
D/EAS SyncManager(  227): !!! EAS SyncManager, stopping self
D/Eas Debug(  227): Logging: 
D/EAS SyncManager(  227): !!! EAS SyncManager, onDestroy
I//system/bin/fsck_msdos(   29): ** Phase 2 - Check Cluster Chains
I//system/bin/fsck_msdos(   29): ** Phase 3 - Checking Directories
I//system/bin/fsck_msdos(   29): ** Phase 4 - Checking for Lost Files
I//system/bin/fsck_msdos(   29): 3 files, 32242 free (64485 clusters)
I/logwrapper(   29): /system/bin/fsck_msdos terminated by exit(0)
I/Vold    (   29): Filesystem check completed OK
I/Vold    (   29): Device /dev/block/vold/179:0, target /mnt/sdcard mounted @ /mnt/secure/staging
D/Vold    (   29): Volume sdcard state changing 3 (Checking) -> 4 (Mounted)
I/PackageManager(   60): Updating external media status from unmounted to mounted
I/StorageNotification(   60): Media {/mnt/sdcard} state changed from {checking} -> {mounted}
D/dalvikvm(  221): GC_EXPLICIT freed 575 objects / 48168 bytes in 144ms
D/MediaScanner(  185):  prescan time: 2904ms
D/MediaScanner(  185):     scan time: 7ms
I/ActivityManager(   60): Start proc com.android.quicksearchbox for broadcast com.android.quicksearchbox/.SearchWidgetProvider: pid=250 uid=10012 gids={3003}
D/MediaScanner(  185): postscan time: 33ms
D/MediaScanner(  185):    total time: 2944ms
D/MediaScannerService(  185): done scanning volume internal
I/ActivityThread(  250): Publishing provider com.android.quicksearchbox.google: com.android.quicksearchbox.google.GoogleSuggestionProvider
I/ActivityManager(   60): Start proc com.android.music for broadcast com.android.music/.MediaAppWidgetProvider: pid=257 uid=10022 gids={3003, 1015}
D/MediaScannerService(  185): start scanning volume external
V/MediaProvider(  185): /mnt/sdcard volume ID: 383532294
D/dalvikvm(  121): GC_EXTERNAL_ALLOC freed 4466 objects / 241824 bytes in 147ms
D/AlarmManagerService(   60): Kernel timezone updated to -330 minutes west of GMT
D/SystemClock(  119): Setting time of day to sec=1308207680
W/SystemClock(  119): Unable to set rtc to 1308207680: Invalid argument
D/VoldCmdListener(   29): asec list
I/PackageManager(   60): No secure containers on sdcard
W/PackageManager(   60): Unknown permission com.google.android.googleapps.permission.GOOGLE_AUTH.mail in package com.android.contacts
W/PackageManager(   60): Unknown permission android.permission.ADD_SYSTEM_SERVICE in package com.android.phone
W/PackageManager(   60): Not granting permission android.permission.SEND_DOWNLOAD_COMPLETED_INTENTS to package com.android.browser (protectionLevel=2 flags=0x1be45)
W/PackageManager(   60): Unknown permission com.google.android.gm.permission.WRITE_GMAIL in package com.android.settings
W/PackageManager(   60): Unknown permission com.google.android.gm.permission.READ_GMAIL in package com.android.settings
W/PackageManager(   60): Unknown permission com.google.android.googleapps.permission.GOOGLE_AUTH in package com.android.settings
W/PackageManager(   60): Unknown permission com.google.android.googleapps.permission.GOOGLE_AUTH in package com.android.providers.contacts
W/PackageManager(   60): Unknown permission com.google.android.googleapps.permission.GOOGLE_AUTH.cp in package com.android.providers.contacts
W/PackageManager(   60): Unknown permission com.google.android.googleapps.permission.ACCESS_GOOGLE_PASSWORD in package com.android.development
V/MediaProvider(  185): Attached volume: external
W/PackageManager(   60): Unknown permission com.google.android.googleapps.permission.GOOGLE_AUTH in package com.android.development
W/PackageManager(   60): Unknown permission com.google.android.googleapps.permission.GOOGLE_AUTH.ALL_SERVICES in package com.android.development
W/PackageManager(   60): Unknown permission com.google.android.googleapps.permission.GOOGLE_AUTH.YouTubeUser in package com.android.development
D/dalvikvm(   60): GREF has increased to 301
V/MediaScanner(  185): pruneDeadThumbnailFiles... android.database.sqlite.SQLiteCursor@44ec6ae0
V/MediaScanner(  185): /pruneDeadThumbnailFiles... android.database.sqlite.SQLiteCursor@44ec6ae0
D/MediaScanner(  185):  prescan time: 150ms
D/MediaScanner(  185):     scan time: 19ms
D/MediaScanner(  185): postscan time: 82ms
D/MediaScanner(  185):    total time: 251ms
D/MediaScannerService(  185): done scanning volume external
D/PackageParser(   60): Scanning package: /data/app/vmdl27361.tmp
I/Launcher.Model(  121): not binding apps: no Launcher activity
D/dalvikvm(  121): GC_EXPLICIT freed 1711 objects / 85432 bytes in 97ms
D/dalvikvm(  121): GC_FOR_MALLOC freed 9203 objects / 442304 bytes in 146ms
D/dalvikvm(   60): GC_FOR_MALLOC freed 9137 objects / 600376 bytes in 547ms
D/dalvikvm(  121): GC_EXPLICIT freed 3208 objects / 157280 bytes in 241ms
I/PackageManager(   60): Removing non-system package:com.rhomobile.newgithubclient
I/ActivityManager(   60): Force stopping package com.rhomobile.newgithubclient uid=10039
D/PackageManager(   60): Scanning package com.rhomobile.newgithubclient
I/PackageManager(   60): Package com.rhomobile.newgithubclient codePath changed from /data/app/com.rhomobile.newgithubclient-1.apk to /data/app/com.rhomobile.newgithubclient-2.apk; Retaining data and using new
I/PackageManager(   60): /data/app/com.rhomobile.newgithubclient-2.apk changed; unpacking
D/PackageManager(   60): Caching shared lib lib/armeabi/librhodes.so
D/dalvikvm(   60): GC_FOR_MALLOC freed 14115 objects / 711576 bytes in 157ms
D/installd(   35): DexInv: --- BEGIN '/data/app/com.rhomobile.newgithubclient-2.apk' ---
D/dalvikvm(  265): DexOpt: load 290ms, verify 943ms, opt 27ms
D/installd(   35): DexInv: --- END '/data/app/com.rhomobile.newgithubclient-2.apk' (success) ---
W/PackageManager(   60): Code path for pkg : com.rhomobile.newgithubclient changing from /data/app/com.rhomobile.newgithubclient-1.apk to /data/app/com.rhomobile.newgithubclient-2.apk
W/PackageManager(   60): Resource path for pkg : com.rhomobile.newgithubclient changing from /data/app/com.rhomobile.newgithubclient-1.apk to /data/app/com.rhomobile.newgithubclient-2.apk
D/PackageManager(   60): Registered content provider: com.rhomobile.newgithubclient, className = com.rhomobile.rhodes.LocalFileProvider, isSyncable = false
D/PackageManager(   60):   Providers: com.rhomobile.rhodes.LocalFileProvider
D/PackageManager(   60):   Services: com.rhomobile.rhodes.RhodesService
I/ActivityManager(   60): Force stopping package com.rhomobile.newgithubclient uid=10039
D/PackageManager(   60):   Activities: com.rhomobile.rhodes.RhodesActivity com.rhomobile.rhodes.alert.PopupActivity com.rhomobile.rhodes.camera.FileList com.rhomobile.rhodes.camera.ImageCapture com.rhomobile.rhodes.signature.ImageCapture com.rhomobile.rhodes.datetime.DateTimePickerScreen com.rhomobile.rhodes.mapview.MapView com.rhomobile.rhodes.mapview.GoogleMapView com.rhomobile.rhodes.bluetooth.RhoBluetoothDeviceListActivity
I/installd(   35): move /data/dalvik-cache/data@app@com.rhomobile.newgithubclient-2.apk@classes.dex -> /data/dalvik-cache/data@app@com.rhomobile.newgithubclient-2.apk@classes.dex
D/PackageManager(   60): New package installed in /data/app/com.rhomobile.newgithubclient-2.apk
I/ActivityManager(   60): Force stopping package com.rhomobile.newgithubclient uid=10039
D/dalvikvm(  121): GC_EXPLICIT freed 1383 objects / 82248 bytes in 103ms
I/ActivityManager(   60): Start proc com.svox.pico for broadcast com.svox.pico/.VoiceDataInstallerReceiver: pid=267 uid=10028 gids={}
W/RecognitionManagerService(   60): no available voice recognition services found
D/dalvikvm(  161): GC_EXPLICIT freed 4283 objects / 259512 bytes in 883ms
D/dalvikvm(   60): GC_EXPLICIT freed 12413 objects / 705624 bytes in 314ms
I/installd(   35): unlink /data/dalvik-cache/data@app@com.rhomobile.newgithubclient-1.apk@classes.dex
D/AndroidRuntime(  193): Shutting down VM
D/jdwp    (  193): adbd disconnected
I/AndroidRuntime(  193): NOTE: attach of thread 'Binder Thread #3' failed
I/ActivityThread(  267): Publishing provider com.svox.pico.providers.SettingsProvider: com.svox.pico.providers.SettingsProvider
D/AndroidRuntime(  277): 
D/AndroidRuntime(  277): >>>>>>>>>>>>>> AndroidRuntime START <<<<<<<<<<<<<<
D/AndroidRuntime(  277): CheckJNI is ON
D/AndroidRuntime(  277): --- registering native functions ---
I/ActivityManager(   60): Starting activity: Intent { act=android.intent.action.MAIN flg=0x10000000 cmp=com.rhomobile.newgithubclient/com.rhomobile.rhodes.RhodesActivity }
D/AndroidRuntime(  277): Shutting down VM
D/jdwp    (  277): adbd disconnected
I/AndroidRuntime(  277): NOTE: attach of thread 'Binder Thread #3' failed
I/ActivityManager(   60): Start proc com.rhomobile.newgithubclient for activity com.rhomobile.newgithubclient/com.rhomobile.rhodes.RhodesActivity: pid=284 uid=10039 gids={3003}
D/dalvikvm(  284): Trying to load lib /data/data/com.rhomobile.newgithubclient/lib/librhodes.so 0x44edee20
D/dalvikvm(  284): Added shared lib /data/data/com.rhomobile.newgithubclient/lib/librhodes.so 0x44edee20
I/ActivityThread(  284): Publishing provider com.rhomobile.newgithubclient: com.rhomobile.rhodes.LocalFileProvider
I/RhodesActivity(  284): >>>>>>>>>>>>>>> onCreate()
D/RhodesActivity(  284): RhodesActivity.onStart()
D/RhodesActivity(  284): RhodesActivity.onResume()
D/RhodesService(  284): Root path: /data/data/com.rhomobile.newgithubclient/rhodata/
D/RhodesService(  284): Sqlite journals path: /data/data/com.rhomobile.newgithubclient/sqlite_stmt_journals/
I/global  (  284): Default buffer size used in BufferedReader constructor. It would be better to be explicit if an 8k-char buffer is required.
I/RhodesService(  284): Application hash was changed
W/ActivityManager(   60): No content provider found for: 
D/RhodesService(  284): Root path: /data/data/com.rhomobile.newgithubclient/rhodata/
D/RhodesService(  284): Sqlite journals path: /data/data/com.rhomobile.newgithubclient/sqlite_stmt_journals/
I/global  (  284): Default buffer size used in BufferedReader constructor. It would be better to be explicit if an 8k-char buffer is required.
I/APP     (  284): I 06/16/2011 12:31:38:129 00248a30         AppCallbacks| Starting main routine...
I/APP     (  284): I 06/16/2011 12:31:38:133 00248a30         AppCallbacks| ThreadQueue blocked for 300 seconds...
I/APP     (  284): I 06/16/2011 12:31:38:114 afd48828            RhodesApp| Trying to get free listening port.
I/APP     (  284): I 06/16/2011 12:31:38:142 afd48828            RhodesApp| Trying to bind of 0 port...
I/APP     (  284): I 06/16/2011 12:31:38:148 afd48828            RhodesApp| Got port to bind on: 42180
I/APP     (  284): I 06/16/2011 12:31:38:151 afd48828            RhodesApp| Free listening port: 42180
D/dalvikvm(  284): GC_FOR_MALLOC freed 5419 objects / 346904 bytes in 98ms
I/APP     (  284): I 06/16/2011 12:31:38:341 afd48828               Rhodes| Loading...
I/APP     (  284): I 06/16/2011 12:31:38:586 afd48828            RhodesApp| callAppActiveCallback
I/APP     (  284): I 06/16/2011 12:31:38:587 afd48828         AppCallbacks| addCommand: APP-ACTIVATED
I/APP     (  284): I 06/16/2011 12:31:38:600 00248a30         AppCallbacks| Received command APP-ACTIVATED which is greater than expected (LOCAL-SERVER-STARTED) - postpone it
I/APP     (  284): I 06/16/2011 12:31:38:602 00248a30         AppCallbacks| ThreadQueue blocked for 300 seconds...
I/APP     (  284): I 06/16/2011 12:31:38:610 afd48828         AppActivated| Cannot commit now, application will be activated when started.
I/APP     (  284): I 06/16/2011 12:31:38:614 afd48828            Undefined| Handlers have completed.
I/APP     (  284): I 06/16/2011 12:31:38:616 afd48828    RhodesApplication| New AppState: Undefined
I/APP     (  284): I 06/16/2011 12:31:38:613 002756d8            RhodesApp| Starting RhodesApp main routine...
I/APP     (  284): I 06/16/2011 12:31:38:649 afd48828        RhodesService| handleCommand: startId=1, source=com.rhomobile.rhodes.BaseActivity
I/APP     (  284): I 06/16/2011 12:31:38:650 afd48828        RhodesService| New activity was created
I/APP     (  284): I 06/16/2011 12:31:38:777 afd48828         AppCallbacks| addCommand: UI-CREATED
I/APP     (  284): I 06/16/2011 12:31:38:795 00248a30         AppCallbacks| Received command UI-CREATED which is greater than expected (LOCAL-SERVER-STARTED) - postpone it
I/APP     (  284): I 06/16/2011 12:31:38:796 00248a30         AppCallbacks| ThreadQueue blocked for 300 seconds...
I/APP     (  284): I 06/16/2011 12:31:39:282 afd48828       RhodesActivity| onServiceConnected: {com.rhomobile.newgithubclient/com.rhomobile.rhodes.RhodesService}
I/APP     (  284): I 06/16/2011 12:31:40:288 002756d8              RhoRuby| Init_RhoBlobs: /data/data/com.rhomobile.newgithubclient/rhodata/db/db-files
I/APP     (  284): I 06/16/2011 12:31:40:435 002756d8              RhoRuby| require_compiled: rhoframework
I/APP     (  284): I 06/16/2011 12:31:40:543 002756d8              RhoRuby| require_compiled: rational
I/APP     (  284): I 06/16/2011 12:31:40:581 002756d8              RhoRuby| require_compiled: rhom/rhom_db_adapter
I/APP     (  284): I 06/16/2011 12:31:40:831 002756d8              RhoRuby| require_compiled: rhodes
I/APP     (  284): I 06/16/2011 12:31:40:865 002756d8              RhoRuby| require_compiled: rhom/rhom_object
I/APP     (  284): I 06/16/2011 12:31:40:940 002756d8              RhoRuby| require_compiled: rhofsconnector
I/APP     (  284): I 06/16/2011 12:31:40:947 002756d8              RhoRuby| require_compiled: rho/rhofsconnector
I/APP     (  284): I 06/16/2011 12:31:41:011 002756d8              RhoRuby| require_compiled: rhom/rhom_object_factory
I/ActivityManager(   60): Displayed activity com.rhomobile.newgithubclient/com.rhomobile.rhodes.RhodesActivity: 5330 ms (total 5330 ms)
I/APP     (  284): I 06/16/2011 12:31:42:100 002756d8              RhoRuby| require_compiled: rhom/rhom
I/APP     (  284): I 06/16/2011 12:31:42:157 002756d8              RhoRuby| require_compiled: rhom/rhom_model
I/APP     (  284): I 06/16/2011 12:31:42:203 002756d8              RhoRuby| require_compiled: rhom
I/APP     (  284): I 06/16/2011 12:31:42:215 002756d8              RhoRuby| require_compiled: rho/rhoapplication
I/APP     (  284): I 06/16/2011 12:31:42:270 002756d8              RhoRuby| require_compiled: rholang/localization_simplified
I/APP     (  284): I 06/16/2011 12:31:42:333 002756d8                  APP| Current locale: en; Country code: us
I/APP     (  284): I 06/16/2011 12:31:42:335 002756d8                  APP| file: /data/data/com.rhomobile.newgithubclient/rhodata/lib/rholang/lang_
I/APP     (  284): I 06/16/2011 12:31:42:349 002756d8              RhoRuby| require_compiled: /data/data/com.rhomobile.newgithubclient/rhodata/lib/rholang/lang_en
I/APP     (  284): I 06/16/2011 12:31:42:376 002756d8              RhoRuby| require_compiled: rho/rhomsg
I/APP     (  284): I 06/16/2011 12:31:42:390 002756d8                  APP| Current locale: en; Country code: us
I/APP     (  284): I 06/16/2011 12:31:42:392 002756d8                  APP| file: /data/data/com.rhomobile.newgithubclient/rhodata/lib/rholang/rhomsg_
I/APP     (  284): I 06/16/2011 12:31:42:401 002756d8              RhoRuby| require_compiled: /data/data/com.rhomobile.newgithubclient/rhodata/lib/rholang/rhomsg_en
I/APP     (  284): I 06/16/2011 12:31:42:420 002756d8              RhoRuby| require_compiled: rho/rhotabbar
I/APP     (  284): I 06/16/2011 12:31:42:442 002756d8              RhoRuby| require_compiled: rho/rhotoolbar
I/APP     (  284): I 06/16/2011 12:31:42:461 002756d8              RhoRuby| require_compiled: indifferent_access
I/APP     (  284): I 06/16/2011 12:31:42:503 002756d8              RhoRuby| require_compiled: rho/rhosupport
I/APP     (  284): I 06/16/2011 12:31:42:575 002756d8              RhoRuby| require_compiled: rho/rhocontroller
I/APP     (  284): I 06/16/2011 12:31:42:622 002756d8              RhoRuby| require_compiled: rho/render
I/APP     (  284): I 06/16/2011 12:31:42:708 002756d8              RhoRuby| require_compiled: rho/rho
I/ActivityManager(   60): Process android.process.acore (pid 161) has died.
I/APP     (  284): I 06/16/2011 12:31:43:039 002756d8              RhoRuby| require_compiled: rho/rhoerror
I/APP     (  284): I 06/16/2011 12:31:43:063 002756d8                  APP| Current locale: en; Country code: us
I/APP     (  284): I 06/16/2011 12:31:43:065 002756d8                  APP| file: /data/data/com.rhomobile.newgithubclient/rhodata/lib/rholang/rhoerror_
I/APP     (  284): I 06/16/2011 12:31:43:071 002756d8              RhoRuby| require_compiled: /data/data/com.rhomobile.newgithubclient/rhodata/lib/rholang/rhoerror_en
I/APP     (  284): I 06/16/2011 12:31:43:097 002756d8              RhoRuby| require_compiled: rhom/rhom_source
I/APP     (  284): I 06/16/2011 12:31:43:146 002756d8              RhoRuby| require_compiled: rho/rhoviewhelpers
I/APP     (  284): I 06/16/2011 12:31:43:183 002756d8              RhoRuby| require_compiled: rho
I/APP     (  284): I 06/16/2011 12:31:43:193 002756d8                  APP| RHO loaded
I/APP     (  284): I 06/16/2011 12:31:43:194 002756d8                  APP| Calling RHO.initialize
I/APP     (  284): I 06/16/2011 12:31:43:211 002756d8                  APP| model file: User/user
I/APP     (  284): I 06/16/2011 12:31:43:220 002756d8                   DB| Open DB: /data/data/com.rhomobile.newgithubclient/rhodata/db/syncdbuser.sqlite
I/APP     (  284): I 06/16/2011 12:31:43:293 002756d8            RhodesApp| Starting sync engine...
I/APP     (  284): I 06/16/2011 12:31:43:296 002756d8                 Sync| sync_poll_interval: 0
I/APP     (  284): I 06/16/2011 12:31:43:299 002756d8                 Sync| syncserver: 
I/APP     (  284): I 06/16/2011 12:31:43:301 002756d8                 Sync| bulksync_state: 0
I/APP     (  284): I 06/16/2011 12:31:43:327 002756d8            RhodesApp| RhoRubyInitApp...
I/APP     (  284): I 06/16/2011 12:31:43:330 002756d8                  APP| init_app
I/APP     (  284): I 06/16/2011 12:31:43:346 002756d8              RhoRuby| require_compiled: application
I/APP     (  284): I 06/16/2011 12:31:43:362 002756d8                  APP| Current locale: en; Country code: us
I/APP     (  284): I 06/16/2011 12:31:43:369 002756d8                  APP| on_reinstall_config_update: {"LogToOutput"=>["0", "1"]}
I/APP     (  284): I 06/16/2011 12:31:43:388 002756d8           HttpServer| Start HTTP server
I/APP     (  284): I 06/16/2011 12:31:43:392 002756d8         AppCallbacks| addCommand: LOCAL-SERVER-STARTED
I/APP     (  284): I 06/16/2011 12:31:43:396 00248a30         AppCallbacks| process command: LOCAL-SERVER-STARTED
I/APP     (  284): I 06/16/2011 12:31:43:402 00248a30           AppStarted| Handlers have completed.
I/APP     (  284): I 06/16/2011 12:31:43:413 00248a30         AppActivated| Handlers have completed.
I/APP     (  284): I 06/16/2011 12:31:43:414 00248a30    RhodesApplication| New AppState: AppActivated
I/APP     (  284): I 06/16/2011 12:31:43:420 00248a30         AppCallbacks| process command: UI-CREATED
I/APP     (  284): I 06/16/2011 12:31:43:462 002756d8           HttpServer| Process URI: '/system/uicreated'
I/APP     (  284): I 06/16/2011 12:31:43:464 002756d8                  APP| on_ui_created.navigate to start url: '/app/User/login'
I/APP     (  284): I 06/16/2011 12:31:43:528 00248a30         AppCallbacks| process command: APP-ACTIVATED
V/SimpleMainView(  284): ms[1308207703620] processForNativeView : [http://127.0.0.1:42180/app/User/login]
I/APP     (  284): I 06/16/2011 12:31:43:689 002756d8           HttpServer| Process URI: '/system/activateapp'
I/APP     (  284): I 06/16/2011 12:31:43:696 00248a30         AppCallbacks| ThreadQueue blocked for 300 seconds...
V/SimpleMainView.View(  284): ms[1308207703744]  Main Window :: onSizeChanged() old [ 480 x 762 ]  new [ 0 x 0 ]
I/APP     (  284): I 06/16/2011 12:31:44:604 002756d8           HttpServer| Process URI: '/app/User/login'
I/APP     (  284): I 06/16/2011 12:31:44:628 002756d8                  APP| RHO serve: /app/User/login
I/APP     (  284): I 06/16/2011 12:31:44:648 002756d8              RhoRuby| require_compiled: User/user_controller
I/APP     (  284): I 06/16/2011 12:31:44:678 002756d8              RhoRuby| require_compiled: helpers/browser_helper
I/APP     (  284): I 06/16/2011 12:31:44:760 002756d8   RHO UserController| Layout file: /data/data/com.rhomobile.newgithubclient/rhodata/apps/app/layout_erb.iseq. Content size: 1204
D/webviewglue(  284): nativeDestroy view: 0x34c7b8
D/dalvikvm(  284): GC_FOR_MALLOC freed 3073 objects / 523088 bytes in 118ms
D/dalvikvm(  284): GC_EXTERNAL_ALLOC freed 266 objects / 14728 bytes in 93ms
I/APP     (  284): I 06/16/2011 12:31:45:722 002756d8           HttpServer| Process URI: '/public/jqtouch/jquery.1.3.2.min.js'
I/APP     (  284): I 06/16/2011 12:31:45:883 002756d8           HttpServer| Process URI: '/public/jqtouch/jqtouch.js'
