I/APP     (  277): I 06/16/2011 12:09:20:274 00274fd8              RhoRuby| require_compiled: rhodes
I/APP     (  277): I 06/16/2011 12:09:20:336 00274fd8              RhoRuby| require_compiled: rhom/rhom_object
I/APP     (  277): I 06/16/2011 12:09:20:389 00274fd8              RhoRuby| require_compiled: rhofsconnector
I/APP     (  277): I 06/16/2011 12:09:20:428 00274fd8              RhoRuby| require_compiled: rho/rhofsconnector
I/APP     (  277): I 06/16/2011 12:09:20:476 00274fd8              RhoRuby| require_compiled: rhom/rhom_object_factory
I/ActivityManager(   60): Displayed activity com.rhomobile.newgithubclient/com.rhomobile.rhodes.RhodesActivity: 6030 ms (total 6030 ms)
I/APP     (  277): I 06/16/2011 12:09:21:291 00274fd8              RhoRuby| require_compiled: rhom/rhom
I/APP     (  277): I 06/16/2011 12:09:21:337 00274fd8              RhoRuby| require_compiled: rhom/rhom_model
I/APP     (  277): I 06/16/2011 12:09:21:382 00274fd8              RhoRuby| require_compiled: rhom
I/APP     (  277): I 06/16/2011 12:09:21:388 00274fd8              RhoRuby| require_compiled: rho/rhoapplication
I/APP     (  277): I 06/16/2011 12:09:21:470 00274fd8              RhoRuby| require_compiled: rholang/localization_simplified
I/APP     (  277): I 06/16/2011 12:09:21:538 00274fd8                  APP| Current locale: en; Country code: us
I/APP     (  277): I 06/16/2011 12:09:21:541 00274fd8                  APP| file: /data/data/com.rhomobile.newgithubclient/rhodata/lib/rholang/lang_
I/APP     (  277): I 06/16/2011 12:09:21:555 00274fd8              RhoRuby| require_compiled: /data/data/com.rhomobile.newgithubclient/rhodata/lib/rholang/lang_en
I/APP     (  277): I 06/16/2011 12:09:21:589 00274fd8              RhoRuby| require_compiled: rho/rhomsg
I/APP     (  277): I 06/16/2011 12:09:21:606 00274fd8                  APP| Current locale: en; Country code: us
I/APP     (  277): I 06/16/2011 12:09:21:608 00274fd8                  APP| file: /data/data/com.rhomobile.newgithubclient/rhodata/lib/rholang/rhomsg_
I/APP     (  277): I 06/16/2011 12:09:21:638 00274fd8              RhoRuby| require_compiled: /data/data/com.rhomobile.newgithubclient/rhodata/lib/rholang/rhomsg_en
I/APP     (  277): I 06/16/2011 12:09:21:655 00274fd8              RhoRuby| require_compiled: rho/rhotabbar
I/APP     (  277): I 06/16/2011 12:09:21:677 00274fd8              RhoRuby| require_compiled: rho/rhotoolbar
I/APP     (  277): I 06/16/2011 12:09:21:694 00274fd8              RhoRuby| require_compiled: indifferent_access
I/APP     (  277): I 06/16/2011 12:09:21:747 00274fd8              RhoRuby| require_compiled: rho/rhosupport
I/APP     (  277): I 06/16/2011 12:09:21:815 00274fd8              RhoRuby| require_compiled: rho/rhocontroller
I/ActivityManager(   60): Process android.process.acore (pid 155) has died.
I/APP     (  277): I 06/16/2011 12:09:21:926 00274fd8              RhoRuby| require_compiled: rho/render
I/APP     (  277): I 06/16/2011 12:09:22:027 00274fd8              RhoRuby| require_compiled: rho/rho
I/APP     (  277): I 06/16/2011 12:09:22:359 00274fd8              RhoRuby| require_compiled: rho/rhoerror
I/APP     (  277): I 06/16/2011 12:09:22:388 00274fd8                  APP| Current locale: en; Country code: us
I/APP     (  277): I 06/16/2011 12:09:22:391 00274fd8                  APP| file: /data/data/com.rhomobile.newgithubclient/rhodata/lib/rholang/rhoerror_
I/APP     (  277): I 06/16/2011 12:09:22:402 00274fd8              RhoRuby| require_compiled: /data/data/com.rhomobile.newgithubclient/rhodata/lib/rholang/rhoerror_en
I/APP     (  277): I 06/16/2011 12:09:22:429 00274fd8              RhoRuby| require_compiled: rhom/rhom_source
I/APP     (  277): I 06/16/2011 12:09:22:479 00274fd8              RhoRuby| require_compiled: rho/rhoviewhelpers
I/APP     (  277): I 06/16/2011 12:09:22:523 00274fd8              RhoRuby| require_compiled: rho
I/APP     (  277): I 06/16/2011 12:09:22:529 00274fd8                  APP| RHO loaded
I/APP     (  277): I 06/16/2011 12:09:22:533 00274fd8                  APP| Calling RHO.initialize
I/APP     (  277): I 06/16/2011 12:09:22:561 00274fd8                  APP| model file: User/user
I/APP     (  277): I 06/16/2011 12:09:22:576 00274fd8                   DB| Open DB: /data/data/com.rhomobile.newgithubclient/rhodata/db/syncdbuser.sqlite
I/APP     (  277): I 06/16/2011 12:09:22:875 00274fd8            RhodesApp| Starting sync engine...
I/APP     (  277): I 06/16/2011 12:09:22:886 00274fd8                 Sync| sync_poll_interval: 0
I/APP     (  277): I 06/16/2011 12:09:22:898 00274fd8                 Sync| syncserver: 
I/APP     (  277): I 06/16/2011 12:09:22:902 00274fd8                 Sync| bulksync_state: 0
I/APP     (  277): I 06/16/2011 12:09:22:903 00274fd8            RhodesApp| RhoRubyInitApp...
I/APP     (  277): I 06/16/2011 12:09:22:907 00274fd8                  APP| init_app
I/APP     (  277): I 06/16/2011 12:09:22:913 00274fd8              RhoRuby| require_compiled: application
I/APP     (  277): I 06/16/2011 12:09:22:942 00274fd8                  APP| Current locale: en; Country code: us
I/APP     (  277): I 06/16/2011 12:09:22:946 00274fd8           HttpServer| Start HTTP server
I/APP     (  277): I 06/16/2011 12:09:22:952 00274fd8         AppCallbacks| addCommand: LOCAL-SERVER-STARTED
I/APP     (  277): I 06/16/2011 12:09:22:955 0024a080         AppCallbacks| process command: LOCAL-SERVER-STARTED
I/APP     (  277): I 06/16/2011 12:09:22:957 0024a080           AppStarted| Handlers have completed.
I/APP     (  277): I 06/16/2011 12:09:22:958 0024a080         AppActivated| Handlers have completed.
I/APP     (  277): I 06/16/2011 12:09:22:962 0024a080    RhodesApplication| New AppState: AppActivated
I/APP     (  277): I 06/16/2011 12:09:22:964 0024a080         AppCallbacks| process command: UI-CREATED
I/APP     (  277): I 06/16/2011 12:09:23:001 00274fd8           HttpServer| Process URI: '/system/uicreated'
I/APP     (  277): I 06/16/2011 12:09:23:005 00274fd8                  APP| on_ui_created.navigate to start url: '/app'
I/APP     (  277): I 06/16/2011 12:09:23:056 0024a080         AppCallbacks| process command: APP-ACTIVATED
V/SimpleMainView(  277): ms[1308206363225] processForNativeView : [http://127.0.0.1:60560/app]
I/APP     (  277): I 06/16/2011 12:09:23:267 00274fd8           HttpServer| Process URI: '/system/activateapp'
I/APP     (  277): I 06/16/2011 12:09:23:433 0024a080         AppCallbacks| ThreadQueue blocked for 300 seconds...
V/SimpleMainView.View(  277): ms[1308206363606]  Main Window :: onSizeChanged() old [ 480 x 762 ]  new [ 0 x 0 ]
I/APP     (  277): I 06/16/2011 12:09:24:373 00274fd8           HttpServer| Process URI: '/app'
D/webviewglue(  277): nativeDestroy view: 0x308340
D/dalvikvm(  277): GC_FOR_MALLOC freed 2748 objects / 493728 bytes in 216ms
I/APP     (  277): I 06/16/2011 12:09:24:813 00274fd8           HttpServer| Process URI: '/app/index_erb.iseq'
I/APP     (  277): I 06/16/2011 12:09:24:840 00274fd8                  APP| RHO serve_index: /app/index_erb.iseq
I/APP     (  277): I 06/16/2011 12:09:24:850 00274fd8 RHO Rho::RhoController| inst_render_index
I/APP     (  277): I 06/16/2011 12:09:24:899 00274fd8 RHO Rho::RhoController| index layout
D/dalvikvm(  277): GC_EXTERNAL_ALLOC freed 588 objects / 82616 bytes in 170ms
I/APP     (  277): I 06/16/2011 12:09:25:465 00274fd8           HttpServer| Process URI: '/public/jqtouch/jquery.1.3.2.min.js'
I/APP     (  277): I 06/16/2011 12:09:25:710 00274fd8           HttpServer| Process URI: '/public/jqtouch/jqtouch.js'
I/APP     (  277): I 06/16/2011 12:09:25:916 00274fd8           HttpServer| Process URI: '/public/jqtouch/jqtouch.css'
I/APP     (  277): I 06/16/2011 12:09:26:011 00274fd8           HttpServer| Process URI: '/public/css/android.css'
I/APP     (  277): I 06/16/2011 12:09:28:616 00274fd8           HttpServer| Process URI: '/public/images/android/disclosure.png'
D/dalvikvm(  277): GC_FOR_MALLOC freed 5777 objects / 482848 bytes in 133ms
I/ActivityManager(   60): Process com.android.mms (pid 196) has died.
D/KeyguardViewMediator(   60): pokeWakelock(5000)
D/KeyguardViewMediator(   60): pokeWakelock(5000)
I/DEBUG   (   31): debuggerd: Jun 30 2010 13:59:20
I/Vold    (   29): Vold 2.1 (the revenge) firing up
I/Netd    (   30): Netd 1.0 starting
D/qemud   (   38): entering main loop
D/Vold    (   29): Volume sdcard state changing -1 (Initializing) -> 0 (No-Media)
D/Vold    (   29): Volume sdcard state changing 0 (No-Media) -> 1 (Idle-Unmounted)
W/Vold    (   29): No UMS switch available
D/qemud   (   38): fdhandler_accept_event: accepting on fd 10
D/qemud   (   38): created client 0xe078 listening on fd 8
D/qemud   (   38): client_fd_receive: attempting registration for service 'boot-properties'
D/qemud   (   38): client_fd_receive:    -> received channel id 1
D/qemud   (   38): client_registration: registration succeeded for client 1
I/qemu-props(   52): connected to 'boot-properties' qemud service.
I/qemu-props(   52): received: dalvik.vm.heapsize=24m
I/qemu-props(   52): received: qemu.sf.lcd_density=240
I/qemu-props(   52): received: 
I/qemu-props(   52): invalid format, ignored.
D/qemud   (   38): fdhandler_accept_event: accepting on fd 10
D/qemud   (   38): created client 0xe078 listening on fd 11
D/qemud   (   38): fdhandler_event: disconnect on fd 11
D/qemud   (   38): fdhandler_accept_event: accepting on fd 10
D/qemud   (   38): created client 0xe078 listening on fd 11
D/qemud   (   38): client_fd_receive: attempting registration for service 'gsm'
D/qemud   (   38): client_fd_receive:    -> received channel id 2
D/qemud   (   38): client_registration: registration succeeded for client 2
D/AndroidRuntime(   33): 
D/AndroidRuntime(   33): >>>>>>>>>>>>>> AndroidRuntime START <<<<<<<<<<<<<<
D/AndroidRuntime(   33): CheckJNI is ON
I/        (   34): ServiceManager: 0xacd0
D/AudioHardwareInterface(   34): setMode(NORMAL)
I/CameraService(   34): CameraService started: pid=34
I/AudioFlinger(   34): AudioFlinger's thread 0xb3f0 ready to run
D/AndroidRuntime(   33): --- registering native functions ---
I/SamplingProfilerIntegration(   33): Profiler is disabled.
I/Zygote  (   33): Preloading classes...
E/Zygote  (   33): setreuid() failed. errno: 2
D/dalvikvm(   33): GC_EXPLICIT freed 821 objects / 47496 bytes in 10ms
D/dalvikvm(   33): GC_EXPLICIT freed 219 objects / 13600 bytes in 6ms
D/dalvikvm(   33): GC_EXPLICIT freed 253 objects / 14360 bytes in 7ms
D/dalvikvm(   33): GC_EXPLICIT freed 468 objects / 28984 bytes in 8ms
D/dalvikvm(   33): GC_EXPLICIT freed 2088 objects / 108280 bytes in 9ms
W/MediaProfiles(   33): could not find media config xml file
D/dalvikvm(   33): GC_EXPLICIT freed 279 objects / 15984 bytes in 11ms
D/dalvikvm(   33): GC_FOR_MALLOC freed 5052 objects / 223992 bytes in 21ms
D/dalvikvm(   33): GC_FOR_MALLOC freed 11253 objects / 381344 bytes in 28ms
D/dalvikvm(   33): GC_FOR_MALLOC freed 9798 objects / 461152 bytes in 30ms
D/dalvikvm(   33): GC_FOR_MALLOC freed 8690 objects / 422872 bytes in 32ms
D/dalvikvm(   33): GC_FOR_MALLOC freed 7835 objects / 458864 bytes in 34ms
D/dalvikvm(   33): GC_FOR_MALLOC freed 7626 objects / 457776 bytes in 35ms
D/dalvikvm(   33): GC_FOR_MALLOC freed 8231 objects / 513296 bytes in 34ms
D/dalvikvm(   33): GC_FOR_MALLOC freed 7558 objects / 487104 bytes in 34ms
D/dalvikvm(   33): GC_EXPLICIT freed 175 objects / 9248 bytes in 28ms
D/dalvikvm(   33): GC_EXPLICIT freed 594 objects / 29024 bytes in 28ms
D/dalvikvm(   33): GC_EXPLICIT freed 449 objects / 25280 bytes in 30ms
D/dalvikvm(   33): GC_EXPLICIT freed 308 objects / 35136 bytes in 40ms
D/dalvikvm(   33): GC_EXPLICIT freed 279 objects / 18896 bytes in 41ms
D/dalvikvm(   33): GC_EXPLICIT freed 341 objects / 18472 bytes in 40ms
D/dalvikvm(   33): GC_EXPLICIT freed 449 objects / 28352 bytes in 42ms
D/dalvikvm(   33): GC_EXPLICIT freed 529 objects / 53248 bytes in 51ms
D/dalvikvm(   33): GC_EXPLICIT freed 623 objects / 34016 bytes in 47ms
D/dalvikvm(   33): GC_EXPLICIT freed 861 objects / 46872 bytes in 47ms
D/dalvikvm(   33): GC_EXPLICIT freed 1747 objects / 85512 bytes in 48ms
D/dalvikvm(   33): GC_EXPLICIT freed 447 objects / 29416 bytes in 53ms
D/dalvikvm(   33): GC_EXPLICIT freed 315 objects / 20184 bytes in 53ms
I/Zygote  (   33): ...preloaded 1265 classes in 8380ms.
E/Zygote  (   33): setreuid() failed. errno: 17
D/dalvikvm(   33): GC_EXPLICIT freed 104 objects / 14200 bytes in 49ms
I/Zygote  (   33): Preloading resources...
W/Zygote  (   33): Preloaded drawable resource #0x1080093 (res/drawable-hdpi/sym_def_app_icon.png) that varies with configuration!!
W/Zygote  (   33): Preloaded drawable resource #0x1080002 (res/drawable-hdpi/arrow_down_float.png) that varies with configuration!!
W/Zygote  (   33): Preloaded drawable resource #0x10800b3 (res/drawable/btn_check.xml) that varies with configuration!!
W/Zygote  (   33): Preloaded drawable resource #0x10800b6 (res/drawable-hdpi/btn_check_label_background.9.png) that varies with configuration!!
W/Zygote  (   33): Preloaded drawable resource #0x10800b7 (res/drawable-hdpi/btn_check_off.png) that varies with configuration!!
W/Zygote  (   33): Preloaded drawable resource #0x10800bc (res/drawable-hdpi/btn_check_on.png) that varies with configuration!!
W/Zygote  (   33): Preloaded drawable resource #0x1080004 (res/drawable/btn_default.xml) that varies with configuration!!
W/Zygote  (   33): Preloaded drawable resource #0x1080005 (res/drawable/btn_default_small.xml) that varies with configuration!!
W/Zygote  (   33): Preloaded drawable resource #0x1080006 (res/drawable/btn_dropdown.xml) that varies with configuration!!
W/Zygote  (   33): Preloaded drawable resource #0x1080008 (res/drawable/btn_plus.xml) that varies with configuration!!
W/Zygote  (   33): Preloaded drawable resource #0x1080007 (res/drawable/btn_minus.xml) that varies with configuration!!
W/Zygote  (   33): Preloaded drawable resource #0x1080009 (res/drawable/btn_radio.xml) that varies with configuration!!
W/Zygote  (   33): Preloaded drawable resource #0x108000a (res/drawable/btn_star.xml) that varies with configuration!!
D/dalvikvm(   33): GC_EXPLICIT freed 421 objects / 25848 bytes in 50ms
W/Zygote  (   33): Preloaded drawable resource #0x1080131 (res/drawable/btn_toggle.xml) that varies with configuration!!
W/Zygote  (   33): Preloaded drawable resource #0x1080194 (res/drawable-hdpi/ic_emergency.png) that varies with configuration!!
W/Zygote  (   33): Preloaded drawable resource #0x1080012 (res/drawable-hdpi/divider_horizontal_bright.9.png) that varies with configuration!!
W/Zygote  (   33): Preloaded drawable resource #0x1080014 (res/drawable-hdpi/divider_horizontal_dark.9.png) that varies with configuration!!
W/Zygote  (   33): Preloaded drawable resource #0x1080016 (res/drawable/edit_text.xml) that varies with configuration!!
W/Zygote  (   33): Preloaded drawable resource #0x108016d (res/drawable/expander_group.xml) that varies with configuration!!
W/Zygote  (   33): Preloaded drawable resource #0x1080062 (res/drawable/list_selector_background.xml) that varies with configuration!!
W/Zygote  (   33): Preloaded drawable resource #0x1080227 (res/drawable-hdpi/menu_background.9.png) that varies with configuration!!
W/Zygote  (   33): Preloaded drawable resource #0x1080228 (res/drawable-hdpi/menu_background_fill_parent_width.9.png) that varies with configuration!!
W/Zygote  (   33): Preloaded drawable resource #0x1080229 (res/drawable/menu_selector.xml) that varies with configuration!!
W/Zygote  (   33): Preloaded drawable resource #0x1080234 (res/drawable-hdpi/panel_background.9.png) that varies with configuration!!
W/Zygote  (   33): Preloaded drawable resource #0x108023b (res/drawable-hdpi/popup_bottom_bright.9.png) that varies with configuration!!
W/Zygote  (   33): Preloaded drawable resource #0x108023c (res/drawable-hdpi/popup_bottom_dark.9.png) that varies with configuration!!
W/Zygote  (   33): Preloaded drawable resource #0x108023d (res/drawable-hdpi/popup_bottom_medium.9.png) that varies with configuration!!
W/Zygote  (   33): Preloaded drawable resource #0x108023e (res/drawable-hdpi/popup_center_bright.9.png) that varies with configuration!!
W/Zygote  (   33): Preloaded drawable resource #0x108023f (res/drawable-hdpi/popup_center_dark.9.png) that varies with configuration!!
W/Zygote  (   33): Preloaded drawable resource #0x1080242 (res/drawable-hdpi/popup_full_dark.9.png) that varies with configuration!!
W/Zygote  (   33): Preloaded drawable resource #0x1080245 (res/drawable-hdpi/popup_top_bright.9.png) that varies with configuration!!
W/Zygote  (   33): Preloaded drawable resource #0x1080246 (res/drawable-hdpi/popup_top_dark.9.png) that varies with configuration!!
W/Zygote  (   33): Preloaded drawable resource #0x108006d (res/drawable/progress_indeterminate_horizontal.xml) that varies with configuration!!
W/Zygote  (   33): Preloaded drawable resource #0x108024c (res/drawable/progress_small.xml) that varies with configuration!!
W/Zygote  (   33): Preloaded drawable resource #0x108024d (res/drawable/progress_small_titlebar.xml) that varies with configuration!!
W/Zygote  (   33): Preloaded drawable resource #0x1080270 (res/drawable-hdpi/scrollbar_handle_horizontal.9.png) that varies with configuration!!
W/Zygote  (   33): Preloaded drawable resource #0x1080271 (res/drawable-hdpi/scrollbar_handle_vertical.9.png) that varies with configuration!!
D/dalvikvm(   33): GC_EXPLICIT freed 477 objects / 32608 bytes in 49ms
W/Zygote  (   33): Preloaded drawable resource #0x1080071 (res/drawable/spinner_dropdown_background.xml) that varies with configuration!!
W/Zygote  (   33): Preloaded drawable resource #0x1080354 (res/drawable-hdpi/title_bar_shadow.9.png) that varies with configuration!!
W/Zygote  (   33): Preloaded drawable resource #0x10801d6 (res/drawable-hdpi/indicator_code_lock_drag_direction_green_up.png) that varies with configuration!!
W/Zygote  (   33): Preloaded drawable resource #0x10801d7 (res/drawable-hdpi/indicator_code_lock_drag_direction_red_up.png) that varies with configuration!!
W/Zygote  (   33): Preloaded drawable resource #0x10801d8 (res/drawable-hdpi/indicator_code_lock_point_area_default.png) that varies with configuration!!
W/Zygote  (   33): Preloaded drawable resource #0x10801d9 (res/drawable-hdpi/indicator_code_lock_point_area_green.png) that varies with configuration!!
W/Zygote  (   33): Preloaded drawable resource #0x10801da (res/drawable-hdpi/indicator_code_lock_point_area_red.png) that varies with configuration!!
W/Zygote  (   33): Preloaded drawable resource #0x10801e8 (res/drawable-hdpi/jog_tab_bar_left_end_confirm_gray.9.png) that varies with configuration!!
W/Zygote  (   33): Preloaded drawable resource #0x10801ec (res/drawable-hdpi/jog_tab_bar_left_end_normal.9.png) that varies with configuration!!
W/Zygote  (   33): Preloaded drawable resource #0x10801ed (res/drawable-hdpi/jog_tab_bar_left_end_pressed.9.png) that varies with configuration!!
W/Zygote  (   33): Preloaded drawable resource #0x10801f1 (res/drawable-hdpi/jog_tab_bar_right_end_confirm_gray.9.png) that varies with configuration!!
W/Zygote  (   33): Preloaded drawable resource #0x10801f5 (res/drawable-hdpi/jog_tab_bar_right_end_normal.9.png) that varies with configuration!!
W/Zygote  (   33): Preloaded drawable resource #0x10801f6 (res/drawable-hdpi/jog_tab_bar_right_end_pressed.9.png) that varies with configuration!!
W/Zygote  (   33): Preloaded drawable resource #0x10801fb (res/drawable-hdpi/jog_tab_left_confirm_gray.png) that varies with configuration!!
W/Zygote  (   33): Preloaded drawable resource #0x1080200 (res/drawable-hdpi/jog_tab_left_normal.png) that varies with configuration!!
W/Zygote  (   33): Preloaded drawable resource #0x1080201 (res/drawable-hdpi/jog_tab_left_pressed.png) that varies with configuration!!
W/Zygote  (   33): Preloaded drawable resource #0x1080203 (res/drawable-hdpi/jog_tab_right_confirm_gray.png) that varies with configuration!!
W/Zygote  (   33): Preloaded drawable resource #0x1080209 (res/drawable-hdpi/jog_tab_right_normal.png) that varies with configuration!!
W/Zygote  (   33): Preloaded drawable resource #0x108020a (res/drawable-hdpi/jog_tab_right_pressed.png) that varies with configuration!!
W/Zygote  (   33): Preloaded drawable resource #0x108020d (res/drawable-hdpi/jog_tab_target_gray.png) that varies with configuration!!
I/Zygote  (   33): ...preloaded 61 resources in 665ms.
I/Zygote  (   33): ...preloaded 15 resources in 24ms.
D/dalvikvm(   33): GC_EXPLICIT freed 503 objects / 37880 bytes in 50ms
D/dalvikvm(   33): GC_EXPLICIT freed 150 objects / 5808 bytes in 48ms
D/dalvikvm(   33): GC_EXPLICIT freed 2 objects / 48 bytes in 48ms
I/dalvikvm(   33): System server process 60 has been created
I/Zygote  (   33): Accepting command socket connections
E/BatteryService(   60): usbOnlinePath not found
E/BatteryService(   60): batteryVoltagePath not found
E/BatteryService(   60): batteryTemperaturePath not found
I/sysproc (   60): Entered system_init()
I/sysproc (   60): ServiceManager: 0x11ff90
I/SurfaceFlinger(   60): SurfaceFlinger is starting
I/SurfaceFlinger(   60): SurfaceFlinger's main thread ready to run. Initializing graphics H/W...
E/SurfaceFlinger(   60): Couldn't open /sys/power/wait_for_fb_sleep or /sys/power/wait_for_fb_wake
I/gralloc (   60): using (fd=24)
I/gralloc (   60): id           = 
I/gralloc (   60): xres         = 480 px
I/gralloc (   60): yres         = 800 px
I/gralloc (   60): xres_virtual = 480 px
I/gralloc (   60): yres_virtual = 1600 px
I/gralloc (   60): bpp          = 16
I/gralloc (   60): r            = 11:5
I/gralloc (   60): g            =  5:6
I/gralloc (   60): b            =  0:5
I/gralloc (   60): width        = 74 mm (164.756760 dpi)
I/gralloc (   60): height       = 123 mm (165.203247 dpi)
I/gralloc (   60): refresh rate = 60.00 Hz
D/libEGL  (   60): egl.cfg not found, using default config
D/libEGL  (   60): loaded /system/lib/egl/libGLES_android.so
I/SurfaceFlinger(   60): EGL informations:
I/SurfaceFlinger(   60): # of configs : 8
I/SurfaceFlinger(   60): vendor    : Android
I/SurfaceFlinger(   60): version   : 1.4 Android META-EGL
I/SurfaceFlinger(   60): extensions: EGL_KHR_image EGL_KHR_image_base EGL_KHR_image_pixmap EGL_ANDROID_image_native_buffer EGL_ANDROID_swap_rectangle EGL_ANDROID_get_render_buffer 
I/SurfaceFlinger(   60): Client API: OpenGL ES
I/SurfaceFlinger(   60): EGLSurface: 5-6-5-0, config=0x1000000
I/SurfaceFlinger(   60): flags     : 001c0000
I/SurfaceFlinger(   60): OpenGL informations:
I/SurfaceFlinger(   60): vendor    : Android
I/SurfaceFlinger(   60): renderer  : Android PixelFlinger 1.3
I/SurfaceFlinger(   60): version   : OpenGL ES-CM 1.0
I/SurfaceFlinger(   60): extensions: GL_OES_byte_coordinates GL_OES_fixed_point GL_OES_single_precision GL_OES_read_format GL_OES_compressed_paletted_texture GL_OES_draw_texture GL_OES_matrix_get GL_OES_query_matrix GL_OES_EGL_image GL_OES_compressed_ETC1_RGB8_texture GL_ARB_texture_compression GL_ARB_texture_non_power_of_two GL_ANDROID_user_clip_plane GL_ANDROID_vertex_buffer_object GL_ANDROID_generate_mipmap 
I/SurfaceFlinger(   60): GL_MAX_TEXTURE_SIZE = 4096
I/SurfaceFlinger(   60): GL_MAX_VIEWPORT_DIMS = 4096
I/sysproc (   60): System server: starting Android runtime.
I/sysproc (   60): System server: starting Android services.
I/SystemServer(   60): Entered the Android system server!
I/sysproc (   60): System server: entering thread pool.
I/SystemServer(   60): Entropy Service
I/SystemServer(   60): Power Manager
I/SystemServer(   60): Activity Manager
I/ActivityManager(   60): Memory class: 24
I/BootAnimation(   70): boot animation disabled
W/UsageStats(   60): Usage stats version changed; dropping
I/SystemServer(   60): Telephony Registry
I/SystemServer(   60): Package Manager
I/Installer(   60): connecting...
I/installd(   35): new connection
I/PackageManager(   60): Libs: android.test.runner:/system/framework/android.test.runner.jar javax.obex:/system/framework/javax.obex.jar
I/PackageManager(   60): Features: android.hardware.camera android.hardware.camera.autofocus
D/dalvikvm(   60): GC_FOR_MALLOC freed 5052 objects / 223840 bytes in 105ms
W/PackageManager(   60): Running ENG build: no pre-dexopt!
D/PackageManager(   60): Scanning app dir /system/framework
D/PackageManager(   60): Scanning app dir /system/app
D/dalvikvm(   60): GC_FOR_MALLOC freed 7399 objects / 364960 bytes in 96ms
D/dalvikvm(   60): GC_FOR_MALLOC freed 5306 objects / 291776 bytes in 100ms
D/PackageManager(   60): Scanning app dir /data/app
D/dalvikvm(   60): GC_FOR_MALLOC freed 7007 objects / 368512 bytes in 106ms
W/PackageParser(   60): No actions in intent filter at /data/app/ApiDemos.apk Binary XML file line #1841
W/PackageParser(   60): No actions in intent filter at /data/app/ApiDemos.apk Binary XML file line #1847
W/PackageManager(   60): Package com.example.android.apis desires unavailable shared library com.example.will.never.exist; ignoring!
D/PackageManager(   60): Scanning app dir /data/app-private
I/PackageManager(   60): Time to scan packages: 3.561 seconds
W/PackageManager(   60): Unknown permission com.google.android.googleapps.permission.GOOGLE_AUTH.mail in package com.android.contacts
W/PackageManager(   60): Unknown permission android.permission.ADD_SYSTEM_SERVICE in package com.android.phone
W/PackageManager(   60): Not granting permission android.permission.SEND_DOWNLOAD_COMPLETED_INTENTS to package com.android.browser (protectionLevel=2 flags=0x1be45)
W/PackageManager(   60): Unknown permission com.google.android.gm.permission.WRITE_GMAIL in package com.android.settings
W/PackageManager(   60): Unknown permission com.google.android.gm.permission.READ_GMAIL in package com.android.settings
W/PackageManager(   60): Unknown permission com.google.android.googleapps.permission.GOOGLE_AUTH in package com.android.settings
W/PackageManager(   60): Unknown permission com.google.android.googleapps.permission.GOOGLE_AUTH in package com.android.providers.contacts
W/PackageManager(   60): Unknown permission com.google.android.googleapps.permission.GOOGLE_AUTH.cp in package com.android.providers.contacts
W/PackageManager(   60): Unknown permission com.google.android.googleapps.permission.ACCESS_GOOGLE_PASSWORD in package com.android.development
W/PackageManager(   60): Unknown permission com.google.android.googleapps.permission.GOOGLE_AUTH in package com.android.development
W/PackageManager(   60): Unknown permission com.google.android.googleapps.permission.GOOGLE_AUTH.ALL_SERVICES in package com.android.development
W/PackageManager(   60): Unknown permission com.google.android.googleapps.permission.GOOGLE_AUTH.YouTubeUser in package com.android.development
D/dalvikvm(   60): GC_EXPLICIT freed 5348 objects / 328920 bytes in 98ms
I/SystemServer(   60): Account Manager
I/SystemServer(   60): Content Manager
I/SystemServer(   60): System Content Providers
I/ActivityThread(   60): Publishing provider settings: com.android.providers.settings.SettingsProvider
I/SystemServer(   60): Battery Service
I/SystemServer(   60): Lights Service
I/SystemServer(   60): Vibrator Service
D/qemud   (   38): fdhandler_accept_event: accepting on fd 10
D/qemud   (   38): created client 0x11008 listening on fd 12
D/qemud   (   38): client_fd_receive: attempting registration for service 'hw-control'
D/qemud   (   38): client_fd_receive:    -> received channel id 3
D/qemud   (   38): client_registration: registration succeeded for client 3
I/SystemServer(   60): Alarm Manager
I/SystemServer(   60): Init Watchdog
I/SystemServer(   60): Sensor Service
D/qemud   (   38): fdhandler_accept_event: accepting on fd 10
D/qemud   (   38): created client 0xc038 listening on fd 13
D/qemud   (   38): client_fd_receive: attempting registration for service 'sensors'
D/qemud   (   38): client_fd_receive:    -> received channel id 4
D/qemud   (   38): client_registration: registration succeeded for client 4
D/qemud   (   38): fdhandler_event: disconnect on fd 13
I/SystemServer(   60): Window Manager
I/EventHub(   60): New keyboard: device->id=0x10000 devname='qwerty2' propName='hw.keyboards.65536.devname' keylayout='/system/usr/keylayout/qwerty.kl'
I/EventHub(   60): New device: path=/dev/input/event0 name=qwerty2 id=0x10000 (of 0x1) index=1 fd=47 classes=0x2f
E/EventHub(   60): could not get driver version for /dev/input/mouse0, Not a typewriter
E/EventHub(   60): could not get driver version for /dev/input/mice, Not a typewriter
I/KeyInputQueue(   60): Device added: id=0x0, name=qwerty2, classes=2f
I/KeyInputQueue(   60):   X: min=0 max=479 flat=0 fuzz=0
I/KeyInputQueue(   60):   Y: min=0 max=799 flat=0 fuzz=0
I/KeyInputQueue(   60):   Pressure: unknown values
I/KeyInputQueue(   60):   Size: unknown values
I/KeyInputQueue(   60): No virtual keys found
D/qemud   (   38): fdhandler_accept_event: accepting on fd 10
D/qemud   (   38): created client 0xc038 listening on fd 13
D/qemud   (   38): client_fd_receive: attempting registration for service 'sensors'
D/qemud   (   38): client_fd_receive:    -> received channel id 5
D/qemud   (   38): client_registration: registration succeeded for client 5
D/qemud   (   38): fdhandler_event: disconnect on fd 13
I/SystemServer(   60): Registering null Bluetooth Service (emulator)
E/System  (   60): Failure starting core service
E/System  (   60): java.lang.SecurityException
E/System  (   60): 	at android.os.BinderProxy.transact(Native Method)
E/System  (   60): 	at android.os.ServiceManagerProxy.addService(ServiceManagerNative.java:146)
E/System  (   60): 	at android.os.ServiceManager.addService(ServiceManager.java:72)
E/System  (   60): 	at com.android.server.ServerThread.run(SystemServer.java:184)
I/SystemServer(   60): Device Policy
I/SystemServer(   60): Status Bar
I/SystemServer(   60): Clipboard Service
I/SystemServer(   60): Input Method Service
I/InputManagerService(   60): Enabled input methods: com.android.inputmethod.latin/.LatinIME:com.android.inputmethod.pinyin/.PinyinIME:jp.co.omronsoft.openwnn/.OpenWnnJAJP
I/SystemServer(   60): NetStat Service
I/SystemServer(   60): NetworkManagement Service
I/SystemServer(   60): Connectivity Service
V/ConnectivityService(   60): ConnectivityService starting up
D/ConnectivityService(   60): getMobileDataEnabled returning true
V/ConnectivityService(   60): Starting Wifi Service.
I/WifiService(   60): WifiService starting up with Wi-Fi disabled
D/Tethering(   60): Tethering starting
D/NetworkManagmentService(   60): Registering observer
I/SystemServer(   60): Throttle Service
I/SystemServer(   60): Accessibility Manager
I/SystemServer(   60): Mount Service
I/SystemServer(   60): Notification Manager
D/VoldCmdListener(   29): volume list
I/SystemServer(   60): Device Storage Monitor
I/PackageManager(   60): Updating external media status from unmounted to unmounted
D/VoldCmdListener(   29): share status ums
I/SystemServer(   60): Location Manager
I/SystemServer(   60): Search Service
I/SystemServer(   60): DropBox Service
I/SystemServer(   60): Wallpaper Service
I/SystemServer(   60): Audio Service
D/dalvikvm(   60): GC_FOR_MALLOC freed 4143 objects / 246480 bytes in 109ms
D/AudioHardwareInterface(   34): setMode(NORMAL)
W/AudioPolicyManagerBase(   34): setPhoneState() setting same state 0
E/SoundPool(   60): error loading /system/media/audio/ui/Effect_Tick.ogg
W/AudioService(   60): Soundpool could not load file: /system/media/audio/ui/Effect_Tick.ogg
E/SoundPool(   60): error loading /system/media/audio/ui/KeypressStandard.ogg
W/AudioService(   60): Soundpool could not load file: /system/media/audio/ui/KeypressStandard.ogg
E/SoundPool(   60): error loading /system/media/audio/ui/KeypressSpacebar.ogg
W/AudioService(   60): Soundpool could not load file: /system/media/audio/ui/KeypressSpacebar.ogg
E/SoundPool(   60): error loading /system/media/audio/ui/KeypressDelete.ogg
W/AudioService(   60): Soundpool could not load file: /system/media/audio/ui/KeypressDelete.ogg
E/SoundPool(   60): error loading /system/media/audio/ui/KeypressReturn.ogg
W/AudioService(   60): Soundpool could not load file: /system/media/audio/ui/KeypressReturn.ogg
I/SystemServer(   60): Headset Observer
W/HeadsetObserver(   60): This kernel does not have wired headset support
I/SystemServer(   60): Dock Observer
W/DockObserver(   60): This kernel does not have dock station support
I/SystemServer(   60): UI Mode Manager Service
I/SystemServer(   60): Backup Service
V/BackupManagerService(   60): No ancestral data
I/BackupManagerService(   60): Found stale backup journal, scheduling:
I/BackupManagerService(   60):     + com.android.inputmethod.latin
I/BackupManagerService(   60):     + com.android.browser
I/BackupManagerService(   60):     + com.android.providers.userdictionary
I/BackupManagerService(   60):     + android
I/BackupManagerService(   60):     + com.android.providers.settings
I/BackupManagerService(   60): Backup enabled => false
I/SystemServer(   60): AppWidget Service
I/SystemServer(   60): Recognition Service
D/VoldCmdListener(   29): share status ums
D/StorageNotification(   60): Startup with UMS connection false (media state unmounted)
I/SystemServer(   60): DiskStats Service
I/WindowManager(   60): SAFE MODE not enabled
W/DevicePolicyManagerService(   60): failed parsing /data/system/device_policies.xml java.io.FileNotFoundException: /data/system/device_policies.xml (No such file or directory)
I/ActivityManager(   60): Config changed: { scale=1.0 imsi=0/0 loc=en_US touch=3 keys=2/1/2 nav=3/1 orien=1 layout=34 uiMode=0 seq=1}
D/PowerManagerService(   60): system ready!
I/ActivityManager(   60): Sending system update to: ComponentInfo{com.android.providers.contacts/com.android.providers.contacts.ContactsUpgradeReceiver}
I/Zygote  (   60): Process: zygote socket opened
I/ActivityManager(   60): Start proc android.process.acore for broadcast com.android.providers.contacts/.ContactsUpgradeReceiver: pid=103 uid=10000 gids={3003, 1015}
W/StatusBar(   60): No icon ID for slot ime
I/ActivityManager(   60): Launching preboot mode app: ProcessRecord{44fc6b48 103:android.process.acore/10000}
D/qemud   (   38): fdhandler_accept_event: accepting on fd 10
D/qemud   (   38): created client 0xc038 listening on fd 13
D/qemud   (   38): client_fd_receive: attempting registration for service 'sensors'
D/qemud   (   38): client_fd_receive:    -> received channel id 6
D/qemud   (   38): client_registration: registration succeeded for client 6
I/ActivityManager(   60): Starting activity: Intent { act=android.intent.action.MAIN cat=[android.intent.category.HOME] flg=0x10000000 cmp=com.android.launcher/com.android.launcher2.Launcher }
I/ActivityManager(   60): Removing system update proc: ProcessRecord{44fc6b48 103:android.process.acore/10000}
I/Process (   60): Sending signal. PID: 103 SIG: 9
I/ActivityManager(   60): System now ready
I/SystemServer(   60): Making services ready
I/ActivityManager(   60): Config changed: { scale=1.0 imsi=0/0 loc=en_US touch=3 keys=2/1/2 nav=3/1 orien=1 layout=34 uiMode=17 seq=2}
D/StatusBar(   60): DISABLE_EXPAND: yes
W/RecognitionManagerService(   60): no available voice recognition services found
I/ARMAssembler(   60): generated scanline__00000177:03515104_00001001_00000000 [ 91 ipp] (114 ins) at [0x2dd770:0x2dd938] in 7652720 ns
I/ActivityManager(   60): Start proc jp.co.omronsoft.openwnn for service jp.co.omronsoft.openwnn/.OpenWnnJAJP: pid=112 uid=10023 gids={}
I/ARMAssembler(   60): generated scanline__00000177:03515104_00000001_00000000 [ 73 ipp] (95 ins) at [0x2e7928:0x2e7aa4] in 577587 ns
D/libhardware_legacy(   60): using QEMU GPS Hardware emulation
D/NetworkManagmentService(   60): Registering observer
E/ThrottleService(   60): Could not open GPS configuration file /etc/gps.conf
I/ActivityManager(   60): Start proc com.android.phone for added application com.android.phone: pid=117 uid=1001 gids={3002, 3001, 3003, 1015}
I/ActivityManager(   60): Start proc com.android.launcher for activity com.android.launcher/com.android.launcher2.Launcher: pid=119 uid=10025 gids={}
D/dalvikvm(   60): GC_FOR_MALLOC freed 5578 objects / 316656 bytes in 628ms
I/ActivityManager(   60): Start proc com.android.settings for broadcast com.android.settings/.widget.SettingsAppWidgetProvider: pid=122 uid=1000 gids={3002, 3001, 3003}
W/GpsLocationProvider(   60): Could not open GPS configuration file /etc/gps.conf
E/logwrapper(  144): executing /system/bin/tc failed: No such file or directory
I/logwrapper(   30): /system/bin/tc terminated by exit(255)
E/logwrapper(  145): executing /system/bin/tc failed: No such file or directory
I/logwrapper(   30): /system/bin/tc terminated by exit(255)
W/ActivityManager(   60): Unable to start service Intent { act=@0 }: not found
W/ActivityManager(   60): Unable to start service Intent { act=@0 }: not found
E/logwrapper(  146): executing /system/bin/tc failed: No such file or directory
I/logwrapper(   30): /system/bin/tc terminated by exit(255)
I/ActivityThread(  117): Publishing provider mms: com.android.providers.telephony.MmsProvider
D/qemud   (   38): fdhandler_accept_event: accepting on fd 10
D/qemud   (   38): created client 0xc088 listening on fd 14
D/qemud   (   38): client_fd_receive: attempting registration for service 'gps'
D/qemud   (   38): client_fd_receive:    -> received channel id 7
D/qemud   (   38): client_registration: registration succeeded for client 7
I/ActivityThread(  117): Publishing provider sms: com.android.providers.telephony.SmsProvider
I/ActivityThread(  117): Publishing provider telephony: com.android.providers.telephony.TelephonyProvider
I/ActivityThread(  117): Publishing provider icc: com.android.phone.IccProvider
I/ActivityThread(  119): Publishing provider com.android.launcher2.settings: com.android.launcher2.LauncherProvider
I/ActivityThread(  117): Publishing provider mms-sms: com.android.providers.telephony.MmsSmsProvider
D/dalvikvm(  112): No JNI_OnLoad found in /system/lib/libwnndict.so 0x44e7e588, skipping init
D/dalvikvm(  119): GC_EXTERNAL_ALLOC freed 968 objects / 72584 bytes in 241ms
D/dalvikvm(  112): GC_FOR_MALLOC freed 1373 objects / 241160 bytes in 231ms
D/dalvikvm(   60): GC_EXTERNAL_ALLOC freed 3815 objects / 239744 bytes in 401ms
D/dalvikvm(  112): GC_FOR_MALLOC freed 390 objects / 393656 bytes in 259ms
D/ConnectivityService(   60): getMobileDataEnabled returning true
I/ARMAssembler(   60): generated scanline__00000077:03545404_00000004_00000000 [ 47 ipp] (67 ins) at [0x3068a0:0x3069ac] in 1441035 ns
I/ARMAssembler(   60): generated scanline__00000077:03010104_00000004_00000000 [ 22 ipp] (41 ins) at [0x2ef678:0x2ef71c] in 640165 ns
I/ActivityManager(   60): Start proc android.process.acore for content provider com.android.providers.contacts/.CallLogProvider: pid=158 uid=10000 gids={3003, 1015}
D/PhoneApp(  117): onCreate: mProximityWakeLock: null
W/ActivityManager(   60): Unable to start service Intent { act=com.android.ussd.IExtendedNetworkService }: not found
D/PhoneApp(  117): Resetting audio state/mode: IDLE
D/AlarmManagerService(   60): Kernel timezone updated to -330 minutes west of GMT
D/SystemClock(  117): Setting time of day to sec=1308206678
W/SystemClock(  117): Unable to set rtc to 1308206678: Invalid argument
I/ActivityManager(   60): Start proc com.android.alarmclock for broadcast com.android.alarmclock/.AlarmInitReceiver: pid=165 uid=10009 gids={}
D/MobileDataStateTracker(   60): default Received state= DISCONNECTED, old= DISCONNECTED, reason= radioTurnedOff, apnTypeList= default
I/ActivityThread(  158): Publishing provider com.android.social: com.android.providers.contacts.SocialProvider
D/MobileDataStateTracker(   60): default Received state= DISCONNECTED, old= DISCONNECTED, reason= gprsDetached, apnTypeList= default
I/ActivityThread(  158): Publishing provider applications: com.android.providers.applications.ApplicationsProvider
D/dalvikvm(   60): GREF has increased to 201
D/dalvikvm(  117): GC_FOR_MALLOC freed 3666 objects / 221232 bytes in 1199ms
I/ActivityThread(  165): Publishing provider com.android.alarmclock: com.android.alarmclock.AlarmProvider
W/ActivityManager(   60): Activity idle timeout for HistoryRecord{4501d100 com.android.launcher/com.android.launcher2.Launcher}
D/PowerManagerService(   60): bootCompleted
D/VoldCmdListener(   29): volume mount /mnt/sdcard
I/Vold    (   29): /dev/block/vold/179:0 being considered for volume sdcard
D/Vold    (   29): Volume sdcard state changing 1 (Idle-Unmounted) -> 3 (Checking)
D/MccTable(  117): updateMccMncConfiguration: mcc=310, mnc=260
D/MobileDataStateTracker(   60): default Received state= DISCONNECTED, old= DISCONNECTED, reason= (unspecified), apnTypeList= default
D/MccTable(  117): locale set to en_us
D/MccTable(  117): WIFI_NUM_ALLOWED_CHANNELS set to 11
I/WifiService(   60): WifiService trying to setNumAllowed to 11 with persist set to true
I/ActivityThread(  158): Publishing provider contacts;com.android.contacts: com.android.providers.contacts.ContactsProvider2
I/ActivityManager(   60): Config changed: { scale=1.0 imsi=310/260 loc=en_US touch=3 keys=2/1/2 nav=3/1 orien=1 layout=34 uiMode=17 seq=3}
I/UsageStats(   60): Unexpected resume of com.android.launcher while already resumed in com.android.launcher
I/StorageNotification(   60): Media {/mnt/sdcard} state changed from {unmounted} -> {checking}
D/TelephonyProvider(  117): Setting numeric '310260' to be the current operator
D/OtaStartupReceiver(  117): Not a CDMA phone, no need to process OTA
D/dalvikvm(   60): GC_FOR_MALLOC freed 8991 objects / 421312 bytes in 824ms
I/ActivityManager(   60): Start proc android.process.media for broadcast com.android.providers.downloads/.DownloadReceiver: pid=187 uid=10002 gids={1015, 1006, 2001, 3003}
D/MobileDataStateTracker(   60): default Received state= CONNECTING, old= DISCONNECTED, reason= simLoaded, apnTypeList= *
D/NetworkStateTracker(   60): setDetailed state, old =IDLE and new state=CONNECTING
D/ConnectivityService(   60): ConnectivityChange for mobile: CONNECTING/CONNECTING
I/RecoverySystem(   60): No recovery log file
D/MobileDataStateTracker(   60): replacing old mInterfaceName (null) with /dev/omap_csmi_tty1 for hipri
D/MobileDataStateTracker(   60): replacing old mInterfaceName (null) with /dev/omap_csmi_tty1 for supl
D/MobileDataStateTracker(   60): replacing old mInterfaceName (null) with /dev/omap_csmi_tty1 for mms
D/MobileDataStateTracker(   60): default Received state= CONNECTED, old= CONNECTING, reason= simLoaded, apnTypeList= *
D/NetworkStateTracker(   60): setDetailed state, old =CONNECTING and new state=CONNECTED
D/ConnectivityService(   60): ConnectivityChange for mobile: CONNECTED/CONNECTED
V/NetworkStateTracker(   60): Setting TCP values: [4094,87380,110208,4096,16384,110208] which comes from [net.tcp.buffersize.umts]
W/WindowManager(   60): App freeze timeout expired.
W/WindowManager(   60): Force clearing freeze: AppWindowToken{45021a30 token=HistoryRecord{4501d100 com.android.launcher/com.android.launcher2.Launcher}}
D/ConnectivityService(   60): adding dns 10.0.2.3 for mobile
D/Tethering(   60): Tethering got CONNECTIVITY_ACTION
D/Tethering(   60): MasterInitialState.processMessage what=3
E/HierarchicalStateMachine(   60): TetherMaster - unhandledMessage: msg.what=3
I/SurfaceFlinger(   60): Boot is finished (28134 ms)
I/ActivityThread(  158): Publishing provider call_log: com.android.providers.contacts.CallLogProvider
I/ActivityThread(  158): Publishing provider user_dictionary: com.android.providers.userdictionary.UserDictionaryProvider
I/ActivityThread(  187): Publishing provider media: com.android.providers.media.MediaProvider
V/MediaProvider(  187): Attached volume: internal
I/ActivityThread(  187): Publishing provider downloads: com.android.providers.downloads.DownloadProvider
I/ActivityThread(  187): Publishing provider drm: com.android.providers.drm.DrmProvider
D/SntpClient(   60): request time failed: java.net.SocketException: Address family not supported by protocol
D/dalvikvm(   60): GC_EXPLICIT freed 4447 objects / 284480 bytes in 177ms
I/ActivityManager(   60): Start proc com.android.mms for broadcast com.android.mms/.transaction.MmsSystemEventReceiver: pid=199 uid=10015 gids={3003, 1015}
D/AndroidRuntime(  189): 
D/AndroidRuntime(  189): >>>>>>>>>>>>>> AndroidRuntime START <<<<<<<<<<<<<<
D/AndroidRuntime(  189): CheckJNI is ON
D/dalvikvm(   33): GC_EXPLICIT freed 268 objects / 10144 bytes in 379ms
D/dalvikvm(   33): GC_EXPLICIT freed 40 objects / 1768 bytes in 183ms
D/dalvikvm(   33): GC_EXPLICIT freed 2 objects / 48 bytes in 188ms
I/SearchManagerService(   60): Building list of searchable activities
I//system/bin/fsck_msdos(   29): ** /dev/block/vold/179:0
I//system/bin/fsck_msdos(   29): ** Phase 1 - Read and Compare FATs
I//system/bin/fsck_msdos(   29): Attempting to allocate 254 KB for FAT
D/MediaScannerService(  187): start scanning volume internal
D/AndroidRuntime(  189): --- registering native functions ---
I/ActivityThread(  199): Publishing provider com.android.mms.SuggestionsProvider: com.android.mms.SuggestionsProvider
I/ActivityManager(   60): Start proc com.android.email for broadcast com.android.email/com.android.exchange.BootReceiver: pid=218 uid=10030 gids={3003, 1015}
I/ActivityManager(   60): Start proc com.android.defcontainer for service com.android.defcontainer/.DefaultContainerService: pid=227 uid=10010 gids={1015, 2001}
I//system/bin/fsck_msdos(   29): Attempting to allocate 254 KB for FAT
I/ActivityThread(  218): Publishing provider com.android.email.provider: com.android.email.provider.EmailProvider
I/ActivityThread(  218): Publishing provider com.android.email.attachmentprovider: com.android.email.provider.AttachmentProvider
I/ActivityThread(  218): Publishing provider com.android.exchange.provider: com.android.exchange.provider.ExchangeProvider
D/Exchange(  218): BootReceiver onReceive
I/ActivityManager(   60): Start proc com.android.protips for broadcast com.android.protips/.ProtipWidget: pid=237 uid=10007 gids={}
D/EAS SyncManager(  218): !!! EAS SyncManager, onCreate
D/EAS SyncManager(  218): !!! EAS SyncManager, onStartCommand
D/EAS SyncManager(  218): !!! EAS SyncManager, stopping self
D/Eas Debug(  218): Logging: 
D/EAS SyncManager(  218): !!! EAS SyncManager, onDestroy
I//system/bin/fsck_msdos(   29): ** Phase 2 - Check Cluster Chains
I//system/bin/fsck_msdos(   29): ** Phase 3 - Checking Directories
I//system/bin/fsck_msdos(   29): ** Phase 4 - Checking for Lost Files
I//system/bin/fsck_msdos(   29): 3 files, 32242 free (64485 clusters)
I/logwrapper(   29): /system/bin/fsck_msdos terminated by exit(0)
I/Vold    (   29): Filesystem check completed OK
I/Vold    (   29): Device /dev/block/vold/179:0, target /mnt/sdcard mounted @ /mnt/secure/staging
D/Vold    (   29): Volume sdcard state changing 3 (Checking) -> 4 (Mounted)
I/PackageManager(   60): Updating external media status from unmounted to mounted
I/StorageNotification(   60): Media {/mnt/sdcard} state changed from {checking} -> {mounted}
D/KeyguardViewMediator(   60): pokeWakelock(5000)
D/dalvikvm(  227): GC_EXPLICIT freed 602 objects / 49192 bytes in 173ms
D/KeyguardViewMediator(   60): pokeWakelock(5000)
I/ActivityManager(   60): Displayed activity com.android.launcher/com.android.launcher2.Launcher: 28349 ms (total 28349 ms)
I/ActivityManager(   60): Start proc com.android.quicksearchbox for broadcast com.android.quicksearchbox/.SearchWidgetProvider: pid=247 uid=10012 gids={3003}
I/ActivityThread(  247): Publishing provider com.android.quicksearchbox.google: com.android.quicksearchbox.google.GoogleSuggestionProvider
I/ActivityManager(   60): Start proc com.android.music for broadcast com.android.music/.MediaAppWidgetProvider: pid=254 uid=10022 gids={3003, 1015}
D/AlarmManagerService(   60): Kernel timezone updated to -330 minutes west of GMT
D/SystemClock(  117): Setting time of day to sec=1308206700
W/SystemClock(  117): Unable to set rtc to 1308206700: Invalid argument
D/dalvikvm(   60): GREF has increased to 301
D/MediaScanner(  187):  prescan time: 6368ms
D/MediaScanner(  187):     scan time: 93ms
D/MediaScanner(  187): postscan time: 1ms
D/MediaScanner(  187):    total time: 6462ms
D/MediaScannerService(  187): done scanning volume internal
D/MediaScannerService(  187): start scanning volume external
V/MediaProvider(  187): /mnt/sdcard volume ID: 383532294
V/MediaProvider(  187): Attached volume: external
V/MediaScanner(  187): pruneDeadThumbnailFiles... android.database.sqlite.SQLiteCursor@44ec6358
V/MediaScanner(  187): /pruneDeadThumbnailFiles... android.database.sqlite.SQLiteCursor@44ec6358
D/MediaScanner(  187):  prescan time: 269ms
D/MediaScanner(  187):     scan time: 19ms
D/MediaScanner(  187): postscan time: 75ms
D/MediaScanner(  187):    total time: 363ms
D/MediaScannerService(  187): done scanning volume external
D/VoldCmdListener(   29): asec list
I/PackageManager(   60): No secure containers on sdcard
W/PackageManager(   60): Unknown permission com.google.android.googleapps.permission.GOOGLE_AUTH.mail in package com.android.contacts
W/PackageManager(   60): Unknown permission android.permission.ADD_SYSTEM_SERVICE in package com.android.phone
W/PackageManager(   60): Not granting permission android.permission.SEND_DOWNLOAD_COMPLETED_INTENTS to package com.android.browser (protectionLevel=2 flags=0x1be45)
W/PackageManager(   60): Unknown permission com.google.android.gm.permission.WRITE_GMAIL in package com.android.settings
W/PackageManager(   60): Unknown permission com.google.android.gm.permission.READ_GMAIL in package com.android.settings
W/PackageManager(   60): Unknown permission com.google.android.googleapps.permission.GOOGLE_AUTH in package com.android.settings
W/PackageManager(   60): Unknown permission com.google.android.googleapps.permission.GOOGLE_AUTH in package com.android.providers.contacts
W/PackageManager(   60): Unknown permission com.google.android.googleapps.permission.GOOGLE_AUTH.cp in package com.android.providers.contacts
